{"phase": "cached", "frames": [0, 1, 2, 3, 4, 5, 6, 7]}
{"phase": "cached", "frames": [8, 75, 76, 77, 78, 79, 80, 81]}
{"phase": "cached", "frames": [82, 83, 84, 85, 86, 154, 155, 156]}
{"phase": "cached", "frames": [157, 158, 159, 160, 161, 162, 163, 164]}
{"phase": "cached", "frames": [165, 232, 233, 234, 235, 236, 237, 238]}
{"phase": "cached", "frames": [239, 240, 241, 242, 243, 310, 311, 312]}
{"phase": "cached", "frames": [313, 314, 315, 316, 317, 318, 319, 320]}
{"phase": "cached", "frames": [321, 388, 389, 390, 391, 392, 393, 394]}
{"phase": "cached", "frames": [395, 396, 397, 398, 399, 467, 468, 469]}
{"phase": "cached", "frames": [470, 471, 472, 473, 474, 475, 476, 477]}
{"phase": "cached", "frames": [478, 545, 546, 547, 548, 549, 550, 551]}
{"phase": "cached", "frames": [552, 553, 554, 555, 556, 623, 624, 625]}
{"phase": "cached", "frames": [626, 627, 628, 629, 630, 631, 632, 633]}
{"phase": "cached", "frames": [634]}
{"phase": "cold", "frames": [0, 1, 2, 3, 4, 5, 6, 7]}
{"phase": "cold", "frames": [8, 75, 76, 77, 78, 79, 80, 81]}
{"phase": "cold", "frames": [82, 83, 84, 85, 86, 154, 155, 156]}
{"phase": "cold", "frames": [157, 158, 159, 160, 161, 162, 163, 164]}
{"phase": "cold", "frames": [165, 232, 233, 234, 235, 236, 237, 238]}
{"phase": "cold", "frames": [239, 240, 241, 242, 243, 310, 311, 312]}
{"phase": "cold", "frames": [313, 314, 315, 316, 317, 318, 319, 320]}
{"phase": "cold", "frames": [321, 388, 389, 390, 391, 392, 393, 394]}
{"phase": "cold", "frames": [395, 396, 397, 398, 399, 467, 468, 469]}
{"phase": "cold", "frames": [470, 471, 472, 473, 474, 475, 476, 477]}
{"phase": "cold", "frames": [478, 545, 546, 547, 548, 549, 550, 551]}
{"phase": "cold", "frames": [552, 553, 554, 555, 556, 623, 624, 625]}
{"phase": "cold", "frames": [626, 627, 628, 629, 630, 631, 632, 633]}
{"phase": "cold", "frames": [634]}
{"status": "PASS", "frames": 105, "foreground_unchanged": true}
