aerender version 26.5x89
PROGRESS: Launching After Effects...
rqindex 1num 1
PROGRESS:  “2026/9/23”“16:11:09”: 开始合成“COV_adjustment_pixels”。

PROGRESS:  渲染设置: 最佳设置
PROGRESS:  品质: 最佳
PROGRESS:  分辨率: 完全
PROGRESS:  大小: 800 x 600
PROGRESS:  代理使用: 不使用代理
PROGRESS:  效果: 当前设置
PROGRESS:  磁盘高速缓存: 只读
PROGRESS:  颜色深度: 当前设置
PROGRESS:  帧混合: 对选中图层打开
PROGRESS:  场渲染: 关
PROGRESS:  Pulldown: 关
PROGRESS:  运动模糊: 对选中图层打开
PROGRESS:   
PROGRESS:  单独: 当前设置
PROGRESS:   
PROGRESS:  时间跨度: 自定义
PROGRESS:  开始: 0:00:00:00
PROGRESS:  结束: 0:00:29:24
PROGRESS:  持续时间: 0:00:30:00
PROGRESS:  帧速率: 25.00 （合成）
PROGRESS:  引导层: 全部关闭
PROGRESS:  跳过现有文件: 关
PROGRESS:  
PROGRESS:  输出模块: Photoshop
PROGRESS:  输出到: <workspace>\scripts\out\coverage-final-20260923\cancel-close-frames\frame_[#####].psd
PROGRESS:  格式: Photoshop 序列
PROGRESS:  输出信息: -
PROGRESS:  开始帧: 0
PROGRESS:  输出音频: -
PROGRESS:  通道: RGB + Alpha
PROGRESS:  深度: 数百万种以上颜色
PROGRESS:  颜色: 预乘
PROGRESS:  调整大小: -
PROGRESS:  裁剪: -
PROGRESS:  最终大小: 800 x 600
PROGRESS:  配置文件: -
PROGRESS:  嵌入配置文件: 
PROGRESS:   
PROGRESS:  渲染后动作: 无
PROGRESS:   
PROGRESS:   
PROGRESS:   
PROGRESS:  
PROGRESS:  0:00:00:00 (1): 0 秒
PROGRESS:  0:00:00:01 (2): 0 秒
PROGRESS:  0:00:00:02 (3): 0 秒
PROGRESS:  0:00:00:03 (4): 0 秒
PROGRESS:  0:00:00:04 (5): 0 秒
PROGRESS:  0:00:00:05 (6): 0 秒
PROGRESS:  0:00:00:06 (7): 0 秒
PROGRESS:  0:00:00:07 (8): 0 秒
PROGRESS:  0:00:00:08 (9): 0 秒
PROGRESS:  0:00:00:09 (10): 0 秒
PROGRESS:  0:00:00:10 (11): 0 秒
PROGRESS:  0:00:00:11 (12): 0 秒
PROGRESS:  0:00:00:12 (13): 0 秒
PROGRESS:  0:00:00:13 (14): 0 秒
PROGRESS:  0:00:00:14 (15): 0 秒
PROGRESS:  0:00:00:15 (16): 0 秒
PROGRESS:  0:00:00:16 (17): 0 秒
PROGRESS:  0:00:00:17 (18): 0 秒
PROGRESS:  0:00:00:18 (19): 0 秒
PROGRESS:  0:00:00:19 (20): 0 秒
PROGRESS:  0:00:00:20 (21): 0 秒
PROGRESS:  0:00:00:21 (22): 0 秒
PROGRESS:  0:00:00:22 (23): 0 秒
PROGRESS:  0:00:00:23 (24): 0 秒
PROGRESS:  0:00:00:24 (25): 0 秒
PROGRESS:  0:00:01:00 (26): 0 秒
PROGRESS:  0:00:01:01 (27): 0 秒
PROGRESS:  0:00:01:02 (28): 0 秒
PROGRESS:  0:00:01:03 (29): 0 秒
PROGRESS:  0:00:01:04 (30): 0 秒
PROGRESS:  0:00:01:05 (31): 0 秒
PROGRESS:  0:00:01:06 (32): 0 秒
PROGRESS:  0:00:01:07 (33): 1 秒
PROGRESS:  0:00:01:08 (34): 0 秒
PROGRESS:  0:00:01:09 (35): 0 秒
PROGRESS:  0:00:01:10 (36): 0 秒
PROGRESS:  0:00:01:11 (37): 0 秒
PROGRESS:  0:00:01:12 (38): 0 秒
PROGRESS:  0:00:01:14 (40): 0 秒
PROGRESS:  0:00:01:15 (41): 0 秒
PROGRESS:  0:00:01:16 (42): 0 秒
PROGRESS:  0:00:01:17 (43): 0 秒
PROGRESS:  0:00:01:18 (44): 0 秒
PROGRESS:  0:00:01:19 (45): 0 秒
PROGRESS:  0:00:01:21 (47): 0 秒
PROGRESS:  0:00:01:22 (48): 0 秒
PROGRESS:  0:00:01:23 (49): 0 秒
PROGRESS:  0:00:01:24 (50): 0 秒
PROGRESS:  0:00:02:00 (51): 0 秒
PROGRESS:  0:00:02:01 (52): 0 秒
PROGRESS:  0:00:02:02 (53): 0 秒
PROGRESS:  0:00:02:03 (54): 0 秒
PROGRESS:  0:00:02:04 (55): 0 秒
PROGRESS:  0:00:02:05 (56): 0 秒
PROGRESS:  0:00:02:06 (57): 0 秒
PROGRESS:  0:00:02:07 (58): 0 秒
PROGRESS:  0:00:02:08 (59): 0 秒
PROGRESS:  0:00:02:09 (60): 0 秒
PROGRESS:  0:00:02:10 (61): 0 秒
PROGRESS:  0:00:02:11 (62): 0 秒
PROGRESS:  0:00:02:12 (63): 0 秒
PROGRESS:  0:00:02:13 (64): 0 秒
PROGRESS:  0:00:02:14 (65): 0 秒
PROGRESS:  0:00:02:15 (66): 0 秒
PROGRESS:  0:00:02:16 (67): 0 秒
PROGRESS:  0:00:02:17 (68): 0 秒
PROGRESS:  0:00:02:18 (69): 0 秒
PROGRESS:  0:00:02:19 (70): 0 秒
PROGRESS:  0:00:02:20 (71): 0 秒
PROGRESS:  0:00:02:22 (73): 0 秒
PROGRESS:  0:00:02:23 (74): 0 秒
PROGRESS:  0:00:02:24 (75): 0 秒
PROGRESS:  0:00:03:00 (76): 0 秒
PROGRESS:  0:00:03:01 (77): 0 秒
PROGRESS:  0:00:03:02 (78): 0 秒
PROGRESS:  0:00:03:04 (80): 0 秒
PROGRESS:  0:00:03:05 (81): 0 秒
PROGRESS:  0:00:03:06 (82): 0 秒
PROGRESS:  0:00:03:07 (83): 0 秒
PROGRESS:  0:00:03:08 (84): 0 秒
PROGRESS:  0:00:03:09 (85): 0 秒
PROGRESS:  0:00:03:10 (86): 0 秒
PROGRESS:  0:00:03:11 (87): 0 秒
PROGRESS:  0:00:03:12 (88): 0 秒
PROGRESS:  0:00:03:13 (89): 0 秒
PROGRESS:  0:00:03:14 (90): 0 秒
PROGRESS:  0:00:03:15 (91): 0 秒
PROGRESS:  0:00:03:16 (92): 0 秒
PROGRESS:  0:00:03:17 (93): 0 秒
PROGRESS:  0:00:03:18 (94): 0 秒
PROGRESS:  0:00:03:19 (95): 0 秒
PROGRESS:  0:00:03:20 (96): 0 秒
PROGRESS:  0:00:03:21 (97): 0 秒
PROGRESS:  0:00:03:22 (98): 0 秒
PROGRESS:  0:00:03:23 (99): 0 秒
PROGRESS:  0:00:03:24 (100): 0 秒
PROGRESS:  0:00:04:00 (101): 0 秒
PROGRESS:  0:00:04:02 (103): 1 秒
PROGRESS:  0:00:04:03 (104): 0 秒
PROGRESS:  0:00:04:04 (105): 0 秒
PROGRESS:  0:00:04:05 (106): 0 秒
PROGRESS:  0:00:04:06 (107): 0 秒
PROGRESS:  0:00:04:07 (108): 0 秒
PROGRESS:  0:00:04:08 (109): 0 秒
PROGRESS:  0:00:04:09 (110): 0 秒
PROGRESS:  0:00:04:10 (111): 0 秒
PROGRESS:  0:00:04:11 (112): 0 秒
PROGRESS:  0:00:04:12 (113): 0 秒
PROGRESS:  0:00:04:13 (114): 0 秒
PROGRESS:  0:00:04:14 (115): 0 秒
PROGRESS:  0:00:04:16 (117): 0 秒
PROGRESS:  0:00:04:17 (118): 0 秒
PROGRESS:  0:00:04:18 (119): 0 秒
PROGRESS:  0:00:04:19 (120): 0 秒
PROGRESS:  0:00:04:20 (121): 0 秒
PROGRESS:  0:00:04:21 (122): 0 秒
PROGRESS:  0:00:04:22 (123): 0 秒
PROGRESS:  0:00:04:23 (124): 0 秒
PROGRESS:  0:00:04:24 (125): 0 秒
PROGRESS:  0:00:05:00 (126): 0 秒
PROGRESS:  0:00:05:01 (127): 0 秒
PROGRESS:  0:00:05:02 (128): 0 秒
PROGRESS:  0:00:05:03 (129): 0 秒
PROGRESS:  0:00:05:04 (130): 0 秒
PROGRESS:  0:00:05:05 (131): 0 秒
PROGRESS:  0:00:05:06 (132): 0 秒
PROGRESS:  0:00:05:07 (133): 0 秒
PROGRESS:  0:00:05:08 (134): 0 秒
PROGRESS:  0:00:05:09 (135): 0 秒
PROGRESS:  0:00:05:10 (136): 0 秒
PROGRESS:  0:00:05:11 (137): 0 秒
PROGRESS:  0:00:05:12 (138): 0 秒
PROGRESS:  0:00:05:13 (139): 0 秒
PROGRESS:  0:00:05:14 (140): 0 秒
PROGRESS:  0:00:05:15 (141): 0 秒
PROGRESS:  0:00:05:16 (142): 0 秒
PROGRESS:  0:00:05:17 (143): 0 秒
PROGRESS:  0:00:05:18 (144): 0 秒
PROGRESS:  0:00:05:19 (145): 0 秒
PROGRESS:  0:00:05:20 (146): 0 秒
PROGRESS:  0:00:05:21 (147): 0 秒
PROGRESS:  0:00:05:22 (148): 0 秒
PROGRESS:  0:00:05:23 (149): 0 秒
PROGRESS:  0:00:05:24 (150): 0 秒
PROGRESS:  0:00:06:00 (151): 0 秒
PROGRESS:  0:00:06:01 (152): 0 秒
PROGRESS:  0:00:06:02 (153): 0 秒
PROGRESS:  0:00:06:03 (154): 0 秒
PROGRESS:  0:00:06:04 (155): 0 秒
PROGRESS:  0:00:06:05 (156): 0 秒
PROGRESS:  0:00:06:06 (157): 0 秒
PROGRESS:  0:00:06:07 (158): 0 秒
PROGRESS:  0:00:06:08 (159): 0 秒
PROGRESS:  0:00:06:09 (160): 0 秒
PROGRESS:  0:00:06:11 (162): 0 秒
PROGRESS:  0:00:06:12 (163): 0 秒
PROGRESS:  0:00:06:13 (164): 0 秒
PROGRESS:  0:00:06:14 (165): 0 秒
PROGRESS:  0:00:06:15 (166): 0 秒
PROGRESS:  0:00:06:16 (167): 0 秒
PROGRESS:  0:00:06:17 (168): 0 秒
PROGRESS:  0:00:06:18 (169): 0 秒
PROGRESS:  0:00:06:19 (170): 0 秒
PROGRESS:  0:00:06:20 (171): 1 秒
PROGRESS:  0:00:06:21 (172): 0 秒
PROGRESS:  0:00:06:22 (173): 0 秒
PROGRESS:  0:00:06:23 (174): 0 秒
PROGRESS:  0:00:06:24 (175): 0 秒
PROGRESS:  0:00:07:00 (176): 0 秒
PROGRESS:  0:00:07:01 (177): 0 秒
PROGRESS:  0:00:07:02 (178): 0 秒
PROGRESS:  0:00:07:03 (179): 0 秒
PROGRESS:  0:00:07:04 (180): 0 秒
PROGRESS:  0:00:07:05 (181): 0 秒
PROGRESS:  0:00:07:06 (182): 0 秒
PROGRESS:  0:00:07:07 (183): 0 秒
PROGRESS:  0:00:07:08 (184): 0 秒
PROGRESS:  0:00:07:09 (185): 0 秒
PROGRESS:  0:00:07:10 (186): 0 秒
PROGRESS:  0:00:07:11 (187): 0 秒
PROGRESS:  0:00:07:12 (188): 0 秒
PROGRESS:  0:00:07:13 (189): 0 秒
PROGRESS:  0:00:07:14 (190): 0 秒
PROGRESS:  0:00:07:15 (191): 0 秒
PROGRESS:  0:00:07:16 (192): 0 秒
PROGRESS:  0:00:07:17 (193): 0 秒
PROGRESS:  0:00:07:18 (194): 0 秒
PROGRESS:  0:00:07:19 (195): 0 秒
PROGRESS:  0:00:07:20 (196): 0 秒
PROGRESS:  0:00:07:21 (197): 0 秒
PROGRESS:  0:00:07:22 (198): 0 秒
PROGRESS:  0:00:07:23 (199): 0 秒
PROGRESS:  0:00:07:24 (200): 0 秒
PROGRESS:  0:00:08:00 (201): 0 秒
PROGRESS:  0:00:08:01 (202): 0 秒
PROGRESS:  0:00:08:02 (203): 0 秒
PROGRESS:  0:00:08:03 (204): 0 秒
PROGRESS:  0:00:08:04 (205): 0 秒
PROGRESS:  0:00:08:05 (206): 0 秒
PROGRESS:  0:00:08:06 (207): 0 秒
PROGRESS:  0:00:08:07 (208): 0 秒
PROGRESS:  0:00:08:08 (209): 0 秒
PROGRESS:  0:00:08:09 (210): 0 秒
PROGRESS:  0:00:08:10 (211): 0 秒
PROGRESS:  0:00:08:11 (212): 0 秒
PROGRESS:  0:00:08:12 (213): 0 秒
PROGRESS:  0:00:08:13 (214): 0 秒
PROGRESS:  0:00:08:14 (215): 0 秒
PROGRESS:  0:00:08:15 (216): 0 秒
PROGRESS:  0:00:08:16 (217): 0 秒
PROGRESS:  0:00:08:17 (218): 0 秒
PROGRESS:  0:00:08:18 (219): 0 秒
PROGRESS:  0:00:08:19 (220): 0 秒
PROGRESS:  0:00:08:20 (221): 0 秒
PROGRESS:  0:00:08:21 (222): 0 秒
PROGRESS:  0:00:08:22 (223): 0 秒
PROGRESS:  0:00:08:23 (224): 0 秒
PROGRESS:  0:00:09:00 (226): 0 秒
PROGRESS:  0:00:09:01 (227): 0 秒
PROGRESS:  0:00:09:02 (228): 0 秒
PROGRESS:  0:00:09:03 (229): 0 秒
PROGRESS:  0:00:09:04 (230): 0 秒
PROGRESS:  0:00:09:05 (231): 0 秒
PROGRESS:  0:00:09:06 (232): 0 秒
PROGRESS:  0:00:09:07 (233): 0 秒
PROGRESS:  0:00:09:08 (234): 0 秒
PROGRESS:  0:00:09:09 (235): 0 秒
PROGRESS:  0:00:09:10 (236): 0 秒
PROGRESS:  0:00:09:11 (237): 0 秒
PROGRESS:  0:00:09:12 (238): 0 秒
PROGRESS:  0:00:09:13 (239): 1 秒
PROGRESS:  0:00:09:14 (240): 0 秒
PROGRESS:  0:00:09:15 (241): 0 秒
PROGRESS:  0:00:09:16 (242): 0 秒
PROGRESS:  0:00:09:17 (243): 0 秒
PROGRESS:  0:00:09:18 (244): 0 秒
PROGRESS:  0:00:09:19 (245): 0 秒
PROGRESS:  0:00:09:20 (246): 0 秒
PROGRESS:  0:00:09:21 (247): 0 秒
PROGRESS:  0:00:09:22 (248): 0 秒
PROGRESS:  0:00:09:23 (249): 0 秒
PROGRESS:  0:00:09:24 (250): 0 秒
PROGRESS:  0:00:10:00 (251): 0 秒
PROGRESS:  0:00:10:02 (253): 0 秒
PROGRESS:  0:00:10:03 (254): 0 秒
PROGRESS:  0:00:10:04 (255): 0 秒
PROGRESS:  0:00:10:05 (256): 0 秒
PROGRESS:  0:00:10:06 (257): 0 秒
PROGRESS:  0:00:10:07 (258): 0 秒
PROGRESS:  0:00:10:08 (259): 0 秒
PROGRESS:  0:00:10:09 (260): 0 秒
PROGRESS:  0:00:10:10 (261): 0 秒
PROGRESS:  0:00:10:11 (262): 0 秒
PROGRESS:  0:00:10:12 (263): 0 秒
PROGRESS:  0:00:10:13 (264): 0 秒
PROGRESS:  0:00:10:14 (265): 0 秒
PROGRESS:  0:00:10:15 (266): 0 秒
PROGRESS:  0:00:10:16 (267): 0 秒
PROGRESS:  0:00:10:17 (268): 0 秒
PROGRESS:  0:00:10:18 (269): 0 秒
PROGRESS:  0:00:10:19 (270): 0 秒
PROGRESS:  0:00:10:20 (271): 0 秒
PROGRESS:  0:00:10:21 (272): 0 秒
PROGRESS:  0:00:10:22 (273): 0 秒
PROGRESS:  0:00:10:23 (274): 0 秒
PROGRESS:  0:00:10:24 (275): 0 秒
PROGRESS:  0:00:11:00 (276): 0 秒
PROGRESS:  0:00:11:01 (277): 0 秒
PROGRESS:  0:00:11:02 (278): 0 秒
PROGRESS:  0:00:11:03 (279): 0 秒
PROGRESS:  0:00:11:04 (280): 0 秒
PROGRESS:  0:00:11:05 (281): 0 秒
PROGRESS:  0:00:11:06 (282): 0 秒
PROGRESS:  0:00:11:07 (283): 0 秒
PROGRESS:  0:00:11:08 (284): 0 秒
PROGRESS:  0:00:11:09 (285): 0 秒
PROGRESS:  0:00:11:10 (286): 0 秒
PROGRESS:  0:00:11:12 (288): 0 秒
PROGRESS:  0:00:11:13 (289): 0 秒
PROGRESS:  0:00:11:14 (290): 0 秒
PROGRESS:  0:00:11:15 (291): 0 秒
PROGRESS:  0:00:11:16 (292): 0 秒
PROGRESS:  0:00:11:17 (293): 0 秒
PROGRESS:  0:00:11:18 (294): 0 秒
PROGRESS:  0:00:11:19 (295): 0 秒
PROGRESS:  0:00:11:20 (296): 0 秒
PROGRESS:  0:00:11:21 (297): 0 秒
PROGRESS:  0:00:11:22 (298): 0 秒
PROGRESS:  0:00:11:23 (299): 0 秒
PROGRESS:  0:00:11:24 (300): 0 秒
PROGRESS:  0:00:12:00 (301): 0 秒
PROGRESS:  0:00:12:01 (302): 0 秒
PROGRESS:  0:00:12:02 (303): 0 秒
PROGRESS:  0:00:12:03 (304): 0 秒
PROGRESS:  0:00:12:04 (305): 0 秒
PROGRESS:  0:00:12:05 (306): 1 秒
PROGRESS:  0:00:12:07 (308): 0 秒
PROGRESS:  0:00:12:08 (309): 0 秒
PROGRESS:  0:00:12:09 (310): 0 秒
PROGRESS:  0:00:12:10 (311): 0 秒
PROGRESS:  0:00:12:11 (312): 0 秒
PROGRESS:  0:00:12:12 (313): 0 秒
PROGRESS:  0:00:12:14 (315): 0 秒
PROGRESS:  0:00:12:15 (316): 0 秒
PROGRESS:  0:00:12:16 (317): 0 秒
PROGRESS:  0:00:12:17 (318): 0 秒
PROGRESS:  0:00:12:18 (319): 0 秒
PROGRESS:  0:00:12:19 (320): 0 秒
PROGRESS:  0:00:12:20 (321): 0 秒
PROGRESS:  0:00:12:22 (323): 0 秒
PROGRESS:  0:00:12:23 (324): 0 秒
PROGRESS:  0:00:12:24 (325): 0 秒
PROGRESS:  0:00:13:00 (326): 0 秒
PROGRESS:  0:00:13:01 (327): 0 秒
PROGRESS:  0:00:13:02 (328): 0 秒
PROGRESS:  0:00:13:03 (329): 0 秒
PROGRESS:  0:00:13:04 (330): 0 秒
PROGRESS:  0:00:13:05 (331): 0 秒
PROGRESS:  0:00:13:06 (332): 0 秒
PROGRESS:  0:00:13:07 (333): 0 秒
PROGRESS:  0:00:13:08 (334): 0 秒
PROGRESS:  0:00:13:09 (335): 0 秒
PROGRESS:  0:00:13:10 (336): 0 秒
PROGRESS:  0:00:13:11 (337): 0 秒
PROGRESS:  0:00:13:12 (338): 0 秒
PROGRESS:  0:00:13:13 (339): 0 秒
PROGRESS:  0:00:13:14 (340): 0 秒
PROGRESS:  0:00:13:15 (341): 0 秒
PROGRESS:  0:00:13:16 (342): 0 秒
PROGRESS:  0:00:13:17 (343): 0 秒
PROGRESS:  0:00:13:18 (344): 0 秒
PROGRESS:  0:00:13:19 (345): 0 秒
PROGRESS:  0:00:13:20 (346): 0 秒
PROGRESS:  0:00:13:21 (347): 0 秒
PROGRESS:  0:00:13:22 (348): 0 秒
PROGRESS:  0:00:13:23 (349): 0 秒
PROGRESS:  0:00:13:24 (350): 0 秒
PROGRESS:  0:00:14:01 (352): 0 秒
PROGRESS:  0:00:14:02 (353): 0 秒
PROGRESS:  0:00:14:03 (354): 0 秒
PROGRESS:  0:00:14:04 (355): 0 秒
PROGRESS:  0:00:14:05 (356): 0 秒
PROGRESS:  0:00:14:06 (357): 0 秒
PROGRESS:  0:00:14:07 (358): 0 秒
PROGRESS:  0:00:14:08 (359): 0 秒
PROGRESS:  0:00:14:09 (360): 0 秒
PROGRESS:  0:00:14:10 (361): 0 秒
PROGRESS:  0:00:14:11 (362): 0 秒
PROGRESS:  0:00:14:12 (363): 0 秒
PROGRESS:  0:00:14:13 (364): 0 秒
PROGRESS:  0:00:14:14 (365): 0 秒
PROGRESS:  0:00:14:15 (366): 0 秒
PROGRESS:  0:00:14:16 (367): 0 秒
PROGRESS:  0:00:14:17 (368): 0 秒
PROGRESS:  0:00:14:18 (369): 0 秒
PROGRESS:  0:00:14:19 (370): 0 秒
PROGRESS:  0:00:14:20 (371): 0 秒
PROGRESS:  0:00:14:21 (372): 0 秒
PROGRESS:  0:00:14:22 (373): 0 秒
PROGRESS:  0:00:14:23 (374): 1 秒
PROGRESS:  0:00:14:24 (375): 0 秒
PROGRESS:  0:00:15:00 (376): 0 秒
PROGRESS:  0:00:15:02 (378): 0 秒
PROGRESS:  0:00:15:03 (379): 0 秒
PROGRESS:  0:00:15:04 (380): 0 秒
PROGRESS:  0:00:15:05 (381): 0 秒
PROGRESS:  0:00:15:06 (382): 0 秒
PROGRESS:  0:00:15:07 (383): 0 秒
PROGRESS:  0:00:15:08 (384): 0 秒
PROGRESS:  0:00:15:09 (385): 0 秒
PROGRESS:  0:00:15:10 (386): 0 秒
PROGRESS:  0:00:15:11 (387): 0 秒
PROGRESS:  0:00:15:12 (388): 0 秒
PROGRESS:  0:00:15:13 (389): 0 秒
PROGRESS:  0:00:15:14 (390): 0 秒
PROGRESS:  0:00:15:15 (391): 0 秒
PROGRESS:  0:00:15:16 (392): 0 秒
PROGRESS:  0:00:15:17 (393): 0 秒
PROGRESS:  0:00:15:18 (394): 0 秒
PROGRESS:  0:00:15:19 (395): 0 秒
PROGRESS:  0:00:15:20 (396): 0 秒
PROGRESS:  0:00:15:21 (397): 0 秒
PROGRESS:  0:00:15:22 (398): 0 秒
PROGRESS:  0:00:15:23 (399): 0 秒
PROGRESS:  0:00:15:24 (400): 0 秒
PROGRESS:  0:00:16:00 (401): 0 秒
PROGRESS:  0:00:16:01 (402): 0 秒
PROGRESS:  0:00:16:02 (403): 0 秒
PROGRESS:  0:00:16:04 (405): 0 秒
PROGRESS:  0:00:16:05 (406): 0 秒
PROGRESS:  0:00:16:06 (407): 0 秒
PROGRESS:  0:00:16:07 (408): 0 秒
PROGRESS:  0:00:16:08 (409): 0 秒
PROGRESS:  0:00:16:09 (410): 0 秒
PROGRESS:  0:00:16:11 (412): 0 秒
PROGRESS:  0:00:16:12 (413): 0 秒
PROGRESS:  0:00:16:13 (414): 0 秒
PROGRESS:  0:00:16:14 (415): 0 秒
PROGRESS:  0:00:16:15 (416): 0 秒
PROGRESS:  0:00:16:16 (417): 0 秒
PROGRESS:  0:00:16:18 (419): 0 秒
PROGRESS:  0:00:16:19 (420): 0 秒
PROGRESS:  0:00:16:20 (421): 0 秒
PROGRESS:  0:00:16:21 (422): 0 秒
PROGRESS:  0:00:16:22 (423): 0 秒
PROGRESS:  0:00:16:23 (424): 0 秒
PROGRESS:  0:00:16:24 (425): 0 秒
PROGRESS:  0:00:17:00 (426): 0 秒
PROGRESS:  0:00:17:01 (427): 0 秒
PROGRESS:  0:00:17:02 (428): 0 秒
PROGRESS:  0:00:17:03 (429): 0 秒
PROGRESS:  0:00:17:04 (430): 0 秒
PROGRESS:  0:00:17:05 (431): 0 秒
PROGRESS:  0:00:17:06 (432): 0 秒
PROGRESS:  0:00:17:07 (433): 0 秒
PROGRESS:  0:00:17:08 (434): 0 秒
PROGRESS:  0:00:17:09 (435): 0 秒
PROGRESS:  0:00:17:10 (436): 0 秒
PROGRESS:  0:00:17:11 (437): 0 秒
PROGRESS:  0:00:17:13 (439): 0 秒
PROGRESS:  0:00:17:14 (440): 0 秒
PROGRESS:  0:00:17:15 (441): 1 秒
PROGRESS:  0:00:17:16 (442): 0 秒
PROGRESS:  0:00:17:17 (443): 0 秒
PROGRESS:  0:00:17:18 (444): 0 秒
PROGRESS:  0:00:17:19 (445): 0 秒
PROGRESS:  0:00:17:20 (446): 0 秒
PROGRESS:  0:00:17:21 (447): 0 秒
PROGRESS:  0:00:17:22 (448): 0 秒
PROGRESS:  0:00:17:23 (449): 0 秒
PROGRESS:  0:00:17:24 (450): 0 秒
PROGRESS:  0:00:18:00 (451): 0 秒
PROGRESS:  0:00:18:01 (452): 0 秒
PROGRESS:  0:00:18:02 (453): 0 秒
PROGRESS:  0:00:18:03 (454): 0 秒
PROGRESS:  0:00:18:04 (455): 0 秒
PROGRESS:  0:00:18:05 (456): 0 秒
PROGRESS:  0:00:18:06 (457): 0 秒
PROGRESS:  0:00:18:08 (459): 0 秒
PROGRESS:  0:00:18:09 (460): 0 秒
PROGRESS:  0:00:18:10 (461): 0 秒
PROGRESS:  0:00:18:11 (462): 0 秒
PROGRESS:  0:00:18:12 (463): 0 秒
PROGRESS:  0:00:18:13 (464): 0 秒
PROGRESS:  0:00:18:14 (465): 0 秒
PROGRESS:  0:00:18:15 (466): 0 秒
PROGRESS:  0:00:18:16 (467): 0 秒
PROGRESS:  0:00:18:17 (468): 0 秒
PROGRESS:  0:00:18:18 (469): 0 秒
PROGRESS:  0:00:18:19 (470): 0 秒
PROGRESS:  0:00:18:20 (471): 0 秒
PROGRESS:  0:00:18:21 (472): 0 秒
PROGRESS:  0:00:18:22 (473): 0 秒
PROGRESS:  0:00:18:23 (474): 0 秒
PROGRESS:  0:00:18:24 (475): 0 秒
PROGRESS:  0:00:19:00 (476): 0 秒
PROGRESS:  0:00:19:01 (477): 0 秒
PROGRESS:  0:00:19:02 (478): 0 秒
PROGRESS:  0:00:19:03 (479): 0 秒
PROGRESS:  0:00:19:04 (480): 0 秒
PROGRESS:  0:00:19:06 (482): 0 秒
PROGRESS:  0:00:19:07 (483): 0 秒
PROGRESS:  0:00:19:08 (484): 0 秒
PROGRESS:  0:00:19:09 (485): 0 秒
PROGRESS:  0:00:19:10 (486): 0 秒
PROGRESS:  0:00:19:11 (487): 0 秒
PROGRESS:  0:00:19:13 (489): 0 秒
PROGRESS:  0:00:19:14 (490): 0 秒
PROGRESS:  0:00:19:15 (491): 0 秒
PROGRESS:  0:00:19:16 (492): 0 秒
PROGRESS:  0:00:19:17 (493): 0 秒
PROGRESS:  0:00:19:18 (494): 0 秒
PROGRESS:  0:00:19:19 (495): 0 秒
PROGRESS:  0:00:19:21 (497): 0 秒
PROGRESS:  0:00:19:22 (498): 0 秒
PROGRESS:  0:00:19:23 (499): 0 秒
PROGRESS:  0:00:19:24 (500): 0 秒
PROGRESS:  0:00:20:00 (501): 0 秒
PROGRESS:  0:00:20:01 (502): 0 秒
PROGRESS:  0:00:20:02 (503): 0 秒
PROGRESS:  0:00:20:03 (504): 0 秒
PROGRESS:  0:00:20:04 (505): 0 秒
PROGRESS:  0:00:20:05 (506): 0 秒
PROGRESS:  0:00:20:06 (507): 0 秒
PROGRESS:  0:00:20:07 (508): 0 秒
PROGRESS:  0:00:20:08 (509): 0 秒
PROGRESS:  0:00:20:09 (510): 0 秒
PROGRESS:  0:00:20:10 (511): 0 秒
PROGRESS:  0:00:20:11 (512): 0 秒
PROGRESS:  0:00:20:12 (513): 1 秒
PROGRESS:  0:00:20:13 (514): 0 秒
PROGRESS:  0:00:20:14 (515): 0 秒
PROGRESS:  0:00:20:15 (516): 0 秒
PROGRESS:  0:00:20:16 (517): 0 秒
PROGRESS:  0:00:20:17 (518): 0 秒
PROGRESS:  0:00:20:18 (519): 0 秒
PROGRESS:  0:00:20:19 (520): 0 秒
PROGRESS:  0:00:20:20 (521): 0 秒
PROGRESS:  0:00:20:22 (523): 0 秒
PROGRESS:  0:00:20:23 (524): 0 秒
PROGRESS:  0:00:20:24 (525): 0 秒
PROGRESS:  0:00:21:00 (526): 0 秒
PROGRESS:  0:00:21:01 (527): 0 秒
PROGRESS:  0:00:21:02 (528): 0 秒
PROGRESS:  0:00:21:03 (529): 0 秒
PROGRESS:  0:00:21:04 (530): 0 秒
PROGRESS:  0:00:21:05 (531): 0 秒
PROGRESS:  0:00:21:06 (532): 0 秒
PROGRESS:  0:00:21:07 (533): 0 秒
PROGRESS:  0:00:21:08 (534): 0 秒
PROGRESS:  0:00:21:09 (535): 0 秒
PROGRESS:  0:00:21:10 (536): 0 秒
PROGRESS:  0:00:21:11 (537): 0 秒
PROGRESS:  0:00:21:12 (538): 0 秒
PROGRESS:  0:00:21:13 (539): 0 秒
PROGRESS:  0:00:21:14 (540): 0 秒
PROGRESS:  0:00:21:15 (541): 0 秒
PROGRESS:  0:00:21:16 (542): 0 秒
PROGRESS:  0:00:21:17 (543): 0 秒
PROGRESS:  0:00:21:18 (544): 0 秒
PROGRESS:  0:00:21:19 (545): 0 秒
PROGRESS:  0:00:21:20 (546): 0 秒
PROGRESS:  0:00:21:21 (547): 0 秒
PROGRESS:  0:00:21:22 (548): 0 秒
PROGRESS:  0:00:21:23 (549): 0 秒
PROGRESS:  0:00:21:24 (550): 0 秒
PROGRESS:  0:00:22:01 (552): 0 秒
PROGRESS:  0:00:22:02 (553): 0 秒
PROGRESS:  0:00:22:03 (554): 0 秒
PROGRESS:  0:00:22:04 (555): 0 秒
PROGRESS:  0:00:22:05 (556): 0 秒
PROGRESS:  0:00:22:06 (557): 0 秒
PROGRESS:  0:00:22:07 (558): 0 秒
PROGRESS:  0:00:22:08 (559): 0 秒
PROGRESS:  0:00:22:09 (560): 0 秒
PROGRESS:  0:00:22:10 (561): 0 秒
PROGRESS:  0:00:22:11 (562): 0 秒
PROGRESS:  0:00:22:12 (563): 0 秒
PROGRESS:  0:00:22:13 (564): 0 秒
PROGRESS:  0:00:22:14 (565): 0 秒
PROGRESS:  0:00:22:15 (566): 0 秒
PROGRESS:  0:00:22:16 (567): 0 秒
PROGRESS:  0:00:22:17 (568): 0 秒
PROGRESS:  0:00:22:18 (569): 0 秒
PROGRESS:  0:00:22:19 (570): 0 秒
PROGRESS:  0:00:22:20 (571): 0 秒
PROGRESS:  0:00:22:21 (572): 0 秒
PROGRESS:  0:00:22:22 (573): 0 秒
PROGRESS:  0:00:22:23 (574): 0 秒
PROGRESS:  0:00:22:24 (575): 0 秒
PROGRESS:  0:00:23:00 (576): 0 秒
PROGRESS:  0:00:23:01 (577): 0 秒
PROGRESS:  0:00:23:03 (579): 0 秒
PROGRESS:  0:00:23:04 (580): 0 秒
PROGRESS:  0:00:23:05 (581): 0 秒
PROGRESS:  0:00:23:06 (582): 0 秒
PROGRESS:  0:00:23:07 (583): 0 秒
PROGRESS:  0:00:23:08 (584): 1 秒
PROGRESS:  0:00:23:09 (585): 0 秒
PROGRESS:  0:00:23:10 (586): 0 秒
PROGRESS:  0:00:23:11 (587): 0 秒
PROGRESS:  0:00:23:12 (588): 0 秒
PROGRESS:  0:00:23:13 (589): 0 秒
PROGRESS:  0:00:23:14 (590): 0 秒
PROGRESS:  0:00:23:15 (591): 0 秒
PROGRESS:  0:00:23:16 (592): 0 秒
PROGRESS:  0:00:23:17 (593): 0 秒
PROGRESS:  0:00:23:18 (594): 0 秒
PROGRESS:  0:00:23:19 (595): 0 秒
PROGRESS:  0:00:23:20 (596): 0 秒
PROGRESS:  0:00:23:21 (597): 0 秒
PROGRESS:  0:00:23:22 (598): 0 秒
PROGRESS:  0:00:23:23 (599): 0 秒
PROGRESS:  0:00:23:24 (600): 0 秒
PROGRESS:  0:00:24:00 (601): 0 秒
PROGRESS:  0:00:24:01 (602): 0 秒
PROGRESS:  0:00:24:02 (603): 0 秒
PROGRESS:  0:00:24:03 (604): 0 秒
PROGRESS:  0:00:24:04 (605): 0 秒
PROGRESS:  0:00:24:05 (606): 0 秒
PROGRESS:  0:00:24:06 (607): 0 秒
PROGRESS:  0:00:24:07 (608): 0 秒
PROGRESS:  0:00:24:08 (609): 0 秒
PROGRESS:  0:00:24:09 (610): 0 秒
PROGRESS:  0:00:24:10 (611): 0 秒
PROGRESS:  0:00:24:11 (612): 0 秒
PROGRESS:  0:00:24:12 (613): 0 秒
PROGRESS:  0:00:24:13 (614): 0 秒
PROGRESS:  0:00:24:14 (615): 0 秒
PROGRESS:  0:00:24:15 (616): 0 秒
PROGRESS:  0:00:24:16 (617): 0 秒
PROGRESS:  0:00:24:17 (618): 0 秒
PROGRESS:  0:00:24:18 (619): 0 秒
PROGRESS:  0:00:24:19 (620): 0 秒
PROGRESS:  0:00:24:20 (621): 0 秒
PROGRESS:  0:00:24:21 (622): 0 秒
PROGRESS:  0:00:24:22 (623): 0 秒
PROGRESS:  0:00:24:23 (624): 0 秒
PROGRESS:  0:00:24:24 (625): 0 秒
PROGRESS:  0:00:25:01 (627): 0 秒
PROGRESS:  0:00:25:02 (628): 0 秒
PROGRESS:  0:00:25:03 (629): 0 秒
PROGRESS:  0:00:25:04 (630): 0 秒
PROGRESS:  0:00:25:05 (631): 0 秒
PROGRESS:  0:00:25:06 (632): 0 秒
PROGRESS:  0:00:25:07 (633): 0 秒
PROGRESS:  0:00:25:08 (634): 0 秒
PROGRESS:  0:00:25:09 (635): 0 秒
PROGRESS:  0:00:25:10 (636): 0 秒
PROGRESS:  0:00:25:11 (637): 0 秒
PROGRESS:  0:00:25:12 (638): 0 秒
PROGRESS:  0:00:25:13 (639): 0 秒
PROGRESS:  0:00:25:15 (641): 1 秒
PROGRESS:  0:00:25:16 (642): 0 秒
PROGRESS:  0:00:25:17 (643): 0 秒
PROGRESS:  0:00:25:18 (644): 0 秒
PROGRESS:  0:00:25:19 (645): 0 秒
PROGRESS:  0:00:25:20 (646): 0 秒
PROGRESS:  0:00:25:21 (647): 0 秒
PROGRESS:  0:00:25:22 (648): 0 秒
PROGRESS:  0:00:25:23 (649): 0 秒
PROGRESS:  0:00:25:24 (650): 0 秒
PROGRESS:  0:00:26:00 (651): 0 秒
PROGRESS:  0:00:26:01 (652): 0 秒
PROGRESS:  0:00:26:02 (653): 0 秒
PROGRESS:  0:00:26:03 (654): 0 秒
PROGRESS:  0:00:26:04 (655): 0 秒
PROGRESS:  0:00:26:05 (656): 0 秒
PROGRESS:  0:00:26:06 (657): 0 秒
PROGRESS:  0:00:26:07 (658): 0 秒
PROGRESS:  0:00:26:08 (659): 0 秒
PROGRESS:  0:00:26:09 (660): 0 秒
PROGRESS:  0:00:26:10 (661): 0 秒
PROGRESS:  0:00:26:11 (662): 0 秒
PROGRESS:  0:00:26:12 (663): 0 秒
PROGRESS:  0:00:26:13 (664): 0 秒
PROGRESS:  0:00:26:14 (665): 0 秒
PROGRESS:  0:00:26:15 (666): 0 秒
PROGRESS:  0:00:26:16 (667): 0 秒
PROGRESS:  0:00:26:17 (668): 0 秒
PROGRESS:  0:00:26:18 (669): 0 秒
PROGRESS:  0:00:26:19 (670): 0 秒
PROGRESS:  0:00:26:20 (671): 0 秒
PROGRESS:  0:00:26:21 (672): 0 秒
PROGRESS:  0:00:26:22 (673): 0 秒
PROGRESS:  0:00:26:23 (674): 0 秒
PROGRESS:  0:00:26:24 (675): 0 秒
PROGRESS:  0:00:27:00 (676): 0 秒
PROGRESS:  0:00:27:01 (677): 0 秒
PROGRESS:  0:00:27:02 (678): 0 秒
PROGRESS:  0:00:27:03 (679): 0 秒
PROGRESS:  0:00:27:04 (680): 0 秒
PROGRESS:  0:00:27:05 (681): 0 秒
PROGRESS:  0:00:27:06 (682): 0 秒
PROGRESS:  0:00:27:07 (683): 0 秒
PROGRESS:  0:00:27:08 (684): 0 秒
PROGRESS:  0:00:27:10 (686): 0 秒
PROGRESS:  0:00:27:11 (687): 0 秒
PROGRESS:  0:00:27:12 (688): 0 秒
PROGRESS:  0:00:27:13 (689): 0 秒
PROGRESS:  0:00:27:14 (690): 0 秒
PROGRESS:  0:00:27:15 (691): 0 秒
PROGRESS:  0:00:27:16 (692): 1 秒
PROGRESS:  0:00:27:17 (693): 0 秒
PROGRESS:  0:00:27:18 (694): 0 秒
PROGRESS:  0:00:27:20 (696): 0 秒
PROGRESS:  0:00:27:21 (697): 0 秒
PROGRESS:  0:00:27:22 (698): 0 秒
PROGRESS:  0:00:27:23 (699): 0 秒
PROGRESS:  0:00:27:24 (700): 0 秒
PROGRESS:  0:00:28:00 (701): 0 秒
PROGRESS:  0:00:28:01 (702): 0 秒
PROGRESS:  0:00:28:02 (703): 0 秒
PROGRESS:  0:00:28:03 (704): 0 秒
PROGRESS:  0:00:28:05 (706): 0 秒
PROGRESS:  0:00:28:06 (707): 0 秒
PROGRESS:  0:00:28:07 (708): 0 秒
PROGRESS:  0:00:28:08 (709): 0 秒
PROGRESS:  0:00:28:09 (710): 0 秒
PROGRESS:  0:00:28:10 (711): 0 秒
PROGRESS:  0:00:28:11 (712): 0 秒
PROGRESS:  0:00:28:12 (713): 0 秒
PROGRESS:  0:00:28:13 (714): 0 秒
PROGRESS:  0:00:28:14 (715): 0 秒
PROGRESS:  0:00:28:15 (716): 0 秒
PROGRESS:  0:00:28:16 (717): 0 秒
PROGRESS:  0:00:28:17 (718): 0 秒
PROGRESS:  0:00:28:18 (719): 0 秒
PROGRESS:  0:00:28:19 (720): 0 秒
PROGRESS:  0:00:28:20 (721): 0 秒
PROGRESS:  0:00:28:21 (722): 0 秒
PROGRESS:  0:00:28:22 (723): 0 秒
PROGRESS:  0:00:28:23 (724): 0 秒
PROGRESS:  0:00:28:24 (725): 0 秒
PROGRESS:  0:00:29:00 (726): 0 秒
PROGRESS:  0:00:29:01 (727): 0 秒
PROGRESS:  0:00:29:02 (728): 0 秒
PROGRESS:  0:00:29:03 (729): 0 秒
PROGRESS:  0:00:29:04 (730): 0 秒
PROGRESS:  0:00:29:05 (731): 0 秒
PROGRESS:  0:00:29:06 (732): 0 秒
PROGRESS:  0:00:29:07 (733): 0 秒
PROGRESS:  0:00:29:08 (734): 0 秒
PROGRESS:  0:00:29:09 (735): 0 秒
PROGRESS:  0:00:29:10 (736): 0 秒
PROGRESS:  0:00:29:11 (737): 0 秒
PROGRESS:  0:00:29:12 (738): 0 秒
PROGRESS:  0:00:29:13 (739): 0 秒
PROGRESS:  0:00:29:14 (740): 0 秒
PROGRESS:  0:00:29:15 (741): 0 秒
PROGRESS:  0:00:29:16 (742): 0 秒
PROGRESS:  0:00:29:17 (743): 0 秒
PROGRESS:  0:00:29:18 (744): 0 秒
PROGRESS:  0:00:29:19 (745): 0 秒
PROGRESS:  0:00:29:20 (746): 0 秒
PROGRESS:  0:00:29:21 (747): 0 秒
PROGRESS:  0:00:29:22 (748): 0 秒
PROGRESS:  0:00:29:23 (749): 0 秒
PROGRESS:  0:00:29:24 (750): 0 秒
