     Locking 140 packages to latest compatible versions
   Compiling proc-macro2 v1.0.107
   Compiling quote v1.0.47
   Compiling unicode-ident v1.0.24
   Compiling windows-link v0.2.1
   Compiling cfg_aliases v0.2.2
   Compiling libm v0.2.16
   Compiling autocfg v1.5.1
   Compiling bitflags v2.13.1
   Compiling khronos_api v3.1.0
   Compiling equivalent v1.0.2
   Compiling cfg-if v1.0.4
   Compiling zerocopy v0.8.56
   Compiling foldhash v0.1.5
   Compiling thiserror v2.0.19
   Compiling hashbrown v0.17.1
   Compiling xml-rs v0.8.29
   Compiling log v0.4.34
   Compiling allocator-api2 v0.2.21
   Compiling foldhash v0.2.0
   Compiling ash v0.38.0+1.3.281
   Compiling unicode-width v0.2.2
   Compiling arrayvec v0.7.8
   Compiling fixedbitset v0.5.7
   Compiling parking_lot_core v0.9.12
   Compiling unicode-xid v0.2.6
   Compiling libc v0.2.189
   Compiling bit-vec v0.9.1
   Compiling khronos-egl v6.0.0
   Compiling rustc-hash v1.1.0
   Compiling hexf-parse v0.2.1
   Compiling windows-strings v0.5.1
   Compiling windows-result v0.4.1
   Compiling windows-sys v0.61.2
   Compiling naga v29.0.4
   Compiling windows-threading v0.2.1
   Compiling libloading v0.8.9
   Compiling pp-rs v0.2.1
   Compiling spirv v0.4.0+sdk-1.4.341.0
   Compiling hashbrown v0.15.5
   Compiling raw-window-handle v0.6.2
   Compiling bit-set v0.9.1
   Compiling smallvec v1.15.2
   Compiling once_cell v1.21.4
   Compiling scopeguard v1.2.0
   Compiling num-traits v0.2.19
   Compiling gpu-descriptor-types v0.2.0
   Compiling wgpu-hal v29.0.4
   Compiling lock_api v0.4.14
   Compiling presser v0.3.1
   Compiling glow v0.17.0
   Compiling range-alloc v0.1.5
   Compiling profiling v1.0.18
   Compiling hashbrown v0.16.1
   Compiling renderdoc-sys v1.1.0
   Compiling find-msvc-tools v0.1.9
   Compiling shlex v2.0.1
   Compiling wgpu-core v29.0.4
   Compiling serde_core v1.0.229
   Compiling zmij v1.0.23
   Compiling litrs v1.0.0
   Compiling wgpu v29.0.4
   Compiling serde_json v1.0.151
   Compiling itoa v1.0.18
   Compiling static_assertions v1.1.0
   Compiling indexmap v2.14.0
   Compiling constant_time_eq v0.4.2
   Compiling cpufeatures v0.3.1
   Compiling memchr v2.8.3
   Compiling dynamicfx-quality v0.1.0 (<workspace>\scripts\quality)
   Compiling pollster v1.0.1
   Compiling winapi-util v0.1.11
   Compiling gpu-descriptor v0.3.2
   Compiling cc v1.4.0
   Compiling parking_lot v0.12.5
   Compiling termcolor v1.4.1
   Compiling document-features v0.2.12
   Compiling gl_generator v0.14.0
   Compiling syn v2.0.119
   Compiling syn v3.0.4
   Compiling codespan-reporting v0.13.1
   Compiling petgraph v0.8.3
   Compiling glutin_wgl_sys v0.6.1
   Compiling blake3 v1.8.7
   Compiling thiserror-impl v2.0.19
   Compiling bytemuck_derive v1.12.0
   Compiling ordered-float v5.3.0
   Compiling windows-implement v0.60.2
   Compiling windows-interface v0.59.3
   Compiling zerocopy-derive v0.8.56
   Compiling bytemuck v1.25.2
   Compiling windows-core v0.62.2
   Compiling wgpu-types v29.0.4
   Compiling windows-collections v0.3.2
   Compiling windows-numerics v0.3.1
   Compiling windows-future v0.3.2
   Compiling windows v0.62.2
   Compiling half v2.7.1
   Compiling gpu-allocator v0.28.0
   Compiling wgpu-naga-bridge v29.0.4
   Compiling wgpu-core-deps-windows-linux-android v29.0.4
    Finished `release` profile [optimized] target(s) in 33.18s
