begin|main|66416|1|ThreadId(3)|7168|25600|1790148426499193200
begin|reader|66416|1|ThreadId(1)|7168|25600|1790148426501552300
end|reader|66416|1|ThreadId(1)|7168|25600|1790148426504075500
end|main|66416|1|ThreadId(3)|7168|25600|1790148426524379800
begin|main|66416|2|ThreadId(4)|3072|25600|1790148426543638100
begin|reader|66416|2|ThreadId(2)|3072|25600|1790148426545543300
end|reader|66416|2|ThreadId(2)|3072|25600|1790148426547439100
end|main|66416|2|ThreadId(4)|3072|25600|1790148426555326800
begin|main|66416|3|ThreadId(3)|9216|25600|1790148426629646100
begin|main|66416|4|ThreadId(5)|8192|25600|1790148426630056600
begin|main|66416|5|ThreadId(2)|6144|25600|1790148426630348400
begin|reader|66416|3|ThreadId(1)|9216|25600|1790148426632247500
begin|reader|66416|4|ThreadId(3)|8192|25600|1790148426632790100
begin|reader|66416|5|ThreadId(4)|6144|25600|1790148426633330600
end|reader|66416|4|ThreadId(3)|8192|25600|1790148426635543000
end|reader|66416|3|ThreadId(1)|9216|25600|1790148426635806300
end|reader|66416|5|ThreadId(4)|6144|25600|1790148426636129000
end|main|66416|4|ThreadId(5)|8192|25600|1790148426642585300
end|main|66416|3|ThreadId(3)|9216|25600|1790148426646968500
end|main|66416|5|ThreadId(2)|6144|25600|1790148426652350400
begin|main|66416|6|ThreadId(6)|4096|25600|1790148426680635800
begin|reader|66416|6|ThreadId(5)|4096|25600|1790148426682911900
end|reader|66416|6|ThreadId(5)|4096|25600|1790148426685358900
end|main|66416|6|ThreadId(6)|4096|25600|1790148426691969100
begin|main|66416|7|ThreadId(7)|10240|25600|1790148426718281500
begin|reader|66416|7|ThreadId(6)|10240|25600|1790148426720754300
end|reader|66416|7|ThreadId(6)|10240|25600|1790148426723449700
end|main|66416|7|ThreadId(7)|10240|25600|1790148426731691200
begin|main|66416|8|ThreadId(8)|1024|25600|1790148426754348900
begin|main|66416|9|ThreadId(3)|13312|25600|1790148426754641000
begin|main|66416|10|ThreadId(6)|15360|25600|1790148426755058300
begin|main|66416|11|ThreadId(4)|12288|25600|1790148426755253700
begin|main|66416|12|ThreadId(2)|14336|25600|1790148426755897500
begin|reader|66416|8|ThreadId(7)|1024|25600|1790148426758992100
begin|reader|66416|9|ThreadId(1)|13312|25600|1790148426760232800
begin|reader|66416|10|ThreadId(2)|12288|25600|1790148426760518800
begin|reader|66416|11|ThreadId(5)|15360|25600|1790148426760822400
begin|reader|66416|12|ThreadId(4)|14336|25600|1790148426761089400
end|reader|66416|8|ThreadId(7)|1024|25600|1790148426761918300
end|reader|66416|9|ThreadId(1)|13312|25600|1790148426763195100
end|reader|66416|10|ThreadId(2)|12288|25600|1790148426764166500
end|reader|66416|11|ThreadId(5)|15360|25600|1790148426764532900
end|reader|66416|12|ThreadId(4)|14336|25600|1790148426765031300
end|main|66416|8|ThreadId(8)|1024|25600|1790148426771080500
end|main|66416|9|ThreadId(3)|13312|25600|1790148426775149100
end|main|66416|11|ThreadId(4)|12288|25600|1790148426780625600
end|main|66416|10|ThreadId(6)|15360|25600|1790148426784432200
end|main|66416|12|ThreadId(2)|14336|25600|1790148426788482300
begin|main|66416|13|ThreadId(9)|5120|25600|1790148426803952800
begin|reader|66416|13|ThreadId(8)|5120|25600|1790148426805894300
end|reader|66416|13|ThreadId(8)|5120|25600|1790148426808659300
end|main|66416|13|ThreadId(9)|5120|25600|1790148426816354000
begin|main|66416|14|ThreadId(3)|20480|25600|1790148426846974700
begin|main|66416|15|ThreadId(6)|21504|25600|1790148426847324400
begin|main|66416|16|ThreadId(7)|16384|25600|1790148426847693500
begin|main|66416|17|ThreadId(8)|17408|25600|1790148426848112600
begin|main|66416|18|ThreadId(10)|18432|25600|1790148426848627900
begin|reader|66416|14|ThreadId(1)|20480|25600|1790148426849909900
begin|reader|66416|15|ThreadId(5)|21504|25600|1790148426850204200
begin|reader|66416|16|ThreadId(6)|16384|25600|1790148426851101700
begin|reader|66416|17|ThreadId(9)|18432|25600|1790148426851417300
begin|reader|66416|18|ThreadId(7)|17408|25600|1790148426852287900
end|reader|66416|15|ThreadId(5)|21504|25600|1790148426852912000
end|reader|66416|14|ThreadId(1)|20480|25600|1790148426853187100
end|reader|66416|16|ThreadId(6)|16384|25600|1790148426853838100
end|reader|66416|17|ThreadId(9)|18432|25600|1790148426854143300
end|reader|66416|18|ThreadId(7)|17408|25600|1790148426854882200
end|main|66416|15|ThreadId(6)|21504|25600|1790148426861018900
end|main|66416|14|ThreadId(3)|20480|25600|1790148426865099000
end|main|66416|16|ThreadId(7)|16384|25600|1790148426869636700
end|main|66416|18|ThreadId(10)|18432|25600|1790148426873414100
end|main|66416|17|ThreadId(8)|17408|25600|1790148426877406500
begin|main|66416|19|ThreadId(9)|23552|25600|1790148426886864000
begin|main|66416|20|ThreadId(2)|22528|25600|1790148426887305600
begin|main|66416|21|ThreadId(11)|0|25600|1790148426887612600
begin|reader|66416|19|ThreadId(8)|23552|25600|1790148426888391600
begin|reader|66416|20|ThreadId(4)|22528|25600|1790148426889142000
end|reader|66416|19|ThreadId(8)|23552|25600|1790148426890071300
begin|reader|66416|21|ThreadId(10)|0|25600|1790148426890450500
end|reader|66416|20|ThreadId(4)|22528|25600|1790148426891615100
end|reader|66416|21|ThreadId(10)|0|25600|1790148426893889900
end|main|66416|19|ThreadId(9)|23552|25600|1790148426899476700
end|main|66416|20|ThreadId(2)|22528|25600|1790148426903710100
end|main|66416|21|ThreadId(11)|0|25600|1790148426907803400
begin|main|66416|22|ThreadId(6)|24576|25600|1790148426927331900
begin|main|66416|23|ThreadId(3)|25600|25600|1790148426927833100
begin|main|66416|24|ThreadId(7)|28672|25600|1790148426928495700
begin|main|66416|25|ThreadId(12)|26624|25600|1790148426928779900
begin|reader|66416|22|ThreadId(5)|24576|25600|1790148426928900200
begin|reader|66416|23|ThreadId(1)|25600|25600|1790148426929463700
end|reader|66416|22|ThreadId(5)|24576|25600|1790148426930152000
begin|reader|66416|24|ThreadId(6)|28672|25600|1790148426930869500
begin|reader|66416|25|ThreadId(11)|26624|25600|1790148426931109600
end|reader|66416|23|ThreadId(1)|25600|25600|1790148426931401500
end|reader|66416|24|ThreadId(6)|28672|25600|1790148426933222100
end|reader|66416|25|ThreadId(11)|26624|25600|1790148426933492100
end|main|66416|22|ThreadId(6)|24576|25600|1790148426939761900
end|main|66416|23|ThreadId(3)|25600|25600|1790148426943437200
end|main|66416|24|ThreadId(7)|28672|25600|1790148426947583700
end|main|66416|25|ThreadId(12)|26624|25600|1790148426952460700
begin|main|66416|26|ThreadId(9)|30720|25600|1790148426969351600
begin|main|66416|27|ThreadId(8)|29696|25600|1790148426969820000
begin|main|66416|28|ThreadId(2)|31744|25600|1790148426970190800
begin|main|66416|29|ThreadId(3)|34816|25600|1790148426970481200
begin|main|66416|30|ThreadId(11)|32768|25600|1790148426970740600
begin|main|66416|31|ThreadId(6)|33792|25600|1790148426971065600
begin|main|66416|32|ThreadId(13)|2048|25600|1790148426972023600
begin|reader|66416|26|ThreadId(8)|30720|25600|1790148426972840300
begin|reader|66416|27|ThreadId(7)|29696|25600|1790148426973400700
begin|reader|66416|28|ThreadId(5)|33792|25600|1790148426975504000
begin|reader|66416|29|ThreadId(10)|32768|25600|1790148426975804700
begin|reader|66416|30|ThreadId(4)|31744|25600|1790148426976063600
begin|reader|66416|31|ThreadId(1)|34816|25600|1790148426976340100
begin|reader|66416|32|ThreadId(12)|2048|25600|1790148426976625300
end|reader|66416|26|ThreadId(8)|30720|25600|1790148426976943000
end|reader|66416|27|ThreadId(7)|29696|25600|1790148426977403900
begin|main|66416|33|ThreadId(5)|11264|25600|1790148426978171700
end|reader|66416|28|ThreadId(5)|33792|25600|1790148426978533500
end|reader|66416|29|ThreadId(10)|32768|25600|1790148426979001300
end|reader|66416|30|ThreadId(4)|31744|25600|1790148426979395300
end|reader|66416|31|ThreadId(1)|34816|25600|1790148426980143100
end|reader|66416|32|ThreadId(12)|2048|25600|1790148426980666300
end|main|66416|26|ThreadId(9)|30720|25600|1790148426985551200
end|main|66416|27|ThreadId(8)|29696|25600|1790148426989931800
begin|reader|66416|33|ThreadId(3)|11264|25600|1790148426992527400
end|main|66416|31|ThreadId(6)|33792|25600|1790148426994271600
end|reader|66416|33|ThreadId(3)|11264|25600|1790148426996063100
end|main|66416|30|ThreadId(11)|32768|25600|1790148426998413900
end|main|66416|28|ThreadId(2)|31744|25600|1790148427003206800
end|main|66416|29|ThreadId(3)|34816|25600|1790148427006941700
end|main|66416|32|ThreadId(13)|2048|25600|1790148427011396900
end|main|66416|33|ThreadId(5)|11264|25600|1790148427018166700
begin|main|66416|34|ThreadId(4)|19456|25600|1790148427023185300
begin|reader|66416|34|ThreadId(2)|19456|25600|1790148427025720400
end|reader|66416|34|ThreadId(2)|19456|25600|1790148427028338300
end|main|66416|34|ThreadId(4)|19456|25600|1790148427036464000
begin|main|66416|35|ThreadId(13)|45056|25600|1790148427072288200
begin|main|66416|36|ThreadId(12)|44032|25600|1790148427072864400
begin|main|66416|37|ThreadId(10)|27648|25600|1790148427073360900
begin|main|66416|38|ThreadId(8)|43008|25600|1790148427073843200
begin|main|66416|39|ThreadId(2)|39936|25600|1790148427074502700
begin|main|66416|40|ThreadId(6)|41984|25600|1790148427074914200
begin|main|66416|41|ThreadId(11)|40960|25600|1790148427075240700
begin|main|66416|42|ThreadId(5)|46080|25600|1790148427075516100
begin|main|66416|43|ThreadId(3)|38912|25600|1790148427075840700
begin|main|66416|44|ThreadId(7)|35840|25600|1790148427076205100
begin|main|66416|45|ThreadId(9)|37888|25600|1790148427077393600
begin|main|66416|46|ThreadId(14)|36864|25600|1790148427078501600
begin|reader|66416|35|ThreadId(10)|40960|25600|1790148427079341200
begin|reader|66416|36|ThreadId(11)|44032|25600|1790148427079622400
begin|reader|66416|37|ThreadId(9)|27648|25600|1790148427079874300
begin|reader|66416|38|ThreadId(12)|45056|25600|1790148427080790600
begin|reader|66416|39|ThreadId(1)|38912|25600|1790148427081783400
begin|reader|66416|40|ThreadId(4)|39936|25600|1790148427082057600
begin|reader|66416|41|ThreadId(7)|43008|25600|1790148427082557300
begin|reader|66416|42|ThreadId(3)|46080|25600|1790148427083742100
begin|reader|66416|43|ThreadId(5)|41984|25600|1790148427083993500
begin|reader|66416|44|ThreadId(6)|35840|25600|1790148427084307300
begin|reader|66416|45|ThreadId(8)|37888|25600|1790148427084585300
end|reader|66416|35|ThreadId(10)|40960|25600|1790148427084830600
end|reader|66416|36|ThreadId(11)|44032|25600|1790148427085181500
end|reader|66416|37|ThreadId(9)|27648|25600|1790148427085530100
begin|reader|66416|46|ThreadId(13)|36864|25600|1790148427085989800
end|reader|66416|38|ThreadId(12)|45056|25600|1790148427086425200
end|reader|66416|39|ThreadId(1)|38912|25600|1790148427087492100
end|reader|66416|40|ThreadId(4)|39936|25600|1790148427087768200
end|reader|66416|41|ThreadId(7)|43008|25600|1790148427088430500
end|reader|66416|43|ThreadId(5)|41984|25600|1790148427088815900
end|reader|66416|45|ThreadId(8)|37888|25600|1790148427089320800
end|reader|66416|42|ThreadId(3)|46080|25600|1790148427089631100
end|reader|66416|44|ThreadId(6)|35840|25600|1790148427090464800
end|reader|66416|46|ThreadId(13)|36864|25600|1790148427090863000
end|main|66416|41|ThreadId(11)|40960|25600|1790148427095908200
end|main|66416|36|ThreadId(12)|44032|25600|1790148427100649700
end|main|66416|37|ThreadId(10)|27648|25600|1790148427105250900
end|main|66416|35|ThreadId(13)|45056|25600|1790148427109711900
end|main|66416|39|ThreadId(2)|39936|25600|1790148427114001400
end|main|66416|43|ThreadId(3)|38912|25600|1790148427118050400
end|main|66416|38|ThreadId(8)|43008|25600|1790148427122401500
end|main|66416|40|ThreadId(6)|41984|25600|1790148427126688800
end|main|66416|45|ThreadId(9)|37888|25600|1790148427130735500
end|main|66416|42|ThreadId(5)|46080|25600|1790148427135071400
end|main|66416|44|ThreadId(7)|35840|25600|1790148427139401500
end|main|66416|46|ThreadId(14)|36864|25600|1790148427144106400
begin|main|66416|47|ThreadId(4)|47104|25600|1790148427146858200
begin|main|66416|48|ThreadId(11)|48128|25600|1790148427147100700
begin|reader|66416|47|ThreadId(10)|48128|25600|1790148427149177400
begin|reader|66416|48|ThreadId(2)|47104|25600|1790148427149743800
end|reader|66416|47|ThreadId(10)|48128|25600|1790148427151727500
end|reader|66416|48|ThreadId(2)|47104|25600|1790148427152777900
end|main|66416|48|ThreadId(11)|48128|25600|1790148427160054500
end|main|66416|47|ThreadId(4)|47104|25600|1790148427165134200
