begin|main|19224|1|ThreadId(2)|0|25600|1790148698695487600
end|main|19224|1|ThreadId(2)|0|25600|1790148698729140100
begin|main|19224|2|ThreadId(2)|1024|25600|1790148698750275300
end|main|19224|2|ThreadId(2)|1024|25600|1790148698769077400
begin|main|19224|3|ThreadId(2)|2048|25600|1790148698788100300
end|main|19224|3|ThreadId(2)|2048|25600|1790148698805829700
begin|main|19224|4|ThreadId(2)|3072|25600|1790148698824980400
end|main|19224|4|ThreadId(2)|3072|25600|1790148698842967600
begin|main|19224|5|ThreadId(2)|4096|25600|1790148698861731800
end|main|19224|5|ThreadId(2)|4096|25600|1790148698878931300
begin|main|19224|6|ThreadId(2)|5120|25600|1790148698896625500
end|main|19224|6|ThreadId(2)|5120|25600|1790148698918591900
begin|main|19224|7|ThreadId(2)|6144|25600|1790148698938765500
end|main|19224|7|ThreadId(2)|6144|25600|1790148698955212900
begin|main|19224|8|ThreadId(2)|7168|25600|1790148698972755900
end|main|19224|8|ThreadId(2)|7168|25600|1790148698988310200
begin|main|19224|9|ThreadId(2)|8192|25600|1790148699005522800
end|main|19224|9|ThreadId(2)|8192|25600|1790148699024793400
begin|main|19224|10|ThreadId(2)|9216|25600|1790148699043212600
end|main|19224|10|ThreadId(2)|9216|25600|1790148699060358700
begin|main|19224|11|ThreadId(2)|10240|25600|1790148699078167900
end|main|19224|11|ThreadId(2)|10240|25600|1790148699096476500
begin|main|19224|12|ThreadId(2)|11264|25600|1790148699113813800
end|main|19224|12|ThreadId(2)|11264|25600|1790148699132960000
begin|main|19224|13|ThreadId(2)|12288|25600|1790148699151545300
end|main|19224|13|ThreadId(2)|12288|25600|1790148699169058600
begin|main|19224|14|ThreadId(2)|13312|25600|1790148699188848100
end|main|19224|14|ThreadId(2)|13312|25600|1790148699205536600
begin|main|19224|15|ThreadId(2)|14336|25600|1790148699223713900
end|main|19224|15|ThreadId(2)|14336|25600|1790148699239737000
begin|main|19224|16|ThreadId(2)|15360|25600|1790148699256723000
end|main|19224|16|ThreadId(2)|15360|25600|1790148699274058600
begin|main|19224|17|ThreadId(2)|16384|25600|1790148699293517600
end|main|19224|17|ThreadId(2)|16384|25600|1790148699309323400
begin|main|19224|18|ThreadId(2)|17408|25600|1790148699326522500
end|main|19224|18|ThreadId(2)|17408|25600|1790148699345908100
begin|main|19224|19|ThreadId(2)|18432|25600|1790148699363731900
end|main|19224|19|ThreadId(2)|18432|25600|1790148699379778600
begin|main|19224|20|ThreadId(2)|19456|25600|1790148699398042200
end|main|19224|20|ThreadId(2)|19456|25600|1790148699414589500
begin|main|19224|21|ThreadId(2)|20480|25600|1790148699432811000
end|main|19224|21|ThreadId(2)|20480|25600|1790148699449853700
begin|main|19224|22|ThreadId(2)|21504|25600|1790148699468876500
end|main|19224|22|ThreadId(2)|21504|25600|1790148699485146200
begin|main|19224|23|ThreadId(2)|22528|25600|1790148699504992700
end|main|19224|23|ThreadId(2)|22528|25600|1790148699520512300
begin|main|19224|24|ThreadId(2)|23552|25600|1790148699539467300
end|main|19224|24|ThreadId(2)|23552|25600|1790148699553525800
begin|main|19224|25|ThreadId(2)|24576|25600|1790148699571355000
end|main|19224|25|ThreadId(2)|24576|25600|1790148699586083700
begin|main|19224|26|ThreadId(2)|25600|25600|1790148699604436800
end|main|19224|26|ThreadId(2)|25600|25600|1790148699621077200
begin|main|19224|27|ThreadId(2)|26624|25600|1790148699639353300
end|main|19224|27|ThreadId(2)|26624|25600|1790148699655395600
begin|main|19224|28|ThreadId(2)|27648|25600|1790148699673400000
end|main|19224|28|ThreadId(2)|27648|25600|1790148699689769700
begin|main|19224|29|ThreadId(2)|28672|25600|1790148699708821100
end|main|19224|29|ThreadId(2)|28672|25600|1790148699726378500
begin|main|19224|30|ThreadId(2)|29696|25600|1790148699745586700
end|main|19224|30|ThreadId(2)|29696|25600|1790148699761653400
begin|main|19224|31|ThreadId(2)|30720|25600|1790148699779429000
end|main|19224|31|ThreadId(2)|30720|25600|1790148699795859600
begin|main|19224|32|ThreadId(2)|31744|25600|1790148699813438300
end|main|19224|32|ThreadId(2)|31744|25600|1790148699830581100
begin|main|19224|33|ThreadId(2)|32768|25600|1790148699848743100
end|main|19224|33|ThreadId(2)|32768|25600|1790148699865241000
begin|main|19224|34|ThreadId(2)|33792|25600|1790148699883401500
end|main|19224|34|ThreadId(2)|33792|25600|1790148699900263500
begin|main|19224|35|ThreadId(2)|34816|25600|1790148699918029700
end|main|19224|35|ThreadId(2)|34816|25600|1790148699934796000
begin|main|19224|36|ThreadId(2)|35840|25600|1790148699952838500
end|main|19224|36|ThreadId(2)|35840|25600|1790148699969854000
begin|main|19224|37|ThreadId(2)|36864|25600|1790148699988312400
end|main|19224|37|ThreadId(2)|36864|25600|1790148700006115300
begin|main|19224|38|ThreadId(2)|37888|25600|1790148700024674200
end|main|19224|38|ThreadId(2)|37888|25600|1790148700043559500
begin|main|19224|39|ThreadId(2)|38912|25600|1790148700061725300
end|main|19224|39|ThreadId(2)|38912|25600|1790148700077633000
begin|main|19224|40|ThreadId(2)|39936|25600|1790148700097268500
end|main|19224|40|ThreadId(2)|39936|25600|1790148700116087300
begin|main|19224|41|ThreadId(2)|40960|25600|1790148700135882300
end|main|19224|41|ThreadId(2)|40960|25600|1790148700153829700
begin|main|19224|42|ThreadId(2)|41984|25600|1790148700171219900
end|main|19224|42|ThreadId(2)|41984|25600|1790148700189289400
begin|main|19224|43|ThreadId(2)|43008|25600|1790148700210552200
end|main|19224|43|ThreadId(2)|43008|25600|1790148700229709300
begin|main|19224|44|ThreadId(2)|44032|25600|1790148700247573800
end|main|19224|44|ThreadId(2)|44032|25600|1790148700265918000
begin|main|19224|45|ThreadId(2)|45056|25600|1790148700283874400
end|main|19224|45|ThreadId(2)|45056|25600|1790148700303395300
begin|main|19224|46|ThreadId(2)|46080|25600|1790148700322784200
end|main|19224|46|ThreadId(2)|46080|25600|1790148700341392100
begin|main|19224|47|ThreadId(2)|47104|25600|1790148700359537300
end|main|19224|47|ThreadId(2)|47104|25600|1790148700379222300
begin|main|19224|48|ThreadId(2)|48128|25600|1790148700397908900
end|main|19224|48|ThreadId(2)|48128|25600|1790148700414524200
