begin|main|74296|1|ThreadId(3)|5120|25600|1790148753177395700
end|main|74296|1|ThreadId(3)|5120|25600|1790148753217477000
begin|main|74296|2|ThreadId(4)|3072|25600|1790148753222719900
end|main|74296|2|ThreadId(4)|3072|25600|1790148753242563900
begin|main|74296|3|ThreadId(5)|6144|25600|1790148753294397100
end|main|74296|3|ThreadId(5)|6144|25600|1790148753315385700
begin|main|74296|4|ThreadId(6)|9216|25600|1790148753326766100
begin|main|74296|5|ThreadId(7)|8192|25600|1790148753327083600
begin|main|74296|6|ThreadId(8)|2048|25600|1790148753327910500
end|main|74296|4|ThreadId(6)|9216|25600|1790148753349486300
end|main|74296|5|ThreadId(7)|8192|25600|1790148753356728200
end|main|74296|6|ThreadId(8)|2048|25600|1790148753366105900
begin|main|74296|7|ThreadId(3)|11264|25600|1790148753368728500
begin|main|74296|8|ThreadId(6)|13312|25600|1790148753369102700
begin|main|74296|9|ThreadId(5)|12288|25600|1790148753369460500
begin|main|74296|10|ThreadId(7)|14336|25600|1790148753372411700
end|main|74296|9|ThreadId(5)|12288|25600|1790148753392826800
end|main|74296|8|ThreadId(6)|13312|25600|1790148753401249900
end|main|74296|7|ThreadId(3)|11264|25600|1790148753409010500
end|main|74296|10|ThreadId(7)|14336|25600|1790148753416638000
begin|main|74296|11|ThreadId(2)|0|25600|1790148753422800000
end|main|74296|11|ThreadId(2)|0|25600|1790148753442864100
begin|main|74296|12|ThreadId(5)|18432|25600|1790148753467079000
begin|main|74296|13|ThreadId(9)|16384|25600|1790148753467304700
end|main|74296|12|ThreadId(5)|18432|25600|1790148753487805700
end|main|74296|13|ThreadId(9)|16384|25600|1790148753496819200
begin|main|74296|14|ThreadId(7)|20480|25600|1790148753510867900
begin|main|74296|15|ThreadId(8)|15360|25600|1790148753511228400
begin|main|74296|16|ThreadId(3)|19456|25600|1790148753511709200
begin|main|74296|17|ThreadId(2)|21504|25600|1790148753512419200
begin|main|74296|18|ThreadId(5)|22528|25600|1790148753512797700
begin|main|74296|19|ThreadId(10)|4096|25600|1790148753513206700
end|main|74296|14|ThreadId(7)|20480|25600|1790148753538799300
end|main|74296|18|ThreadId(5)|22528|25600|1790148753545196800
end|main|74296|17|ThreadId(2)|21504|25600|1790148753554276000
end|main|74296|15|ThreadId(8)|15360|25600|1790148753562622600
end|main|74296|16|ThreadId(3)|19456|25600|1790148753572303800
begin|main|74296|20|ThreadId(11)|1024|25600|1790148753578174900
begin|main|74296|21|ThreadId(12)|7168|25600|1790148753578527100
end|main|74296|19|ThreadId(10)|4096|25600|1790148753579042100
end|main|74296|21|ThreadId(12)|7168|25600|1790148753603615700
end|main|74296|20|ThreadId(11)|1024|25600|1790148753611618600
begin|main|74296|22|ThreadId(4)|10240|25600|1790148753618223200
end|main|74296|22|ThreadId(4)|10240|25600|1790148753638972500
begin|main|74296|23|ThreadId(6)|17408|25600|1790148753710411200
begin|main|74296|24|ThreadId(11)|32768|25600|1790148753710620200
begin|main|74296|25|ThreadId(12)|31744|25600|1790148753710985300
begin|main|74296|26|ThreadId(8)|28672|25600|1790148753711294600
begin|main|74296|27|ThreadId(3)|29696|25600|1790148753711656300
begin|main|74296|28|ThreadId(5)|26624|25600|1790148753711905800
begin|main|74296|29|ThreadId(2)|27648|25600|1790148753712406800
begin|main|74296|30|ThreadId(9)|25600|25600|1790148753712699400
begin|main|74296|31|ThreadId(10)|30720|25600|1790148753713036700
begin|main|74296|32|ThreadId(13)|23552|25600|1790148753714589200
begin|main|74296|33|ThreadId(7)|24576|25600|1790148753717684500
end|main|74296|32|ThreadId(13)|23552|25600|1790148753745317700
end|main|74296|23|ThreadId(6)|17408|25600|1790148753754927100
end|main|74296|33|ThreadId(7)|24576|25600|1790148753763066800
end|main|74296|28|ThreadId(5)|26624|25600|1790148753772367400
end|main|74296|30|ThreadId(9)|25600|25600|1790148753781267600
end|main|74296|31|ThreadId(10)|30720|25600|1790148753790336400
end|main|74296|24|ThreadId(11)|32768|25600|1790148753798890500
end|main|74296|25|ThreadId(12)|31744|25600|1790148753807980700
end|main|74296|26|ThreadId(8)|28672|25600|1790148753817771900
end|main|74296|27|ThreadId(3)|29696|25600|1790148753825578300
end|main|74296|29|ThreadId(2)|27648|25600|1790148753835302700
begin|main|74296|34|ThreadId(6)|35840|25600|1790148753838041900
begin|main|74296|35|ThreadId(4)|33792|25600|1790148753838853300
begin|main|74296|36|ThreadId(8)|41984|25600|1790148753839753500
begin|main|74296|37|ThreadId(10)|38912|25600|1790148753840120400
begin|main|74296|38|ThreadId(11)|39936|25600|1790148753840456500
begin|main|74296|39|ThreadId(12)|40960|25600|1790148753840626800
begin|main|74296|40|ThreadId(13)|34816|25600|1790148753840870200
begin|main|74296|41|ThreadId(9)|37888|25600|1790148753841113400
begin|main|74296|42|ThreadId(5)|36864|25600|1790148753841789300
begin|main|74296|43|ThreadId(3)|43008|25600|1790148753845762400
end|main|74296|34|ThreadId(6)|35840|25600|1790148753872965100
end|main|74296|35|ThreadId(4)|33792|25600|1790148753881592900
end|main|74296|40|ThreadId(13)|34816|25600|1790148753890261500
end|main|74296|37|ThreadId(10)|38912|25600|1790148753899390100
end|main|74296|39|ThreadId(12)|40960|25600|1790148753908060200
end|main|74296|36|ThreadId(8)|41984|25600|1790148753916663300
end|main|74296|38|ThreadId(11)|39936|25600|1790148753926127900
end|main|74296|42|ThreadId(5)|36864|25600|1790148753934504800
end|main|74296|41|ThreadId(9)|37888|25600|1790148753943017700
end|main|74296|43|ThreadId(3)|43008|25600|1790148753952143100
begin|main|74296|44|ThreadId(4)|46080|25600|1790148753953075700
begin|main|74296|45|ThreadId(6)|45056|25600|1790148753954184800
begin|main|74296|46|ThreadId(10)|48128|25600|1790148753954551200
begin|main|74296|47|ThreadId(2)|44032|25600|1790148753954873900
begin|main|74296|48|ThreadId(13)|47104|25600|1790148753955381500
end|main|74296|44|ThreadId(4)|46080|25600|1790148753980411600
end|main|74296|45|ThreadId(6)|45056|25600|1790148753990289100
end|main|74296|47|ThreadId(2)|44032|25600|1790148753999041500
end|main|74296|48|ThreadId(13)|47104|25600|1790148754008455900
end|main|74296|46|ThreadId(10)|48128|25600|1790148754016012800
