begin|main|80740|1|ThreadId(2)|0|25600|1790148472537574100
begin|reader|80740|1|ThreadId(1)|0|25600|1790148472538634100
end|reader|80740|1|ThreadId(1)|0|25600|1790148472540831300
end|main|80740|1|ThreadId(2)|0|25600|1790148472557001800
begin|main|80740|2|ThreadId(2)|1024|25600|1790148472575649900
begin|reader|80740|2|ThreadId(1)|1024|25600|1790148472576245700
end|reader|80740|2|ThreadId(1)|1024|25600|1790148472578143700
end|main|80740|2|ThreadId(2)|1024|25600|1790148472582968700
begin|main|80740|3|ThreadId(2)|2048|25600|1790148472598334400
begin|reader|80740|3|ThreadId(1)|2048|25600|1790148472599032200
end|reader|80740|3|ThreadId(1)|2048|25600|1790148472601261400
end|main|80740|3|ThreadId(2)|2048|25600|1790148472605877200
begin|main|80740|4|ThreadId(2)|3072|25600|1790148472622573600
begin|reader|80740|4|ThreadId(1)|3072|25600|1790148472623188300
end|reader|80740|4|ThreadId(1)|3072|25600|1790148472625217300
end|main|80740|4|ThreadId(2)|3072|25600|1790148472630029800
begin|main|80740|5|ThreadId(2)|4096|25600|1790148472646554700
begin|reader|80740|5|ThreadId(1)|4096|25600|1790148472647197500
end|reader|80740|5|ThreadId(1)|4096|25600|1790148472649437400
end|main|80740|5|ThreadId(2)|4096|25600|1790148472654501100
begin|main|80740|6|ThreadId(2)|5120|25600|1790148472670822800
begin|reader|80740|6|ThreadId(1)|5120|25600|1790148472671515200
end|reader|80740|6|ThreadId(1)|5120|25600|1790148472673607200
end|main|80740|6|ThreadId(2)|5120|25600|1790148472678424800
begin|main|80740|7|ThreadId(2)|6144|25600|1790148472695677300
begin|reader|80740|7|ThreadId(1)|6144|25600|1790148472696327500
end|reader|80740|7|ThreadId(1)|6144|25600|1790148472698239300
end|main|80740|7|ThreadId(2)|6144|25600|1790148472702740700
begin|main|80740|8|ThreadId(2)|7168|25600|1790148472719682800
begin|reader|80740|8|ThreadId(1)|7168|25600|1790148472720422700
end|reader|80740|8|ThreadId(1)|7168|25600|1790148472722406300
end|main|80740|8|ThreadId(2)|7168|25600|1790148472727344700
begin|main|80740|9|ThreadId(2)|8192|25600|1790148472745124300
begin|reader|80740|9|ThreadId(1)|8192|25600|1790148472745799900
end|reader|80740|9|ThreadId(1)|8192|25600|1790148472747832900
end|main|80740|9|ThreadId(2)|8192|25600|1790148472752349400
begin|main|80740|10|ThreadId(2)|9216|25600|1790148472769140400
begin|reader|80740|10|ThreadId(1)|9216|25600|1790148472769879800
end|reader|80740|10|ThreadId(1)|9216|25600|1790148472771715600
end|main|80740|10|ThreadId(2)|9216|25600|1790148472776347100
begin|main|80740|11|ThreadId(2)|10240|25600|1790148472792123300
begin|reader|80740|11|ThreadId(1)|10240|25600|1790148472792783000
end|reader|80740|11|ThreadId(1)|10240|25600|1790148472794673900
end|main|80740|11|ThreadId(2)|10240|25600|1790148472800048500
begin|main|80740|12|ThreadId(2)|11264|25600|1790148472816742000
begin|reader|80740|12|ThreadId(1)|11264|25600|1790148472817379400
end|reader|80740|12|ThreadId(1)|11264|25600|1790148472818812000
end|main|80740|12|ThreadId(2)|11264|25600|1790148472824651500
begin|main|80740|13|ThreadId(2)|12288|25600|1790148472840389600
begin|reader|80740|13|ThreadId(1)|12288|25600|1790148472841159400
end|reader|80740|13|ThreadId(1)|12288|25600|1790148472843165100
end|main|80740|13|ThreadId(2)|12288|25600|1790148472847189100
begin|main|80740|14|ThreadId(2)|13312|25600|1790148472863834600
begin|reader|80740|14|ThreadId(1)|13312|25600|1790148472864781400
end|reader|80740|14|ThreadId(1)|13312|25600|1790148472866620200
end|main|80740|14|ThreadId(2)|13312|25600|1790148472870739600
begin|main|80740|15|ThreadId(2)|14336|25600|1790148472885785800
begin|reader|80740|15|ThreadId(1)|14336|25600|1790148472886518600
end|reader|80740|15|ThreadId(1)|14336|25600|1790148472887949900
end|main|80740|15|ThreadId(2)|14336|25600|1790148472892138500
begin|main|80740|16|ThreadId(2)|15360|25600|1790148472908455800
begin|reader|80740|16|ThreadId(1)|15360|25600|1790148472909207700
end|reader|80740|16|ThreadId(1)|15360|25600|1790148472910919200
end|main|80740|16|ThreadId(2)|15360|25600|1790148472915084300
begin|main|80740|17|ThreadId(2)|16384|25600|1790148472930742700
begin|reader|80740|17|ThreadId(1)|16384|25600|1790148472931297500
end|reader|80740|17|ThreadId(1)|16384|25600|1790148472932782500
end|main|80740|17|ThreadId(2)|16384|25600|1790148472938132400
begin|main|80740|18|ThreadId(2)|17408|25600|1790148472953772700
begin|reader|80740|18|ThreadId(1)|17408|25600|1790148472954344100
end|reader|80740|18|ThreadId(1)|17408|25600|1790148472955501100
end|main|80740|18|ThreadId(2)|17408|25600|1790148472959867700
begin|main|80740|19|ThreadId(2)|18432|25600|1790148472975751100
begin|reader|80740|19|ThreadId(1)|18432|25600|1790148472976355300
end|reader|80740|19|ThreadId(1)|18432|25600|1790148472978074900
end|main|80740|19|ThreadId(2)|18432|25600|1790148472982406500
begin|main|80740|20|ThreadId(2)|19456|25600|1790148472998506000
begin|reader|80740|20|ThreadId(1)|19456|25600|1790148472999291800
end|reader|80740|20|ThreadId(1)|19456|25600|1790148473000561700
end|main|80740|20|ThreadId(2)|19456|25600|1790148473004394700
begin|main|80740|21|ThreadId(2)|20480|25600|1790148473023348000
begin|reader|80740|21|ThreadId(1)|20480|25600|1790148473024257000
end|reader|80740|21|ThreadId(1)|20480|25600|1790148473025597700
end|main|80740|21|ThreadId(2)|20480|25600|1790148473030028500
begin|main|80740|22|ThreadId(2)|21504|25600|1790148473046429800
begin|reader|80740|22|ThreadId(1)|21504|25600|1790148473047087700
end|reader|80740|22|ThreadId(1)|21504|25600|1790148473048485900
end|main|80740|22|ThreadId(2)|21504|25600|1790148473052485500
begin|main|80740|23|ThreadId(2)|22528|25600|1790148473068672600
begin|reader|80740|23|ThreadId(1)|22528|25600|1790148473069679300
end|reader|80740|23|ThreadId(1)|22528|25600|1790148473071079600
end|main|80740|23|ThreadId(2)|22528|25600|1790148473075914000
begin|main|80740|24|ThreadId(2)|23552|25600|1790148473090768600
begin|reader|80740|24|ThreadId(1)|23552|25600|1790148473091397600
end|reader|80740|24|ThreadId(1)|23552|25600|1790148473092542900
end|main|80740|24|ThreadId(2)|23552|25600|1790148473097725200
begin|main|80740|25|ThreadId(2)|24576|25600|1790148473113005700
begin|reader|80740|25|ThreadId(1)|24576|25600|1790148473113559400
end|reader|80740|25|ThreadId(1)|24576|25600|1790148473114625900
end|main|80740|25|ThreadId(2)|24576|25600|1790148473118632300
begin|main|80740|26|ThreadId(2)|25600|25600|1790148473133720400
begin|reader|80740|26|ThreadId(1)|25600|25600|1790148473134277700
end|reader|80740|26|ThreadId(1)|25600|25600|1790148473135422600
end|main|80740|26|ThreadId(2)|25600|25600|1790148473139265300
begin|main|80740|27|ThreadId(2)|26624|25600|1790148473155046600
begin|reader|80740|27|ThreadId(1)|26624|25600|1790148473155742400
end|reader|80740|27|ThreadId(1)|26624|25600|1790148473157509500
end|main|80740|27|ThreadId(2)|26624|25600|1790148473161568200
begin|main|80740|28|ThreadId(2)|27648|25600|1790148473176289100
begin|reader|80740|28|ThreadId(1)|27648|25600|1790148473176853200
end|reader|80740|28|ThreadId(1)|27648|25600|1790148473177995900
end|main|80740|28|ThreadId(2)|27648|25600|1790148473182000100
begin|main|80740|29|ThreadId(2)|28672|25600|1790148473197827200
begin|reader|80740|29|ThreadId(1)|28672|25600|1790148473198545700
end|reader|80740|29|ThreadId(1)|28672|25600|1790148473200252300
end|main|80740|29|ThreadId(2)|28672|25600|1790148473205124600
begin|main|80740|30|ThreadId(2)|29696|25600|1790148473221692700
begin|reader|80740|30|ThreadId(1)|29696|25600|1790148473222330500
end|reader|80740|30|ThreadId(1)|29696|25600|1790148473224165000
end|main|80740|30|ThreadId(2)|29696|25600|1790148473228569500
begin|main|80740|31|ThreadId(2)|30720|25600|1790148473243791200
begin|reader|80740|31|ThreadId(1)|30720|25600|1790148473244429200
end|reader|80740|31|ThreadId(1)|30720|25600|1790148473245934200
end|main|80740|31|ThreadId(2)|30720|25600|1790148473249862500
begin|main|80740|32|ThreadId(2)|31744|25600|1790148473264813200
begin|reader|80740|32|ThreadId(1)|31744|25600|1790148473265635700
end|reader|80740|32|ThreadId(1)|31744|25600|1790148473267422600
end|main|80740|32|ThreadId(2)|31744|25600|1790148473271617600
begin|main|80740|33|ThreadId(2)|32768|25600|1790148473288474900
begin|reader|80740|33|ThreadId(1)|32768|25600|1790148473289179900
end|reader|80740|33|ThreadId(1)|32768|25600|1790148473290784300
end|main|80740|33|ThreadId(2)|32768|25600|1790148473294869000
begin|main|80740|34|ThreadId(2)|33792|25600|1790148473310307300
begin|reader|80740|34|ThreadId(1)|33792|25600|1790148473310831700
end|reader|80740|34|ThreadId(1)|33792|25600|1790148473312354000
end|main|80740|34|ThreadId(2)|33792|25600|1790148473316327000
begin|main|80740|35|ThreadId(2)|34816|25600|1790148473334418500
begin|reader|80740|35|ThreadId(1)|34816|25600|1790148473335280400
end|reader|80740|35|ThreadId(1)|34816|25600|1790148473337386500
end|main|80740|35|ThreadId(2)|34816|25600|1790148473342116000
begin|main|80740|36|ThreadId(2)|35840|25600|1790148473357756000
begin|reader|80740|36|ThreadId(1)|35840|25600|1790148473358370900
end|reader|80740|36|ThreadId(1)|35840|25600|1790148473359789800
end|main|80740|36|ThreadId(2)|35840|25600|1790148473364492800
begin|main|80740|37|ThreadId(2)|36864|25600|1790148473380414900
begin|reader|80740|37|ThreadId(1)|36864|25600|1790148473380974500
end|reader|80740|37|ThreadId(1)|36864|25600|1790148473383123100
end|main|80740|37|ThreadId(2)|36864|25600|1790148473387019300
begin|main|80740|38|ThreadId(2)|37888|25600|1790148473402935800
begin|reader|80740|38|ThreadId(1)|37888|25600|1790148473403634100
end|reader|80740|38|ThreadId(1)|37888|25600|1790148473405729200
end|main|80740|38|ThreadId(2)|37888|25600|1790148473409970300
begin|main|80740|39|ThreadId(2)|38912|25600|1790148473426515800
begin|reader|80740|39|ThreadId(1)|38912|25600|1790148473427099700
end|reader|80740|39|ThreadId(1)|38912|25600|1790148473428911500
end|main|80740|39|ThreadId(2)|38912|25600|1790148473434180800
begin|main|80740|40|ThreadId(2)|39936|25600|1790148473450229100
begin|reader|80740|40|ThreadId(1)|39936|25600|1790148473450892400
end|reader|80740|40|ThreadId(1)|39936|25600|1790148473453009000
end|main|80740|40|ThreadId(2)|39936|25600|1790148473457613800
begin|main|80740|41|ThreadId(2)|40960|25600|1790148473473335800
begin|reader|80740|41|ThreadId(1)|40960|25600|1790148473474085900
end|reader|80740|41|ThreadId(1)|40960|25600|1790148473476448500
end|main|80740|41|ThreadId(2)|40960|25600|1790148473480663200
begin|main|80740|42|ThreadId(2)|41984|25600|1790148473497610900
begin|reader|80740|42|ThreadId(1)|41984|25600|1790148473498190900
end|reader|80740|42|ThreadId(1)|41984|25600|1790148473500045700
end|main|80740|42|ThreadId(2)|41984|25600|1790148473504586000
begin|main|80740|43|ThreadId(2)|43008|25600|1790148473521004800
begin|reader|80740|43|ThreadId(1)|43008|25600|1790148473521600600
end|reader|80740|43|ThreadId(1)|43008|25600|1790148473524084400
end|main|80740|43|ThreadId(2)|43008|25600|1790148473529090300
begin|main|80740|44|ThreadId(2)|44032|25600|1790148473546215400
begin|reader|80740|44|ThreadId(1)|44032|25600|1790148473546847900
end|reader|80740|44|ThreadId(1)|44032|25600|1790148473549156000
end|main|80740|44|ThreadId(2)|44032|25600|1790148473554212300
begin|main|80740|45|ThreadId(2)|45056|25600|1790148473570461700
begin|reader|80740|45|ThreadId(1)|45056|25600|1790148473571323300
end|reader|80740|45|ThreadId(1)|45056|25600|1790148473573604800
end|main|80740|45|ThreadId(2)|45056|25600|1790148473578354500
begin|main|80740|46|ThreadId(2)|46080|25600|1790148473594673400
begin|reader|80740|46|ThreadId(1)|46080|25600|1790148473595392900
end|reader|80740|46|ThreadId(1)|46080|25600|1790148473597334200
end|main|80740|46|ThreadId(2)|46080|25600|1790148473602296400
begin|main|80740|47|ThreadId(2)|47104|25600|1790148473618542100
begin|reader|80740|47|ThreadId(1)|47104|25600|1790148473619322700
end|reader|80740|47|ThreadId(1)|47104|25600|1790148473621572300
end|main|80740|47|ThreadId(2)|47104|25600|1790148473626474600
begin|main|80740|48|ThreadId(2)|48128|25600|1790148473642031700
begin|reader|80740|48|ThreadId(1)|48128|25600|1790148473642599600
end|reader|80740|48|ThreadId(1)|48128|25600|1790148473644484900
end|main|80740|48|ThreadId(2)|48128|25600|1790148473649437400
