begin|main|61292|1|ThreadId(3)|0|25600|1790150710020453700
end|main|61292|1|ThreadId(3)|0|25600|1790150710044689100
begin|main|61292|2|ThreadId(4)|2048|25600|1790150710064409200
end|main|61292|2|ThreadId(4)|2048|25600|1790150710075927500
begin|main|61292|3|ThreadId(3)|9216|25600|1790150710135204100
begin|main|61292|4|ThreadId(5)|4096|25600|1790150710135778800
begin|main|61292|5|ThreadId(6)|8192|25600|1790150710136057100
end|main|61292|3|ThreadId(3)|9216|25600|1790150710144073900
end|main|61292|5|ThreadId(6)|8192|25600|1790150710147304800
end|main|61292|4|ThreadId(5)|4096|25600|1790150710150604800
begin|main|61292|6|ThreadId(7)|1024|25600|1790150710176617500
end|main|61292|6|ThreadId(7)|1024|25600|1790150710185194500
begin|main|61292|7|ThreadId(3)|13312|25600|1790150710211909200
begin|main|61292|8|ThreadId(8)|11264|25600|1790150710212317400
begin|main|61292|9|ThreadId(4)|10240|25600|1790150710212504000
end|main|61292|7|ThreadId(3)|13312|25600|1790150710219326300
end|main|61292|8|ThreadId(8)|11264|25600|1790150710223307800
end|main|61292|9|ThreadId(4)|10240|25600|1790150710227166900
begin|main|61292|10|ThreadId(3)|16384|25600|1790150710245581300
begin|main|61292|11|ThreadId(8)|17408|25600|1790150710247520200
begin|main|61292|12|ThreadId(7)|15360|25600|1790150710248298700
begin|main|61292|13|ThreadId(9)|5120|25600|1790150710248515100
begin|main|61292|14|ThreadId(5)|14336|25600|1790150710248906700
end|main|61292|10|ThreadId(3)|16384|25600|1790150710254454100
end|main|61292|11|ThreadId(8)|17408|25600|1790150710257773500
end|main|61292|12|ThreadId(7)|15360|25600|1790150710263448300
end|main|61292|14|ThreadId(5)|14336|25600|1790150710267025100
end|main|61292|13|ThreadId(9)|5120|25600|1790150710272398900
begin|main|61292|15|ThreadId(10)|7168|25600|1790150710291790800
end|main|61292|15|ThreadId(10)|7168|25600|1790150710299927500
begin|main|61292|16|ThreadId(5)|23552|25600|1790150710326143800
begin|main|61292|17|ThreadId(11)|18432|25600|1790150710327142600
begin|main|61292|18|ThreadId(7)|22528|25600|1790150710327652000
begin|main|61292|19|ThreadId(8)|21504|25600|1790150710327939500
begin|main|61292|20|ThreadId(4)|20480|25600|1790150710328185900
end|main|61292|16|ThreadId(5)|23552|25600|1790150710334999900
end|main|61292|17|ThreadId(11)|18432|25600|1790150710338232900
end|main|61292|18|ThreadId(7)|22528|25600|1790150710341478500
end|main|61292|19|ThreadId(8)|21504|25600|1790150710344856700
end|main|61292|20|ThreadId(4)|20480|25600|1790150710348154600
begin|main|61292|21|ThreadId(9)|24576|25600|1790150710364262400
begin|main|61292|22|ThreadId(5)|26624|25600|1790150710364528700
begin|main|61292|23|ThreadId(11)|29696|25600|1790150710365008600
begin|main|61292|24|ThreadId(12)|6144|25600|1790150710365292700
end|main|61292|21|ThreadId(9)|24576|25600|1790150710372736000
end|main|61292|22|ThreadId(5)|26624|25600|1790150710376202100
end|main|61292|23|ThreadId(11)|29696|25600|1790150710379734700
end|main|61292|24|ThreadId(12)|6144|25600|1790150710385188200
begin|main|61292|25|ThreadId(10)|25600|25600|1790150710399257100
begin|main|61292|26|ThreadId(13)|27648|25600|1790150710399499800
begin|main|61292|27|ThreadId(8)|30720|25600|1790150710399774900
end|main|61292|25|ThreadId(10)|25600|25600|1790150710406434700
end|main|61292|26|ThreadId(13)|27648|25600|1790150710409498400
end|main|61292|27|ThreadId(8)|30720|25600|1790150710413273700
begin|main|61292|28|ThreadId(11)|34816|25600|1790150710437180000
begin|main|61292|29|ThreadId(9)|32768|25600|1790150710438037800
begin|main|61292|30|ThreadId(4)|31744|25600|1790150710438581900
begin|main|61292|31|ThreadId(12)|35840|25600|1790150710439039000
begin|main|61292|32|ThreadId(2)|3072|25600|1790150710439400200
begin|main|61292|33|ThreadId(10)|36864|25600|1790150710439703600
end|main|61292|28|ThreadId(11)|34816|25600|1790150710447529900
end|main|61292|29|ThreadId(9)|32768|25600|1790150710451479300
end|main|61292|30|ThreadId(4)|31744|25600|1790150710454862300
end|main|61292|31|ThreadId(12)|35840|25600|1790150710458470000
end|main|61292|32|ThreadId(2)|3072|25600|1790150710462269900
end|main|61292|33|ThreadId(10)|36864|25600|1790150710467016800
begin|main|61292|34|ThreadId(3)|19456|25600|1790150710476715500
begin|main|61292|35|ThreadId(6)|12288|25600|1790150710477413800
begin|main|61292|36|ThreadId(5)|33792|25600|1790150710477774900
begin|main|61292|37|ThreadId(14)|37888|25600|1790150710478162000
end|main|61292|34|ThreadId(3)|19456|25600|1790150710486567500
end|main|61292|36|ThreadId(5)|33792|25600|1790150710490918300
end|main|61292|35|ThreadId(6)|12288|25600|1790150710494982500
end|main|61292|37|ThreadId(14)|37888|25600|1790150710499408200
begin|main|61292|38|ThreadId(2)|45056|25600|1790150710519269000
begin|main|61292|39|ThreadId(9)|41984|25600|1790150710520832600
begin|main|61292|40|ThreadId(13)|44032|25600|1790150710521319500
begin|main|61292|41|ThreadId(10)|46080|25600|1790150710521987000
begin|main|61292|42|ThreadId(7)|28672|25600|1790150710522455500
begin|main|61292|43|ThreadId(3)|47104|25600|1790150710522786800
begin|main|61292|44|ThreadId(4)|40960|25600|1790150710523306100
begin|main|61292|45|ThreadId(12)|39936|25600|1790150710523881000
begin|main|61292|46|ThreadId(5)|48128|25600|1790150710524410200
begin|main|61292|47|ThreadId(11)|43008|25600|1790150710524934600
begin|main|61292|48|ThreadId(8)|38912|25600|1790150710525502500
end|main|61292|38|ThreadId(2)|45056|25600|1790150710532215700
end|main|61292|39|ThreadId(9)|41984|25600|1790150710537088800
end|main|61292|40|ThreadId(13)|44032|25600|1790150710541031700
end|main|61292|41|ThreadId(10)|46080|25600|1790150710545256400
end|main|61292|42|ThreadId(7)|28672|25600|1790150710549086900
end|main|61292|44|ThreadId(4)|40960|25600|1790150710554055200
end|main|61292|43|ThreadId(3)|47104|25600|1790150710558209200
end|main|61292|45|ThreadId(12)|39936|25600|1790150710562109400
end|main|61292|46|ThreadId(5)|48128|25600|1790150710567151100
end|main|61292|48|ThreadId(8)|38912|25600|1790150710571102400
end|main|61292|47|ThreadId(11)|43008|25600|1790150710575348900
