begin|main|61148|1|ThreadId(2)|0|25600|1790150742326006900
end|main|61148|1|ThreadId(2)|0|25600|1790150742350844000
begin|main|61148|2|ThreadId(2)|1024|25600|1790150742373955000
end|main|61148|2|ThreadId(2)|1024|25600|1790150742386804900
begin|main|61148|3|ThreadId(2)|2048|25600|1790150742407034300
end|main|61148|3|ThreadId(2)|2048|25600|1790150742419574200
begin|main|61148|4|ThreadId(2)|3072|25600|1790150742439328600
end|main|61148|4|ThreadId(2)|3072|25600|1790150742450743700
begin|main|61148|5|ThreadId(2)|4096|25600|1790150742469254900
end|main|61148|5|ThreadId(2)|4096|25600|1790150742480787200
begin|main|61148|6|ThreadId(2)|5120|25600|1790150742501112600
end|main|61148|6|ThreadId(2)|5120|25600|1790150742513154300
begin|main|61148|7|ThreadId(2)|6144|25600|1790150742532280800
end|main|61148|7|ThreadId(2)|6144|25600|1790150742543888100
begin|main|61148|8|ThreadId(2)|7168|25600|1790150742562804800
end|main|61148|8|ThreadId(2)|7168|25600|1790150742573469600
begin|main|61148|9|ThreadId(2)|8192|25600|1790150742592998100
end|main|61148|9|ThreadId(2)|8192|25600|1790150742604181100
begin|main|61148|10|ThreadId(2)|9216|25600|1790150742624404800
end|main|61148|10|ThreadId(2)|9216|25600|1790150742635769200
begin|main|61148|11|ThreadId(2)|10240|25600|1790150742658972700
end|main|61148|11|ThreadId(2)|10240|25600|1790150742671155300
begin|main|61148|12|ThreadId(2)|11264|25600|1790150742691162100
end|main|61148|12|ThreadId(2)|11264|25600|1790150742704854200
begin|main|61148|13|ThreadId(2)|12288|25600|1790150742726162700
end|main|61148|13|ThreadId(2)|12288|25600|1790150742738090900
begin|main|61148|14|ThreadId(2)|13312|25600|1790150742757953400
end|main|61148|14|ThreadId(2)|13312|25600|1790150742769905000
begin|main|61148|15|ThreadId(2)|14336|25600|1790150742791182000
end|main|61148|15|ThreadId(2)|14336|25600|1790150742803905200
begin|main|61148|16|ThreadId(2)|15360|25600|1790150742824762100
end|main|61148|16|ThreadId(2)|15360|25600|1790150742837060400
begin|main|61148|17|ThreadId(2)|16384|25600|1790150742856820400
end|main|61148|17|ThreadId(2)|16384|25600|1790150742868390700
begin|main|61148|18|ThreadId(2)|17408|25600|1790150742889260600
end|main|61148|18|ThreadId(2)|17408|25600|1790150742902581500
begin|main|61148|19|ThreadId(2)|18432|25600|1790150742922491600
end|main|61148|19|ThreadId(2)|18432|25600|1790150742933972500
begin|main|61148|20|ThreadId(2)|19456|25600|1790150742956565300
end|main|61148|20|ThreadId(2)|19456|25600|1790150742967613500
begin|main|61148|21|ThreadId(2)|20480|25600|1790150742988762700
end|main|61148|21|ThreadId(2)|20480|25600|1790150742998157900
begin|main|61148|22|ThreadId(2)|21504|25600|1790150743017095600
end|main|61148|22|ThreadId(2)|21504|25600|1790150743026289700
begin|main|61148|23|ThreadId(2)|22528|25600|1790150743045420200
end|main|61148|23|ThreadId(2)|22528|25600|1790150743055072200
begin|main|61148|24|ThreadId(2)|23552|25600|1790150743072738100
end|main|61148|24|ThreadId(2)|23552|25600|1790150743082280200
begin|main|61148|25|ThreadId(2)|24576|25600|1790150743100944700
end|main|61148|25|ThreadId(2)|24576|25600|1790150743110710900
begin|main|61148|26|ThreadId(2)|25600|25600|1790150743129493300
end|main|61148|26|ThreadId(2)|25600|25600|1790150743138910000
begin|main|61148|27|ThreadId(2)|26624|25600|1790150743157883800
end|main|61148|27|ThreadId(2)|26624|25600|1790150743167953800
begin|main|61148|28|ThreadId(2)|27648|25600|1790150743190906900
end|main|61148|28|ThreadId(2)|27648|25600|1790150743202955500
begin|main|61148|29|ThreadId(2)|28672|25600|1790150743222802700
end|main|61148|29|ThreadId(2)|28672|25600|1790150743234008900
begin|main|61148|30|ThreadId(2)|29696|25600|1790150743253018600
end|main|61148|30|ThreadId(2)|29696|25600|1790150743264239000
begin|main|61148|31|ThreadId(2)|30720|25600|1790150743284943000
end|main|61148|31|ThreadId(2)|30720|25600|1790150743295901400
begin|main|61148|32|ThreadId(2)|31744|25600|1790150743315475800
end|main|61148|32|ThreadId(2)|31744|25600|1790150743326182700
begin|main|61148|33|ThreadId(2)|32768|25600|1790150743346249500
end|main|61148|33|ThreadId(2)|32768|25600|1790150743356384300
begin|main|61148|34|ThreadId(2)|33792|25600|1790150743376348100
end|main|61148|34|ThreadId(2)|33792|25600|1790150743386941300
begin|main|61148|35|ThreadId(2)|34816|25600|1790150743405496500
end|main|61148|35|ThreadId(2)|34816|25600|1790150743416408500
begin|main|61148|36|ThreadId(2)|35840|25600|1790150743436865600
end|main|61148|36|ThreadId(2)|35840|25600|1790150743448211000
begin|main|61148|37|ThreadId(2)|36864|25600|1790150743469155200
end|main|61148|37|ThreadId(2)|36864|25600|1790150743480272200
begin|main|61148|38|ThreadId(2)|37888|25600|1790150743500000300
end|main|61148|38|ThreadId(2)|37888|25600|1790150743510401200
begin|main|61148|39|ThreadId(2)|38912|25600|1790150743530757600
end|main|61148|39|ThreadId(2)|38912|25600|1790150743541460600
begin|main|61148|40|ThreadId(2)|39936|25600|1790150743562838000
end|main|61148|40|ThreadId(2)|39936|25600|1790150743575522500
begin|main|61148|41|ThreadId(2)|40960|25600|1790150743597350100
end|main|61148|41|ThreadId(2)|40960|25600|1790150743609670000
begin|main|61148|42|ThreadId(2)|41984|25600|1790150743632122600
end|main|61148|42|ThreadId(2)|41984|25600|1790150743647170800
begin|main|61148|43|ThreadId(2)|43008|25600|1790150743672315500
end|main|61148|43|ThreadId(2)|43008|25600|1790150743687301900
begin|main|61148|44|ThreadId(2)|44032|25600|1790150743711744900
end|main|61148|44|ThreadId(2)|44032|25600|1790150743724961900
begin|main|61148|45|ThreadId(2)|45056|25600|1790150743744174400
end|main|61148|45|ThreadId(2)|45056|25600|1790150743757003700
begin|main|61148|46|ThreadId(2)|46080|25600|1790150743776831900
end|main|61148|46|ThreadId(2)|46080|25600|1790150743789792300
begin|main|61148|47|ThreadId(2)|47104|25600|1790150743812275600
end|main|61148|47|ThreadId(2)|47104|25600|1790150743826937200
begin|main|61148|48|ThreadId(2)|48128|25600|1790150743847556600
end|main|61148|48|ThreadId(2)|48128|25600|1790150743862631000
