begin|main|64864|1|ThreadId(3)|6144|25600|1790150776284945700
end|main|64864|1|ThreadId(3)|6144|25600|1790150776324316200
begin|main|64864|2|ThreadId(4)|1024|25600|1790150776331013500
end|main|64864|2|ThreadId(4)|1024|25600|1790150776356017000
begin|main|64864|3|ThreadId(3)|9216|25600|1790150776405708100
begin|main|64864|4|ThreadId(5)|4096|25600|1790150776406260100
begin|main|64864|5|ThreadId(6)|8192|25600|1790150776406799600
end|main|64864|3|ThreadId(3)|9216|25600|1790150776426810600
end|main|64864|4|ThreadId(5)|4096|25600|1790150776434533700
end|main|64864|5|ThreadId(6)|8192|25600|1790150776441654300
begin|main|64864|6|ThreadId(7)|2048|25600|1790150776462421000
end|main|64864|6|ThreadId(7)|2048|25600|1790150776483206800
begin|main|64864|7|ThreadId(8)|10240|25600|1790150776503959900
begin|main|64864|8|ThreadId(4)|12288|25600|1790150776504125600
end|main|64864|7|ThreadId(8)|10240|25600|1790150776522622500
end|main|64864|8|ThreadId(4)|12288|25600|1790150776529920900
begin|main|64864|9|ThreadId(7)|15360|25600|1790150776540680900
begin|main|64864|10|ThreadId(6)|14336|25600|1790150776541053200
begin|main|64864|11|ThreadId(5)|13312|25600|1790150776541358100
begin|main|64864|12|ThreadId(8)|16384|25600|1790150776541641800
begin|main|64864|13|ThreadId(2)|3072|25600|1790150776541903400
end|main|64864|9|ThreadId(7)|15360|25600|1790150776564715800
end|main|64864|10|ThreadId(6)|14336|25600|1790150776571089600
end|main|64864|11|ThreadId(5)|13312|25600|1790150776579699800
end|main|64864|12|ThreadId(8)|16384|25600|1790150776588699900
end|main|64864|13|ThreadId(2)|3072|25600|1790150776596002200
begin|main|64864|14|ThreadId(9)|0|25600|1790150776596296400
end|main|64864|14|ThreadId(9)|0|25600|1790150776618453500
begin|main|64864|15|ThreadId(6)|20480|25600|1790150776638386700
begin|main|64864|16|ThreadId(4)|19456|25600|1790150776638909000
begin|main|64864|17|ThreadId(10)|17408|25600|1790150776639340800
end|main|64864|16|ThreadId(4)|19456|25600|1790150776659918900
end|main|64864|15|ThreadId(6)|20480|25600|1790150776669030300
end|main|64864|17|ThreadId(10)|17408|25600|1790150776677156800
begin|main|64864|18|ThreadId(8)|22528|25600|1790150776687912100
begin|main|64864|19|ThreadId(2)|23552|25600|1790150776688452100
begin|main|64864|20|ThreadId(4)|25600|25600|1790150776688731200
begin|main|64864|21|ThreadId(5)|21504|25600|1790150776689386000
begin|main|64864|22|ThreadId(11)|7168|25600|1790150776690206800
end|main|64864|19|ThreadId(2)|23552|25600|1790150776711443600
end|main|64864|20|ThreadId(4)|25600|25600|1790150776719866800
end|main|64864|18|ThreadId(8)|22528|25600|1790150776727708900
end|main|64864|21|ThreadId(5)|21504|25600|1790150776736191500
begin|main|64864|23|ThreadId(12)|26624|25600|1790150776742647200
begin|main|64864|24|ThreadId(9)|24576|25600|1790150776742807800
end|main|64864|22|ThreadId(11)|7168|25600|1790150776744259900
end|main|64864|24|ThreadId(9)|24576|25600|1790150776760747500
end|main|64864|23|ThreadId(12)|26624|25600|1790150776768694100
begin|main|64864|25|ThreadId(11)|33792|25600|1790150776781671600
begin|main|64864|26|ThreadId(4)|30720|25600|1790150776782832200
begin|main|64864|27|ThreadId(3)|11264|25600|1790150776783297500
begin|main|64864|28|ThreadId(5)|32768|25600|1790150776783633600
begin|main|64864|29|ThreadId(9)|34816|25600|1790150776783971500
begin|main|64864|30|ThreadId(8)|31744|25600|1790150776784449200
begin|main|64864|31|ThreadId(2)|29696|25600|1790150776784983400
begin|main|64864|32|ThreadId(6)|28672|25600|1790150776785607700
begin|main|64864|33|ThreadId(13)|5120|25600|1790150776785898900
begin|main|64864|34|ThreadId(7)|18432|25600|1790150776786432800
begin|main|64864|35|ThreadId(10)|27648|25600|1790150776791046400
end|main|64864|25|ThreadId(11)|33792|25600|1790150776811028400
end|main|64864|26|ThreadId(4)|30720|25600|1790150776820697700
end|main|64864|28|ThreadId(5)|32768|25600|1790150776829097000
end|main|64864|27|ThreadId(3)|11264|25600|1790150776837266700
end|main|64864|32|ThreadId(6)|28672|25600|1790150776844760400
end|main|64864|30|ThreadId(8)|31744|25600|1790150776853360300
end|main|64864|29|ThreadId(9)|34816|25600|1790150776861105900
end|main|64864|31|ThreadId(2)|29696|25600|1790150776868986300
end|main|64864|34|ThreadId(7)|18432|25600|1790150776877189600
end|main|64864|33|ThreadId(13)|5120|25600|1790150776885305200
end|main|64864|35|ThreadId(10)|27648|25600|1790150776892376700
begin|main|64864|36|ThreadId(12)|35840|25600|1790150776894611900
end|main|64864|36|ThreadId(12)|35840|25600|1790150776917226700
begin|main|64864|37|ThreadId(2)|43008|25600|1790150776939667800
begin|main|64864|38|ThreadId(5)|39936|25600|1790150776940059900
begin|main|64864|39|ThreadId(11)|38912|25600|1790150776940444000
begin|main|64864|40|ThreadId(3)|40960|25600|1790150776940746800
begin|main|64864|41|ThreadId(8)|45056|25600|1790150776941047400
begin|main|64864|42|ThreadId(4)|37888|25600|1790150776941403000
begin|main|64864|43|ThreadId(14)|36864|25600|1790150776941791300
begin|main|64864|44|ThreadId(9)|44032|25600|1790150776942114500
begin|main|64864|45|ThreadId(6)|46080|25600|1790150776942366400
begin|main|64864|46|ThreadId(7)|41984|25600|1790150776942748500
end|main|64864|38|ThreadId(5)|39936|25600|1790150776976248000
end|main|64864|39|ThreadId(11)|38912|25600|1790150776985868400
end|main|64864|40|ThreadId(3)|40960|25600|1790150776994239900
end|main|64864|37|ThreadId(2)|43008|25600|1790150777003033200
end|main|64864|42|ThreadId(4)|37888|25600|1790150777010980300
end|main|64864|41|ThreadId(8)|45056|25600|1790150777022423200
end|main|64864|45|ThreadId(6)|46080|25600|1790150777030808800
end|main|64864|43|ThreadId(14)|36864|25600|1790150777038294300
end|main|64864|44|ThreadId(9)|44032|25600|1790150777047433700
begin|main|64864|47|ThreadId(11)|47104|25600|1790150777055602200
begin|main|64864|48|ThreadId(5)|48128|25600|1790150777055962200
end|main|64864|46|ThreadId(7)|41984|25600|1790150777056254900
end|main|64864|47|ThreadId(11)|47104|25600|1790150777078207800
end|main|64864|48|ThreadId(5)|48128|25600|1790150777086860400
