begin|main|57368|1|ThreadId(2)|0|25600|1790150720478048700
end|main|57368|1|ThreadId(2)|0|25600|1790150720512460200
begin|main|57368|2|ThreadId(2)|1024|25600|1790150720536182800
end|main|57368|2|ThreadId(2)|1024|25600|1790150720555918400
begin|main|57368|3|ThreadId(2)|2048|25600|1790150720574287600
end|main|57368|3|ThreadId(2)|2048|25600|1790150720593176600
begin|main|57368|4|ThreadId(2)|3072|25600|1790150720611199500
end|main|57368|4|ThreadId(2)|3072|25600|1790150720630132600
begin|main|57368|5|ThreadId(2)|4096|25600|1790150720649114900
end|main|57368|5|ThreadId(2)|4096|25600|1790150720669373600
begin|main|57368|6|ThreadId(2)|5120|25600|1790150720688639800
end|main|57368|6|ThreadId(2)|5120|25600|1790150720709146300
begin|main|57368|7|ThreadId(2)|6144|25600|1790150720729292500
end|main|57368|7|ThreadId(2)|6144|25600|1790150720748043900
begin|main|57368|8|ThreadId(2)|7168|25600|1790150720765966800
end|main|57368|8|ThreadId(2)|7168|25600|1790150720784553100
begin|main|57368|9|ThreadId(2)|8192|25600|1790150720803737400
end|main|57368|9|ThreadId(2)|8192|25600|1790150720819990500
begin|main|57368|10|ThreadId(2)|9216|25600|1790150720837589500
end|main|57368|10|ThreadId(2)|9216|25600|1790150720855210900
begin|main|57368|11|ThreadId(2)|10240|25600|1790150720874507200
end|main|57368|11|ThreadId(2)|10240|25600|1790150720893137300
begin|main|57368|12|ThreadId(2)|11264|25600|1790150720911620400
end|main|57368|12|ThreadId(2)|11264|25600|1790150720928377700
begin|main|57368|13|ThreadId(2)|12288|25600|1790150720947216500
end|main|57368|13|ThreadId(2)|12288|25600|1790150720965104500
begin|main|57368|14|ThreadId(2)|13312|25600|1790150720985889400
end|main|57368|14|ThreadId(2)|13312|25600|1790150721003021300
begin|main|57368|15|ThreadId(2)|14336|25600|1790150721021699100
end|main|57368|15|ThreadId(2)|14336|25600|1790150721038319800
begin|main|57368|16|ThreadId(2)|15360|25600|1790150721056700400
end|main|57368|16|ThreadId(2)|15360|25600|1790150721073648000
begin|main|57368|17|ThreadId(2)|16384|25600|1790150721091733400
end|main|57368|17|ThreadId(2)|16384|25600|1790150721109356200
begin|main|57368|18|ThreadId(2)|17408|25600|1790150721128841400
end|main|57368|18|ThreadId(2)|17408|25600|1790150721145240000
begin|main|57368|19|ThreadId(2)|18432|25600|1790150721163482000
end|main|57368|19|ThreadId(2)|18432|25600|1790150721178962400
begin|main|57368|20|ThreadId(2)|19456|25600|1790150721195659700
end|main|57368|20|ThreadId(2)|19456|25600|1790150721212013700
begin|main|57368|21|ThreadId(2)|20480|25600|1790150721231215600
end|main|57368|21|ThreadId(2)|20480|25600|1790150721248376300
begin|main|57368|22|ThreadId(2)|21504|25600|1790150721265604500
end|main|57368|22|ThreadId(2)|21504|25600|1790150721281673200
begin|main|57368|23|ThreadId(2)|22528|25600|1790150721302228700
end|main|57368|23|ThreadId(2)|22528|25600|1790150721318409600
begin|main|57368|24|ThreadId(2)|23552|25600|1790150721337134700
end|main|57368|24|ThreadId(2)|23552|25600|1790150721352443000
begin|main|57368|25|ThreadId(2)|24576|25600|1790150721369853200
end|main|57368|25|ThreadId(2)|24576|25600|1790150721384675800
begin|main|57368|26|ThreadId(2)|25600|25600|1790150721405119300
end|main|57368|26|ThreadId(2)|25600|25600|1790150721419995500
begin|main|57368|27|ThreadId(2)|26624|25600|1790150721438265600
end|main|57368|27|ThreadId(2)|26624|25600|1790150721453731500
begin|main|57368|28|ThreadId(2)|27648|25600|1790150721472763900
end|main|57368|28|ThreadId(2)|27648|25600|1790150721487255300
begin|main|57368|29|ThreadId(2)|28672|25600|1790150721506040800
end|main|57368|29|ThreadId(2)|28672|25600|1790150721523331600
begin|main|57368|30|ThreadId(2)|29696|25600|1790150721542814800
end|main|57368|30|ThreadId(2)|29696|25600|1790150721560995100
begin|main|57368|31|ThreadId(2)|30720|25600|1790150721579570300
end|main|57368|31|ThreadId(2)|30720|25600|1790150721596622700
begin|main|57368|32|ThreadId(2)|31744|25600|1790150721613979000
end|main|57368|32|ThreadId(2)|31744|25600|1790150721630993600
begin|main|57368|33|ThreadId(2)|32768|25600|1790150721649341800
end|main|57368|33|ThreadId(2)|32768|25600|1790150721665143600
begin|main|57368|34|ThreadId(2)|33792|25600|1790150721683068000
end|main|57368|34|ThreadId(2)|33792|25600|1790150721701227500
begin|main|57368|35|ThreadId(2)|34816|25600|1790150721719581900
end|main|57368|35|ThreadId(2)|34816|25600|1790150721734579200
begin|main|57368|36|ThreadId(2)|35840|25600|1790150721752999000
end|main|57368|36|ThreadId(2)|35840|25600|1790150721770198500
begin|main|57368|37|ThreadId(2)|36864|25600|1790150721787265500
end|main|57368|37|ThreadId(2)|36864|25600|1790150721803341500
begin|main|57368|38|ThreadId(2)|37888|25600|1790150721821816700
end|main|57368|38|ThreadId(2)|37888|25600|1790150721839483100
begin|main|57368|39|ThreadId(2)|38912|25600|1790150721858741200
end|main|57368|39|ThreadId(2)|38912|25600|1790150721876307500
begin|main|57368|40|ThreadId(2)|39936|25600|1790150721896201700
end|main|57368|40|ThreadId(2)|39936|25600|1790150721914649800
begin|main|57368|41|ThreadId(2)|40960|25600|1790150721933547900
end|main|57368|41|ThreadId(2)|40960|25600|1790150721952383300
begin|main|57368|42|ThreadId(2)|41984|25600|1790150721970573600
end|main|57368|42|ThreadId(2)|41984|25600|1790150721987317900
begin|main|57368|43|ThreadId(2)|43008|25600|1790150722004733300
end|main|57368|43|ThreadId(2)|43008|25600|1790150722023095300
begin|main|57368|44|ThreadId(2)|44032|25600|1790150722041381700
end|main|57368|44|ThreadId(2)|44032|25600|1790150722059327900
begin|main|57368|45|ThreadId(2)|45056|25600|1790150722078926700
end|main|57368|45|ThreadId(2)|45056|25600|1790150722095311900
begin|main|57368|46|ThreadId(2)|46080|25600|1790150722114952200
end|main|57368|46|ThreadId(2)|46080|25600|1790150722132191600
begin|main|57368|47|ThreadId(2)|47104|25600|1790150722150002600
end|main|57368|47|ThreadId(2)|47104|25600|1790150722167217900
begin|main|57368|48|ThreadId(2)|48128|25600|1790150722184697200
end|main|57368|48|ThreadId(2)|48128|25600|1790150722202086000
