begin|main|58272|1|ThreadId(2)|0|25600|1790148656789404700
end|main|58272|1|ThreadId(2)|0|25600|1790148656814163800
begin|main|58272|2|ThreadId(2)|1024|25600|1790148656832871100
end|main|58272|2|ThreadId(2)|1024|25600|1790148656842624700
begin|main|58272|3|ThreadId(2)|2048|25600|1790148656859335000
end|main|58272|3|ThreadId(2)|2048|25600|1790148656868578500
begin|main|58272|4|ThreadId(2)|3072|25600|1790148656885585400
end|main|58272|4|ThreadId(2)|3072|25600|1790148656895440600
begin|main|58272|5|ThreadId(2)|4096|25600|1790148656911371900
end|main|58272|5|ThreadId(2)|4096|25600|1790148656921306900
begin|main|58272|6|ThreadId(2)|5120|25600|1790148656938692300
end|main|58272|6|ThreadId(2)|5120|25600|1790148656949954500
begin|main|58272|7|ThreadId(2)|6144|25600|1790148656967296100
end|main|58272|7|ThreadId(2)|6144|25600|1790148656978514000
begin|main|58272|8|ThreadId(2)|7168|25600|1790148656994154900
end|main|58272|8|ThreadId(2)|7168|25600|1790148657003763200
begin|main|58272|9|ThreadId(2)|8192|25600|1790148657020751900
end|main|58272|9|ThreadId(2)|8192|25600|1790148657030547600
begin|main|58272|10|ThreadId(2)|9216|25600|1790148657047048000
end|main|58272|10|ThreadId(2)|9216|25600|1790148657058847200
begin|main|58272|11|ThreadId(2)|10240|25600|1790148657075339100
end|main|58272|11|ThreadId(2)|10240|25600|1790148657085786800
begin|main|58272|12|ThreadId(2)|11264|25600|1790148657101712900
end|main|58272|12|ThreadId(2)|11264|25600|1790148657111116800
begin|main|58272|13|ThreadId(2)|12288|25600|1790148657126779600
end|main|58272|13|ThreadId(2)|12288|25600|1790148657136624300
begin|main|58272|14|ThreadId(2)|13312|25600|1790148657152220300
end|main|58272|14|ThreadId(2)|13312|25600|1790148657163093100
begin|main|58272|15|ThreadId(2)|14336|25600|1790148657179044500
end|main|58272|15|ThreadId(2)|14336|25600|1790148657187522500
begin|main|58272|16|ThreadId(2)|15360|25600|1790148657203360300
end|main|58272|16|ThreadId(2)|15360|25600|1790148657211724400
begin|main|58272|17|ThreadId(2)|16384|25600|1790148657228473500
end|main|58272|17|ThreadId(2)|16384|25600|1790148657238814200
begin|main|58272|18|ThreadId(2)|17408|25600|1790148657255506900
end|main|58272|18|ThreadId(2)|17408|25600|1790148657264448500
begin|main|58272|19|ThreadId(2)|18432|25600|1790148657280098400
end|main|58272|19|ThreadId(2)|18432|25600|1790148657289475300
begin|main|58272|20|ThreadId(2)|19456|25600|1790148657304926200
end|main|58272|20|ThreadId(2)|19456|25600|1790148657314020200
begin|main|58272|21|ThreadId(2)|20480|25600|1790148657330260700
end|main|58272|21|ThreadId(2)|20480|25600|1790148657339946300
begin|main|58272|22|ThreadId(2)|21504|25600|1790148657355720100
end|main|58272|22|ThreadId(2)|21504|25600|1790148657365428400
begin|main|58272|23|ThreadId(2)|22528|25600|1790148657384167500
end|main|58272|23|ThreadId(2)|22528|25600|1790148657393405400
begin|main|58272|24|ThreadId(2)|23552|25600|1790148657409723800
end|main|58272|24|ThreadId(2)|23552|25600|1790148657419113200
begin|main|58272|25|ThreadId(2)|24576|25600|1790148657434596300
end|main|58272|25|ThreadId(2)|24576|25600|1790148657442568200
begin|main|58272|26|ThreadId(2)|25600|25600|1790148657458841200
end|main|58272|26|ThreadId(2)|25600|25600|1790148657467465500
begin|main|58272|27|ThreadId(2)|26624|25600|1790148657482717100
end|main|58272|27|ThreadId(2)|26624|25600|1790148657491979400
begin|main|58272|28|ThreadId(2)|27648|25600|1790148657508830200
end|main|58272|28|ThreadId(2)|27648|25600|1790148657516917800
begin|main|58272|29|ThreadId(2)|28672|25600|1790148657534087200
end|main|58272|29|ThreadId(2)|28672|25600|1790148657543324900
begin|main|58272|30|ThreadId(2)|29696|25600|1790148657559711400
end|main|58272|30|ThreadId(2)|29696|25600|1790148657569701900
begin|main|58272|31|ThreadId(2)|30720|25600|1790148657586483600
end|main|58272|31|ThreadId(2)|30720|25600|1790148657595513300
begin|main|58272|32|ThreadId(2)|31744|25600|1790148657611965300
end|main|58272|32|ThreadId(2)|31744|25600|1790148657620729400
begin|main|58272|33|ThreadId(2)|32768|25600|1790148657637415800
end|main|58272|33|ThreadId(2)|32768|25600|1790148657646233700
begin|main|58272|34|ThreadId(2)|33792|25600|1790148657662368900
end|main|58272|34|ThreadId(2)|33792|25600|1790148657671654100
begin|main|58272|35|ThreadId(2)|34816|25600|1790148657687930800
end|main|58272|35|ThreadId(2)|34816|25600|1790148657696169800
begin|main|58272|36|ThreadId(2)|35840|25600|1790148657711467500
end|main|58272|36|ThreadId(2)|35840|25600|1790148657720882800
begin|main|58272|37|ThreadId(2)|36864|25600|1790148657736674900
end|main|58272|37|ThreadId(2)|36864|25600|1790148657746597800
begin|main|58272|38|ThreadId(2)|37888|25600|1790148657762976000
end|main|58272|38|ThreadId(2)|37888|25600|1790148657771561200
begin|main|58272|39|ThreadId(2)|38912|25600|1790148657788387600
end|main|58272|39|ThreadId(2)|38912|25600|1790148657797742100
begin|main|58272|40|ThreadId(2)|39936|25600|1790148657815626300
end|main|58272|40|ThreadId(2)|39936|25600|1790148657824422900
begin|main|58272|41|ThreadId(2)|40960|25600|1790148657840969300
end|main|58272|41|ThreadId(2)|40960|25600|1790148657850290400
begin|main|58272|42|ThreadId(2)|41984|25600|1790148657867519800
end|main|58272|42|ThreadId(2)|41984|25600|1790148657877063700
begin|main|58272|43|ThreadId(2)|43008|25600|1790148657894602900
end|main|58272|43|ThreadId(2)|43008|25600|1790148657903441200
begin|main|58272|44|ThreadId(2)|44032|25600|1790148657920231200
end|main|58272|44|ThreadId(2)|44032|25600|1790148657928867300
begin|main|58272|45|ThreadId(2)|45056|25600|1790148657945638900
end|main|58272|45|ThreadId(2)|45056|25600|1790148657954209500
begin|main|58272|46|ThreadId(2)|46080|25600|1790148657971357300
end|main|58272|46|ThreadId(2)|46080|25600|1790148657980469200
begin|main|58272|47|ThreadId(2)|47104|25600|1790148657996277700
end|main|58272|47|ThreadId(2)|47104|25600|1790148658006968600
begin|main|58272|48|ThreadId(2)|48128|25600|1790148658021409600
end|main|58272|48|ThreadId(2)|48128|25600|1790148658031585200
