begin|main|42336|1|ThreadId(2)|5120|25600|1790148483464450500
begin|reader|42336|1|ThreadId(1)|5120|25600|1790148483465597700
end|reader|42336|1|ThreadId(1)|5120|25600|1790148483467753900
end|main|42336|1|ThreadId(2)|5120|25600|1790148483487023300
begin|main|42336|2|ThreadId(3)|3072|25600|1790148483505943600
begin|reader|42336|2|ThreadId(2)|3072|25600|1790148483507178200
end|reader|42336|2|ThreadId(2)|3072|25600|1790148483510154000
end|main|42336|2|ThreadId(3)|3072|25600|1790148483515588100
begin|main|42336|3|ThreadId(4)|8192|25600|1790148483574720800
begin|main|42336|4|ThreadId(2)|9216|25600|1790148483575030800
begin|main|42336|5|ThreadId(5)|4096|25600|1790148483575400600
begin|reader|42336|3|ThreadId(3)|8192|25600|1790148483575893800
begin|reader|42336|4|ThreadId(1)|9216|25600|1790148483576118100
begin|reader|42336|5|ThreadId(4)|4096|25600|1790148483576350100
end|reader|42336|3|ThreadId(3)|8192|25600|1790148483577957200
end|reader|42336|4|ThreadId(1)|9216|25600|1790148483578841700
end|reader|42336|5|ThreadId(4)|4096|25600|1790148483579087500
end|main|42336|3|ThreadId(4)|8192|25600|1790148483582950100
end|main|42336|4|ThreadId(2)|9216|25600|1790148483586271300
end|main|42336|5|ThreadId(5)|4096|25600|1790148483589945600
begin|main|42336|6|ThreadId(6)|1024|25600|1790148483618793100
begin|reader|42336|6|ThreadId(5)|1024|25600|1790148483619631500
end|reader|42336|6|ThreadId(5)|1024|25600|1790148483621761700
end|main|42336|6|ThreadId(6)|1024|25600|1790148483627440200
begin|main|42336|7|ThreadId(3)|12288|25600|1790148483652596200
begin|main|42336|8|ThreadId(7)|10240|25600|1790148483652852300
begin|reader|42336|7|ThreadId(2)|12288|25600|1790148483653432300
begin|reader|42336|8|ThreadId(6)|10240|25600|1790148483653812500
end|reader|42336|7|ThreadId(2)|12288|25600|1790148483655224800
end|reader|42336|8|ThreadId(6)|10240|25600|1790148483655737600
end|main|42336|7|ThreadId(3)|12288|25600|1790148483659813900
end|main|42336|8|ThreadId(7)|10240|25600|1790148483663499400
begin|main|42336|9|ThreadId(3)|16384|25600|1790148483691011500
beginbegin||readermain||4233642336||910||ThreadIdThreadId((22))||1638413312||2560025600||17901484836920880001790148483692054100

begin|main|42336|11|ThreadId(5)|14336|25600|1790148483692569900
begin|main|42336|12|ThreadId(6)|15360|25600|1790148483692856400
begin|main|42336|13|ThreadId(8)|6144|25600|1790148483693188800
begin|reader|42336|10|ThreadId(1)|13312|25600|1790148483693613300
begin|reader|42336|11|ThreadId(4)|14336|25600|1790148483693953200
begin|reader|42336|12|ThreadId(5)|15360|25600|1790148483694233600
end|reader|42336|9|ThreadId(2)|16384|25600|1790148483694493700
begin|reader|42336|13|ThreadId(7)|6144|25600|1790148483694769600
end|reader|42336|10|ThreadId(1)|13312|25600|1790148483696564700
end|reader|42336|12|ThreadId(5)|15360|25600|1790148483696821900
end|reader|42336|11|ThreadId(4)|14336|25600|1790148483697138200
end|reader|42336|13|ThreadId(7)|6144|25600|1790148483697455500
end|main|42336|9|ThreadId(3)|16384|25600|1790148483699770400
end|main|42336|10|ThreadId(2)|13312|25600|1790148483703161700
end|main|42336|12|ThreadId(6)|15360|25600|1790148483706164200
end|main|42336|11|ThreadId(5)|14336|25600|1790148483709226800
end|main|42336|13|ThreadId(8)|6144|25600|1790148483713799600
begin|main|42336|14|ThreadId(9)|2048|25600|1790148483735232000
begin|reader|42336|14|ThreadId(8)|2048|25600|1790148483736328400
end|reader|42336|14|ThreadId(8)|2048|25600|1790148483738438800
end|main|42336|14|ThreadId(9)|2048|25600|1790148483744108200
begin|main|42336|15|ThreadId(6)|21504|25600|1790148483767441500
begin|main|42336|16|ThreadId(5)|22528|25600|1790148483767798900
begin|main|42336|17|ThreadId(begin|7reader|42336|)15||19456ThreadId|(256005|)1790148483768088500|
21504|25600|1790148483768284500
begin|main|42336|18|ThreadId(2)|20480|25600|1790148483768540900
begin|beginmain||reader42336||4233619||16ThreadId|(ThreadId10()4|)17408||2252825600|1790148483768890900|25600
|1790148483768822500
begin|reader|42336|17|ThreadId(6)|19456|25600|1790148483769407400
begin|reader|42336|18|ThreadId(1)|20480|25600|1790148483769755300
begin|reader|42336|19|ThreadId(9)|17408|25600|1790148483770188300
end|reader|42336|15|ThreadId(5)|21504|25600|1790148483770389900
end|reader|42336|16|ThreadId(4)|22528|25600|1790148483770765500
end|reader|42336|17|ThreadId(6)|19456|25600|1790148483771216500
end|reader|42336|18|ThreadId(1)|20480|25600|1790148483771599700
end|reader|42336|19|ThreadId(9)|17408|25600|1790148483772118700
end|main|42336|15|ThreadId(6)|21504|25600|1790148483775913600
end|main|42336|16|ThreadId(5)|22528|25600|1790148483779655100
end|main|42336|17|ThreadId(7)|19456|25600|1790148483782882600
end|main|42336|18|ThreadId(2)|20480|25600|1790148483785665300
end|main|42336|19|ThreadId(10)|17408|25600|1790148483789798400
begin|main|42336|20|ThreadId(8)|23552|25600|1790148483803395400
begin|main|42336|21|ThreadId(6)|25600|25600|1790148483803953000
begin|reader|42336|20|ThreadId(7)|23552|25600|1790148483804584800
begin|main|42336|22|beginThreadId|(reader11|)42336||021||25600ThreadId|(17901484838048545005
)|25600|25600|1790148483804876900
end|reader|42336|20|ThreadId(7)|23552|25600|1790148483805568900
begin|reader|42336|22|ThreadId(10)|0|25600|1790148483805778200
end|reader|42336|21|ThreadId(5)|25600|25600|1790148483806116900
end|reader|42336|22|ThreadId(10)|0|25600|1790148483808326100
end|main|42336|20|ThreadId(8)|23552|25600|1790148483810214000
end|main|42336|21|ThreadId(6)|25600|25600|1790148483814044800
end|main|42336|22|ThreadId(11)|0|25600|1790148483820262100
begin|main|42336|23|ThreadId(9)|24576|25600|1790148483841578400
begin|main|42336|24|ThreadId(12)|26624|25600|begin1790148483842219000|reader|
42336|23|ThreadId(8)|24576|25600|1790148483842292800
begin|main|42336|25|ThreadId(5)|28672|25600|1790148483842775000
begin|main|42336|26|ThreadId(2)|29696|25600|1790148483843062400
begin|reader|42336|24|ThreadId(11)|26624|25600|1790148483843300400
end|reader|42336|23|ThreadId(8)|24576|25600|1790148483843671800
begin|reader|42336|25|ThreadId(4)|28672|25600|1790148483843890400
begin|reader|42336|26|ThreadId(1)|29696|25600|1790148483844094100
end|reader|42336|24|ThreadId(11)|26624|25600|1790148483845047800
end|reader|42336|25|ThreadId(4)|28672|25600|1790148483845973400
end|reader|42336|26|ThreadId(1)|29696|25600|1790148483846326500
end|main|42336|23|ThreadId(9)|24576|25600|1790148483848456700
end|main|42336|24|ThreadId(12)|26624|25600|1790148483852283400
end|main|42336|25|ThreadId(5)|28672|25600|1790148483855591400
end|main|42336|26|ThreadId(2)|29696|25600|1790148483859890700
begin|main|42336|27|ThreadId(8)|31744|25600|1790148483882074000
begin|reader|42336|27|ThreadId(7)|31744|25600|1790148483882767700
begin|main|42336|28|ThreadId(6)|32768|25600|1790148483883012200
begin|main|42336|29|ThreadId(11)|33792|25600|1790148483883270400
begin|main|42336|30|ThreadId(13)|7168|25600|1790148483883631900
begin|reader|42336|28|ThreadId(5)|32768|25600|1790148483883801000
begin|main|42336|31|ThreadId(9)|34816|25600|1790148483883978600
begin|reader|42336|29|ThreadId(10)|33792|25600|1790148483884450700
begin|reader|42336|30|ThreadId(12)|7168|25600|1790148483884738800
end|reader|42336|27|ThreadId(7)|31744|25600|1790148483884930200
begin|reader|42336|31|ThreadId(8)|34816|25600|1790148483885156100
end|reader|42336|28|ThreadId(5)|32768|25600|1790148483885436400
end|reader|42336|29|ThreadId(10)|33792|25600|1790148483886422600
end|reader|42336|30|ThreadId(12)|7168|25600|1790148483886836800
end|reader|42336|31|ThreadId(8)|34816|25600|1790148483887863200
end|main|42336|27|ThreadId(8)|31744|25600|1790148483890652100
end|main|42336|28|ThreadId(6)|32768|25600|1790148483894300000
end|main|42336|29|ThreadId(11)|33792|25600|1790148483898942200
end|main|42336|30|ThreadId(13)|7168|25600|1790148483902996000
end|main|42336|31|ThreadId(9)|34816|25600|1790148483906177500
begin|main|42336|32|ThreadId(14)|36864|25600|1790148483926273600
begin|main|42336|33|ThreadId(5)|38912|25600|1790148483926668500
begin|main|42336|34|ThreadId(8)|39936|25600|1790148483927065600
begin|main|42336|35|ThreadId(12)|35840|25600|1790148483927402900
begin|reader|42336|32|ThreadId(13)|36864|25600|1790148483927447500
begin|main|42336|36|ThreadId(3)|18432|25600|1790148483927931800
begin|reader|42336|33|ThreadId(4)|38912|25600|1790148483928125600
begin|main|42336|37|ThreadId(10)|30720|25600|1790148483928397400
begin|reader|42336|34|ThreadId(7)|39936|25600|1790148483928571800
begin|main|42336begin||reader38||ThreadId42336(|1135)||ThreadId41984(|1125600)||179014848392884210035840
|25600|1790148483929020000
begin|beginmain||reader|4233642336||3639||ThreadId(ThreadId2)(|418432)||2560011264||179014848392941180025600
|1790148483929374100
begin|reader|42336|37|ThreadId(9)|30720|25600|1790148483930006700
begin|main|42336|40|ThreadId(6)|40960|25600|1790148483930055600
begin|reader|42336|38|ThreadId(10)|41984|25600|1790148483930436800
end|reader|42336|32|ThreadId(13)|36864|25600|1790148483930793100
begin|reader|42336|39|ThreadId(3)|11264|25600|1790148483931038300
begin|reader|42336|40|ThreadId(5)|40960|25600|1790148483931336400
end|reader|42336|33|ThreadId(4)|38912|25600|1790148483931630600
end|reader|42336|34|ThreadId(7)|39936|25600|1790148483931983000
end|reader|42336|35|ThreadId(11)|35840|25600|1790148483932395800
end|reader|42336|36|ThreadId(2)|18432|25600|1790148483932768300
end|reader|42336|37|ThreadId(9)|30720|25600|1790148483933994500
end|reader|42336|38|ThreadId(10)|41984|25600|1790148483934342400
end|reader|42336|39|ThreadId(3)|11264|25600|1790148483934722800
end|reader|42336|40|ThreadId(5)|40960|25600|1790148483934990000
end|main|42336|32|ThreadId(14)|36864|25600|1790148483939327900
end|main|42336|33|ThreadId(5)|38912|25600|1790148483943039700
end|main|42336|34|ThreadId(8)|39936|25600|1790148483946396100
end|main|42336|35|ThreadId(12)|35840|25600|1790148483949417000
end|main|42336|36|ThreadId(3)|18432|25600|1790148483953289600
end|main|42336|37|ThreadId(10)|30720|25600|1790148483956729900
end|main|42336|38|ThreadId(11)|41984|25600|1790148483961113100
end|main|42336|39|ThreadId(4)|11264|25600|1790148483964611800
end|main|42336|40|ThreadId(6)|40960|25600|1790148483969747600
begin|main|42336|41|ThreadId(13)|43008|25600|1790148483971127400
begin|main|42336|42|ThreadId(9)|44032|25600|1790148483972889200
begin|reader|42336|41|ThreadId(12)|43008|25600|1790148483973212500
beginbegin||readermain||4233642336|42|ThreadId|(438)|44032|25600|1790148483974848800
|ThreadId(7)|27648|25600|1790148483974838200
begin|main|42336|44|ThreadId(11)|47104|25600|1790148483975467200
begin|main|42336|45|ThreadId(8)|46080|25600|1790148483975897300
begin|reader|42336|43|ThreadId(6)|27648|25600|1790148483976192300
beginbegin||reader|main42336||42336|4644||ThreadIdThreadId((1410)|45056)||2560047104||179014848397664570025600
|1790148483976795500
beginbegin|reader||42336main||4542336|ThreadId|(47|ThreadId(10)7|)48128|46080|25600|1790148483977480300
|25600|1790148483977480900
begin|main|42336|48|ThreadId(2)|37888|25600|1790148483978307700
end|reader|42336|41|ThreadId(12)|43008|25600|1790148483978691400
begin|reader|42336|46|ThreadId(13)|45056|25600|1790148483979182800
end|reader|42336|42|ThreadId(8)|44032|25600|1790148483979496600
end|reader|42336|43|ThreadId(6)|27648|25600|1790148483979867500
begin|reader|42336|47|ThreadId(9)|48128|25600|1790148483980184800
begin|reader|42336|48|ThreadId(1)|37888|25600|1790148483980680100
end|reader|42336|44|ThreadId(10)|47104|25600|1790148483981004400
end|reader|42336|45|ThreadId(7)|46080|25600|1790148483981343700
end|reader|42336|46|ThreadId(13)|45056|25600|1790148483981938600
end|reader|42336|48|ThreadId(1)|37888|25600|1790148483983617400
end|reader|42336|47|ThreadId(9)|48128|25600|1790148483983964500
end|main|42336|41|ThreadId(13)|43008|25600|1790148483986087300
end|main|42336|42|ThreadId(9)|44032|25600|1790148483990047600
end|main|42336|43|ThreadId(7)|27648|25600|1790148483994680300
end|main|42336|44|ThreadId(11)|47104|25600|1790148483999247000
end|main|42336|45|ThreadId(8)|46080|25600|1790148484002839200
end|main|42336|46|ThreadId(14)|45056|25600|1790148484006576200
end|main|42336|48|ThreadId(2)|37888|25600|1790148484010060500
end|main|42336|47|ThreadId(10)|48128|25600|1790148484014227300
