begin|main|73080|1|ThreadId(3)|5120|25600|1790150798577051300
end|main|73080|1|ThreadId(3)|5120|25600|1790150798605997000
begin|main|73080|2|ThreadId(4)|1024|25600|1790150798619769800
end|main|73080|2|ThreadId(4)|1024|25600|1790150798636870600
begin|main|73080|3|ThreadId(3)|9216|25600|1790150798690031000
begin|main|73080|4|ThreadId(5)|8192|25600|1790150798690753100
begin|main|73080|5|ThreadId(6)|3072|25600|1790150798690984800
end|main|73080|3|ThreadId(3)|9216|25600|1790150798707962200
end|main|73080|4|ThreadId(5)|8192|25600|1790150798715002500
end|main|73080|5|ThreadId(6)|3072|25600|1790150798721635500
begin|main|73080|6|ThreadId(7)|6144|25600|1790150798737639900
end|main|73080|6|ThreadId(7)|6144|25600|1790150798753453700
begin|main|73080|7|ThreadId(8)|10240|25600|1790150798773326100
begin|main|73080|8|ThreadId(4)|12288|25600|1790150798773529800
end|main|73080|7|ThreadId(8)|10240|25600|1790150798788068500
end|main|73080|8|ThreadId(4)|12288|25600|1790150798794986500
begin|main|73080|9|ThreadId(6)|14336|25600|1790150798810893900
begin|main|73080|10|ThreadId(5)|13312|25600|1790150798811461700
begin|main|73080|11|ThreadId(8)|16384|25600|1790150798811674200
begin|main|73080|12|ThreadId(7)|15360|25600|1790150798812069900
begin|main|73080|13|ThreadId(9)|7168|25600|1790150798812354800
end|main|73080|9|ThreadId(6)|14336|25600|1790150798830297800
end|main|73080|10|ThreadId(5)|13312|25600|1790150798837876800
end|main|73080|12|ThreadId(7)|15360|25600|1790150798844758000
end|main|73080|11|ThreadId(8)|16384|25600|1790150798851403000
end|main|73080|13|ThreadId(9)|7168|25600|1790150798859750400
begin|main|73080|14|ThreadId(10)|4096|25600|1790150798863558600
end|main|73080|14|ThreadId(10)|4096|25600|1790150798880388600
begin|main|73080|15|ThreadId(7)|21504|25600|1790150798901906900
begin|main|73080|16|ThreadId(4)|19456|25600|1790150798902391800
begin|main|73080|17|ThreadId(11)|17408|25600|1790150798902592700
end|main|73080|15|ThreadId(7)|21504|25600|1790150798915948000
end|main|73080|16|ThreadId(4)|19456|25600|1790150798924097000
end|main|73080|17|ThreadId(11)|17408|25600|1790150798931005500
begin|main|73080|18|ThreadId(7)|25600|25600|1790150798940689500
begin|main|73080|19|ThreadId(9)|23552|25600|1790150798940921300
begin|main|73080|20|ThreadId(8)|22528|25600|1790150798941354400
begin|main|73080|21|ThreadId(5)|20480|25600|1790150798941605200
begin|main|73080|22|ThreadId(12)|2048|25600|1790150798943780200
end|main|73080|18|ThreadId(7)|25600|25600|1790150798957384800
end|main|73080|19|ThreadId(9)|23552|25600|1790150798965404500
end|main|73080|20|ThreadId(8)|22528|25600|1790150798972073800
end|main|73080|21|ThreadId(5)|20480|25600|1790150798979556000
end|main|73080|22|ThreadId(12)|2048|25600|1790150798988209300
begin|main|73080|23|ThreadId(10)|24576|25600|1790150798993422100
begin|main|73080|24|ThreadId(13)|26624|25600|1790150798993842600
end|main|73080|23|ThreadId(10)|24576|25600|1790150799006305900
end|main|73080|24|ThreadId(13)|26624|25600|1790150799013541800
begin|main|73080|25|ThreadId(9)|30720|25600|1790150799037189200
begin|main|73080|26|ThreadId(5)|32768|25600|1790150799038209000
begin|main|73080|27|ThreadId(4)|28672|25600|1790150799038826500
begin|main|73080|28|ThreadId(7)|29696|25600|1790150799039212400
begin|main|73080|29|ThreadId(8)|31744|25600|1790150799040112500
begin|main|73080|30|ThreadId(6)|18432|25600|1790150799040443900
begin|main|73080|31|ThreadId(2)|0|25600|1790150799040898900
begin|main|73080|32|ThreadId(3)|11264|25600|1790150799041435100
begin|main|73080|33|ThreadId(11)|27648|25600|1790150799047889200
end|main|73080|25|ThreadId(9)|30720|25600|1790150799058265300
end|main|73080|26|ThreadId(5)|32768|25600|1790150799065447500
end|main|73080|27|ThreadId(4)|28672|25600|1790150799072152200
end|main|73080|28|ThreadId(7)|29696|25600|1790150799079231200
end|main|73080|30|ThreadId(6)|18432|25600|1790150799086378600
end|main|73080|29|ThreadId(8)|31744|25600|1790150799095242200
end|main|73080|32|ThreadId(3)|11264|25600|1790150799104302500
end|main|73080|31|ThreadId(2)|0|25600|1790150799112495400
end|main|73080|33|ThreadId(11)|27648|25600|1790150799120238000
begin|main|73080|34|ThreadId(2)|34816|25600|1790150799270433200
begin|main|73080|35|ThreadId(7)|38912|25600|1790150799270696100
begin|main|73080|36|ThreadId(5)|40960|25600|1790150799271154800
begin|main|73080|37|ThreadId(8)|36864|25600|1790150799272469200
begin|main|73080|38|ThreadId(6)|37888|25600|1790150799273483400
begin|main|73080|39|ThreadId(3)|35840|25600|1790150799273950700
begin|main|73080|40|ThreadId(11)|33792|25600|1790150799274845200
begin|main|73080|41|ThreadId(13)|43008|25600|1790150799275168200
begin|main|73080|42|ThreadId(9)|41984|25600|1790150799275829100
begin|main|73080|43|ThreadId(4)|39936|25600|1790150799276421500
end|main|73080|35|ThreadId(7)|38912|25600|1790150799298950500
end|main|73080|34|ThreadId(2)|34816|25600|1790150799308276700
end|main|73080|36|ThreadId(5)|40960|25600|1790150799316642400
end|main|73080|37|ThreadId(8)|36864|25600|1790150799324495800
end|main|73080|39|ThreadId(3)|35840|25600|1790150799332286000
end|main|73080|41|ThreadId(13)|43008|25600|1790150799341286700
end|main|73080|40|ThreadId(11)|33792|25600|1790150799348530800
end|main|73080|38|ThreadId(6)|37888|25600|1790150799357153000
end|main|73080|42|ThreadId(9)|41984|25600|1790150799365915000
end|main|73080|43|ThreadId(4)|39936|25600|1790150799373236900
begin|main|73080|44|ThreadId(10)|44032|25600|1790150799377775500
begin|main|73080|45|ThreadId(12)|46080|25600|1790150799379415000
begin|main|73080|46|ThreadId(2)|47104|25600|1790150799380075100
begin|main|73080|47|ThreadId(7)|45056|25600|1790150799380582800
begin|main|73080|48|ThreadId(5)|48128|25600|1790150799380928700
end|main|73080|44|ThreadId(10)|44032|25600|1790150799402792800
end|main|73080|45|ThreadId(12)|46080|25600|1790150799411577400
end|main|73080|46|ThreadId(2)|47104|25600|1790150799421670900
end|main|73080|47|ThreadId(7)|45056|25600|1790150799430191500
end|main|73080|48|ThreadId(5)|48128|25600|1790150799438727500
