begin|main|55008|1|ThreadId(2)|0|25600|1790150764911514200
end|main|55008|1|ThreadId(2)|0|25600|1790150764947302300
begin|main|55008|2|ThreadId(2)|1024|25600|1790150764969756600
end|main|55008|2|ThreadId(2)|1024|25600|1790150764988922800
begin|main|55008|3|ThreadId(2)|2048|25600|1790150765010235400
end|main|55008|3|ThreadId(2)|2048|25600|1790150765028670900
begin|main|55008|4|ThreadId(2)|3072|25600|1790150765048870800
end|main|55008|4|ThreadId(2)|3072|25600|1790150765067853000
begin|main|55008|5|ThreadId(2)|4096|25600|1790150765086337400
end|main|55008|5|ThreadId(2)|4096|25600|1790150765105520000
begin|main|55008|6|ThreadId(2)|5120|25600|1790150765124813700
end|main|55008|6|ThreadId(2)|5120|25600|1790150765143737400
begin|main|55008|7|ThreadId(2)|6144|25600|1790150765162986100
end|main|55008|7|ThreadId(2)|6144|25600|1790150765180525300
begin|main|55008|8|ThreadId(2)|7168|25600|1790150765199069400
end|main|55008|8|ThreadId(2)|7168|25600|1790150765216572100
begin|main|55008|9|ThreadId(2)|8192|25600|1790150765235262300
end|main|55008|9|ThreadId(2)|8192|25600|1790150765252789300
begin|main|55008|10|ThreadId(2)|9216|25600|1790150765272202400
end|main|55008|10|ThreadId(2)|9216|25600|1790150765290263900
begin|main|55008|11|ThreadId(2)|10240|25600|1790150765309620800
end|main|55008|11|ThreadId(2)|10240|25600|1790150765326714500
begin|main|55008|12|ThreadId(2)|11264|25600|1790150765346756200
end|main|55008|12|ThreadId(2)|11264|25600|1790150765363912100
begin|main|55008|13|ThreadId(2)|12288|25600|1790150765383517200
end|main|55008|13|ThreadId(2)|12288|25600|1790150765400352300
begin|main|55008|14|ThreadId(2)|13312|25600|1790150765419876800
end|main|55008|14|ThreadId(2)|13312|25600|1790150765436277300
begin|main|55008|15|ThreadId(2)|14336|25600|1790150765455622100
end|main|55008|15|ThreadId(2)|14336|25600|1790150765472990100
begin|main|55008|16|ThreadId(2)|15360|25600|1790150765492344900
end|main|55008|16|ThreadId(2)|15360|25600|1790150765511198300
begin|main|55008|17|ThreadId(2)|16384|25600|1790150765530948600
end|main|55008|17|ThreadId(2)|16384|25600|1790150765548913900
begin|main|55008|18|ThreadId(2)|17408|25600|1790150765570028500
end|main|55008|18|ThreadId(2)|17408|25600|1790150765586852800
begin|main|55008|19|ThreadId(2)|18432|25600|1790150765605815800
end|main|55008|19|ThreadId(2)|18432|25600|1790150765621423600
begin|main|55008|20|ThreadId(2)|19456|25600|1790150765640535800
end|main|55008|20|ThreadId(2)|19456|25600|1790150765657088100
begin|main|55008|21|ThreadId(2)|20480|25600|1790150765676897400
end|main|55008|21|ThreadId(2)|20480|25600|1790150765692737800
begin|main|55008|22|ThreadId(2)|21504|25600|1790150765714042200
end|main|55008|22|ThreadId(2)|21504|25600|1790150765729782600
begin|main|55008|23|ThreadId(2)|22528|25600|1790150765750386400
end|main|55008|23|ThreadId(2)|22528|25600|1790150765768360100
begin|main|55008|24|ThreadId(2)|23552|25600|1790150765789824400
end|main|55008|24|ThreadId(2)|23552|25600|1790150765805892400
begin|main|55008|25|ThreadId(2)|24576|25600|1790150765828232900
end|main|55008|25|ThreadId(2)|24576|25600|1790150765843476000
begin|main|55008|26|ThreadId(2)|25600|25600|1790150765863810200
end|main|55008|26|ThreadId(2)|25600|25600|1790150765879724700
begin|main|55008|27|ThreadId(2)|26624|25600|1790150765899867300
end|main|55008|27|ThreadId(2)|26624|25600|1790150765916126400
begin|main|55008|28|ThreadId(2)|27648|25600|1790150765935200400
end|main|55008|28|ThreadId(2)|27648|25600|1790150765954000200
begin|main|55008|29|ThreadId(2)|28672|25600|1790150765975725800
end|main|55008|29|ThreadId(2)|28672|25600|1790150765992049700
begin|main|55008|30|ThreadId(2)|29696|25600|1790150766014322900
end|main|55008|30|ThreadId(2)|29696|25600|1790150766033229600
begin|main|55008|31|ThreadId(2)|30720|25600|1790150766053139400
end|main|55008|31|ThreadId(2)|30720|25600|1790150766070700200
begin|main|55008|32|ThreadId(2)|31744|25600|1790150766089917600
end|main|55008|32|ThreadId(2)|31744|25600|1790150766109442300
begin|main|55008|33|ThreadId(2)|32768|25600|1790150766130491800
end|main|55008|33|ThreadId(2)|32768|25600|1790150766148301600
begin|main|55008|34|ThreadId(2)|33792|25600|1790150766169377500
end|main|55008|34|ThreadId(2)|33792|25600|1790150766187182200
begin|main|55008|35|ThreadId(2)|34816|25600|1790150766205431200
end|main|55008|35|ThreadId(2)|34816|25600|1790150766222084400
begin|main|55008|36|ThreadId(2)|35840|25600|1790150766240754500
end|main|55008|36|ThreadId(2)|35840|25600|1790150766258727900
begin|main|55008|37|ThreadId(2)|36864|25600|1790150766277988200
end|main|55008|37|ThreadId(2)|36864|25600|1790150766295955100
begin|main|55008|38|ThreadId(2)|37888|25600|1790150766315022400
end|main|55008|38|ThreadId(2)|37888|25600|1790150766332800300
begin|main|55008|39|ThreadId(2)|38912|25600|1790150766351111300
end|main|55008|39|ThreadId(2)|38912|25600|1790150766368451900
begin|main|55008|40|ThreadId(2)|39936|25600|1790150766389104300
end|main|55008|40|ThreadId(2)|39936|25600|1790150766405669300
begin|main|55008|41|ThreadId(2)|40960|25600|1790150766424023600
end|main|55008|41|ThreadId(2)|40960|25600|1790150766443483200
begin|main|55008|42|ThreadId(2)|41984|25600|1790150766462480600
end|main|55008|42|ThreadId(2)|41984|25600|1790150766479639900
begin|main|55008|43|ThreadId(2)|43008|25600|1790150766499031100
end|main|55008|43|ThreadId(2)|43008|25600|1790150766516761100
begin|main|55008|44|ThreadId(2)|44032|25600|1790150766535607900
end|main|55008|44|ThreadId(2)|44032|25600|1790150766553589300
begin|main|55008|45|ThreadId(2)|45056|25600|1790150766573123000
end|main|55008|45|ThreadId(2)|45056|25600|1790150766591611300
begin|main|55008|46|ThreadId(2)|46080|25600|1790150766610121900
end|main|55008|46|ThreadId(2)|46080|25600|1790150766627436200
begin|main|55008|47|ThreadId(2)|47104|25600|1790150766645879100
end|main|55008|47|ThreadId(2)|47104|25600|1790150766663323600
begin|main|55008|48|ThreadId(2)|48128|25600|1790150766682969400
end|main|55008|48|ThreadId(2)|48128|25600|1790150766700600300
