begin|main|45264|1|ThreadId(3)|7168|25600|1790150689293352700
end|main|45264|1|ThreadId(3)|7168|25600|1790150689320709000
begin|main|45264|2|ThreadId(2)|4096|25600|1790150689336010300
end|main|45264|2|ThreadId(2)|4096|25600|1790150689346669800
begin|main|45264|3|ThreadId(3)|9216|25600|1790150689400798900
begin|main|45264|4|ThreadId(4)|8192|25600|1790150689401098900
begin|main|45264|5|ThreadId(5)|0|25600|1790150689401832600
end|main|45264|3|ThreadId(3)|9216|25600|1790150689412050400
end|main|45264|4|ThreadId(4)|8192|25600|1790150689416337200
end|main|45264|5|ThreadId(5)|0|25600|1790150689419714700
begin|main|45264|6|ThreadId(6)|6144|25600|1790150689444762700
end|main|45264|6|ThreadId(6)|6144|25600|1790150689456006100
begin|main|45264|7|ThreadId(7)|10240|25600|1790150689475867200
begin|main|45264|8|ThreadId(2)|12288|25600|1790150689476017300
end|main|45264|8|ThreadId(2)|12288|25600|1790150689487850800
end|main|45264|7|ThreadId(7)|10240|25600|1790150689491676500
begin|main|45264|9|ThreadId(5)|14336|25600|1790150689508114000
begin|main|45264|10|ThreadId(6)|15360|25600|1790150689508635200
begin|main|45264|11|ThreadId(2)|16384|25600|1790150689509012900
begin|main|45264|12|ThreadId(4)|13312|25600|1790150689509301300
begin|main|45264|13|ThreadId(8)|5120|25600|1790150689509633000
end|main|45264|9|ThreadId(5)|14336|25600|1790150689520454800
end|main|45264|10|ThreadId(6)|15360|25600|1790150689524996500
end|main|45264|11|ThreadId(2)|16384|25600|1790150689528307700
end|main|45264|12|ThreadId(4)|13312|25600|1790150689531852900
end|main|45264|13|ThreadId(8)|5120|25600|1790150689536950400
begin|main|45264|14|ThreadId(9)|1024|25600|1790150689550339100
end|main|45264|14|ThreadId(9)|1024|25600|1790150689561930000
begin|main|45264|15|ThreadId(2)|21504|25600|1790150689586634200
begin|main|45264|16|ThreadId(6)|20480|25600|1790150689586904400
begin|main|45264|17|ThreadId(10)|17408|25600|1790150689587764100
begin|main|45264|18|ThreadId(7)|19456|25600|1790150689588211900
begin|main|45264|19|ThreadId(4)|22528|25600|1790150689588763900
end|main|45264|15|ThreadId(2)|21504|25600|1790150689599201600
end|main|45264|16|ThreadId(6)|20480|25600|1790150689602817700
end|main|45264|17|ThreadId(10)|17408|25600|1790150689605843900
end|main|45264|19|ThreadId(4)|22528|25600|1790150689609102400
end|main|45264|18|ThreadId(7)|19456|25600|1790150689612176400
begin|main|45264|20|ThreadId(8)|23552|25600|1790150689624525200
begin|main|45264|21|ThreadId(11)|2048|25600|1790150689624905500
begin|main|45264|22|ThreadId(2)|25600|25600|1790150689625211800
begin|main|45264|23|ThreadId(9)|24576|25600|1790150689625602200
end|main|45264|20|ThreadId(8)|23552|25600|1790150689634547500
end|main|45264|22|ThreadId(2)|25600|25600|1790150689639407300
end|main|45264|23|ThreadId(9)|24576|25600|1790150689641773800
end|main|45264|21|ThreadId(11)|2048|25600|1790150689645558900
begin|main|45264|24|ThreadId(4)|29696|25600|1790150689662769700
begin|main|45264|25|ThreadId(12)|3072|25600|1790150689663438700
begin|main|45264|26|ThreadId(13)|26624|25600|1790150689663618900
begin|main|45264|27|ThreadId(6)|28672|25600|1790150689663762900
begin|main|45264|28|ThreadId(3)|11264|25600|1790150689664075600
end|main|45264|26|ThreadId(13)|26624|25600|1790150689675879100
end|main|45264|24|ThreadId(4)|29696|25600|1790150689678999600
end|main|45264|27|ThreadId(6)|28672|25600|1790150689682330500
end|main|45264|25|ThreadId(12)|3072|25600|1790150689685834500
end|main|45264|28|ThreadId(3)|11264|25600|1790150689690049200
begin|main|45264|29|ThreadId(7)|30720|25600|1790150689700727800
begin|main|45264|30|ThreadId(5)|18432|25600|1790150689701211500
begin|main|45264|31|ThreadId(2)|32768|25600|1790150689701692000
begin|main|45264|32|ThreadId(8)|31744|25600|1790150689702154700
end|main|45264|29|ThreadId(7)|30720|25600|1790150689713088900
end|main|45264|30|ThreadId(5)|18432|25600|1790150689716504200
end|main|45264|31|ThreadId(2)|32768|25600|1790150689720368200
end|main|45264|32|ThreadId(8)|31744|25600|1790150689723870800
begin|main|45264|33|ThreadId(2)|44032|25600|1790150689744305800
begin|main|45264|34|ThreadId(13)|35840|25600|1790150689745095500
begin|main|45264|35|ThreadId(5)|43008|25600|1790150689746686700
begin|main|45264|36|ThreadId(7)|41984|25600|1790150689746888100
begin|main|45264|37|ThreadId(9)|33792|25600|1790150689747551200
begin|main|45264|38|ThreadId(10)|27648|25600|1790150689747948000
begin|main|45264|39|ThreadId(4)|38912|25600|1790150689748304700
begin|main|45264|40|ThreadId(14)|36864|25600|1790150689748716800
begin|main|45264|41|ThreadId(11)|34816|25600|1790150689749311100
begin|main|45264|42|ThreadId(3)|40960|25600|1790150689749748600
begin|main|45264|43|ThreadId(6)|37888|25600|1790150689750042300
begin|main|45264|44|ThreadId(12)|39936|25600|1790150689750309400
end|main|45264|33|ThreadId(2)|44032|25600|1790150689759717200
end|main|45264|34|ThreadId(13)|35840|25600|1790150689763989800
end|main|45264|36|ThreadId(7)|41984|25600|1790150689769754700
end|main|45264|35|ThreadId(5)|43008|25600|1790150689774298900
end|main|45264|37|ThreadId(9)|33792|25600|1790150689778608500
end|main|45264|38|ThreadId(10)|27648|25600|1790150689782692400
end|main|45264|44|ThreadId(12)|39936|25600|1790150689786704600
end|main|45264|40|ThreadId(14)|36864|25600|1790150689790649900
end|main|45264|41|ThreadId(11)|34816|25600|1790150689794552400
end|main|45264|39|ThreadId(4)|38912|25600|1790150689798574500
end|main|45264|43|ThreadId(6)|37888|25600|1790150689803189300
end|main|45264|42|ThreadId(3)|40960|25600|1790150689807710900
begin|main|45264|45|ThreadId(8)|45056|25600|1790150689809322200
begin|main|45264|46|ThreadId(2)|46080|25600|1790150689809516200
end|main|45264|46|ThreadId(2)|46080|25600|1790150689822048800
end|main|45264|45|ThreadId(8)|45056|25600|1790150689826325500
begin|main|45264|47|ThreadId(15)|48128|25600|1790150689854010800
begin|main|45264|48|ThreadId(13)|47104|25600|1790150689854235000
end|main|45264|48|ThreadId(13)|47104|25600|1790150689868153400
end|main|45264|47|ThreadId(15)|48128|25600|1790150689872525000
