begin|main|81392|1|ThreadId(2)|0|25600|1790148720606374500
end|main|81392|1|ThreadId(2)|0|25600|1790148720633523900
begin|main|81392|2|ThreadId(2)|1024|25600|1790148720656670700
end|main|81392|2|ThreadId(2)|1024|25600|1790148720670737700
begin|main|81392|3|ThreadId(2)|2048|25600|1790148720690129300
end|main|81392|3|ThreadId(2)|2048|25600|1790148720702761100
begin|main|81392|4|ThreadId(2)|3072|25600|1790148720723100100
end|main|81392|4|ThreadId(2)|3072|25600|1790148720734973400
begin|main|81392|5|ThreadId(2)|4096|25600|1790148720754110000
end|main|81392|5|ThreadId(2)|4096|25600|1790148720765361600
begin|main|81392|6|ThreadId(2)|5120|25600|1790148720785120500
end|main|81392|6|ThreadId(2)|5120|25600|1790148720795573300
begin|main|81392|7|ThreadId(2)|6144|25600|1790148720814992900
end|main|81392|7|ThreadId(2)|6144|25600|1790148720825916100
begin|main|81392|8|ThreadId(2)|7168|25600|1790148720844585100
end|main|81392|8|ThreadId(2)|7168|25600|1790148720855895200
begin|main|81392|9|ThreadId(2)|8192|25600|1790148720873933000
end|main|81392|9|ThreadId(2)|8192|25600|1790148720884243500
begin|main|81392|10|ThreadId(2)|9216|25600|1790148720902533000
end|main|81392|10|ThreadId(2)|9216|25600|1790148720913511700
begin|main|81392|11|ThreadId(2)|10240|25600|1790148720933430200
end|main|81392|11|ThreadId(2)|10240|25600|1790148720944467800
begin|main|81392|12|ThreadId(2)|11264|25600|1790148720963749500
end|main|81392|12|ThreadId(2)|11264|25600|1790148720975176500
begin|main|81392|13|ThreadId(2)|12288|25600|1790148720993893400
end|main|81392|13|ThreadId(2)|12288|25600|1790148721004743100
begin|main|81392|14|ThreadId(2)|13312|25600|1790148721023241600
end|main|81392|14|ThreadId(2)|13312|25600|1790148721034096000
begin|main|81392|15|ThreadId(2)|14336|25600|1790148721054393500
end|main|81392|15|ThreadId(2)|14336|25600|1790148721064428700
begin|main|81392|16|ThreadId(2)|15360|25600|1790148721081536400
end|main|81392|16|ThreadId(2)|15360|25600|1790148721091777500
begin|main|81392|17|ThreadId(2)|16384|25600|1790148721111357300
end|main|81392|17|ThreadId(2)|16384|25600|1790148721121178300
begin|main|81392|18|ThreadId(2)|17408|25600|1790148721140390600
end|main|81392|18|ThreadId(2)|17408|25600|1790148721150096600
begin|main|81392|19|ThreadId(2)|18432|25600|1790148721167068400
end|main|81392|19|ThreadId(2)|18432|25600|1790148721177224400
begin|main|81392|20|ThreadId(2)|19456|25600|1790148721195143700
end|main|81392|20|ThreadId(2)|19456|25600|1790148721205234900
begin|main|81392|21|ThreadId(2)|20480|25600|1790148721223716700
end|main|81392|21|ThreadId(2)|20480|25600|1790148721232803900
begin|main|81392|22|ThreadId(2)|21504|25600|1790148721250507600
end|main|81392|22|ThreadId(2)|21504|25600|1790148721260504300
begin|main|81392|23|ThreadId(2)|22528|25600|1790148721277133100
end|main|81392|23|ThreadId(2)|22528|25600|1790148721285749700
begin|main|81392|24|ThreadId(2)|23552|25600|1790148721303404200
end|main|81392|24|ThreadId(2)|23552|25600|1790148721312047500
begin|main|81392|25|ThreadId(2)|24576|25600|1790148721329176200
end|main|81392|25|ThreadId(2)|24576|25600|1790148721339953800
begin|main|81392|26|ThreadId(2)|25600|25600|1790148721356949700
end|main|81392|26|ThreadId(2)|25600|25600|1790148721365453700
begin|main|81392|27|ThreadId(2)|26624|25600|1790148721383029900
end|main|81392|27|ThreadId(2)|26624|25600|1790148721391165200
begin|main|81392|28|ThreadId(2)|27648|25600|1790148721409267800
end|main|81392|28|ThreadId(2)|27648|25600|1790148721418650200
begin|main|81392|29|ThreadId(2)|28672|25600|1790148721437458100
end|main|81392|29|ThreadId(2)|28672|25600|1790148721447029300
begin|main|81392|30|ThreadId(2)|29696|25600|1790148721463888600
end|main|81392|30|ThreadId(2)|29696|25600|1790148721472866800
begin|main|81392|31|ThreadId(2)|30720|25600|1790148721491325800
end|main|81392|31|ThreadId(2)|30720|25600|1790148721500471100
begin|main|81392|32|ThreadId(2)|31744|25600|1790148721519129600
end|main|81392|32|ThreadId(2)|31744|25600|1790148721529884700
begin|main|81392|33|ThreadId(2)|32768|25600|1790148721550062600
end|main|81392|33|ThreadId(2)|32768|25600|1790148721561013000
begin|main|81392|34|ThreadId(2)|33792|25600|1790148721581249400
end|main|81392|34|ThreadId(2)|33792|25600|1790148721592088000
begin|main|81392|35|ThreadId(2)|34816|25600|1790148721610101700
end|main|81392|35|ThreadId(2)|34816|25600|1790148721622236400
begin|main|81392|36|ThreadId(2)|35840|25600|1790148721641672800
end|main|81392|36|ThreadId(2)|35840|25600|1790148721651686300
begin|main|81392|37|ThreadId(2)|36864|25600|1790148721670449600
end|main|81392|37|ThreadId(2)|36864|25600|1790148721681614800
begin|main|81392|38|ThreadId(2)|37888|25600|1790148721700681300
end|main|81392|38|ThreadId(2)|37888|25600|1790148721711798800
begin|main|81392|39|ThreadId(2)|38912|25600|1790148721730624300
end|main|81392|39|ThreadId(2)|38912|25600|1790148721741750600
begin|main|81392|40|ThreadId(2)|39936|25600|1790148721760139200
end|main|81392|40|ThreadId(2)|39936|25600|1790148721771512300
begin|main|81392|41|ThreadId(2)|40960|25600|1790148721789713300
end|main|81392|41|ThreadId(2)|40960|25600|1790148721801208600
begin|main|81392|42|ThreadId(2)|41984|25600|1790148721820071000
end|main|81392|42|ThreadId(2)|41984|25600|1790148721832403700
begin|main|81392|43|ThreadId(2)|43008|25600|1790148721851138400
end|main|81392|43|ThreadId(2)|43008|25600|1790148721862407100
begin|main|81392|44|ThreadId(2)|44032|25600|1790148721880922600
end|main|81392|44|ThreadId(2)|44032|25600|1790148721892039200
begin|main|81392|45|ThreadId(2)|45056|25600|1790148721911416900
end|main|81392|45|ThreadId(2)|45056|25600|1790148721922545800
begin|main|81392|46|ThreadId(2)|46080|25600|1790148721941578900
end|main|81392|46|ThreadId(2)|46080|25600|1790148721954295200
begin|main|81392|47|ThreadId(2)|47104|25600|1790148721973292100
end|main|81392|47|ThreadId(2)|47104|25600|1790148721984804600
begin|main|81392|48|ThreadId(2)|48128|25600|1790148722004112100
end|main|81392|48|ThreadId(2)|48128|25600|1790148722016162500
