begin|main|27772|1|ThreadId(3)|1024|25600|1790148710045043300
end|main|27772|1|ThreadId(3)|1024|25600|1790148710079581600
begin|main|27772|2|ThreadId(4)|7168|25600|1790148710090311300
end|main|27772|2|ThreadId(4)|7168|25600|1790148710109055000
begin|main|27772|3|ThreadId(3)|9216|25600|1790148710156581300
begin|main|27772|4|ThreadId(5)|8192|25600|1790148710157014800
begin|main|27772|5|ThreadId(6)|2048|25600|1790148710157823700
end|main|27772|3|ThreadId(3)|9216|25600|1790148710176472700
end|main|27772|4|ThreadId(5)|8192|25600|1790148710184711200
end|main|27772|5|ThreadId(6)|2048|25600|1790148710194008500
begin|main|27772|6|ThreadId(7)|3072|25600|1790148710202876000
end|main|27772|6|ThreadId(7)|3072|25600|1790148710223617900
begin|main|27772|7|ThreadId(5)|13312|25600|1790148710236109900
begin|main|27772|8|ThreadId(4)|12288|25600|1790148710236893800
end|main|27772|7|ThreadId(5)|13312|25600|1790148710255099300
end|main|27772|8|ThreadId(4)|12288|25600|1790148710262980700
begin|main|27772|9|ThreadId(8)|10240|25600|1790148710277611500
begin|main|27772|10|ThreadId(7)|15360|25600|1790148710278000300
begin|main|27772|11|ThreadId(6)|14336|25600|1790148710278815100
begin|main|27772|12|ThreadId(2)|6144|25600|1790148710279129900
begin|main|27772|13|ThreadId(5)|16384|25600|1790148710279411000
end|main|27772|9|ThreadId(8)|10240|25600|1790148710301394400
end|main|27772|10|ThreadId(7)|15360|25600|1790148710311071500
end|main|27772|11|ThreadId(6)|14336|25600|1790148710319639500
end|main|27772|13|ThreadId(5)|16384|25600|1790148710328823600
end|main|27772|12|ThreadId(2)|6144|25600|1790148710337635800
begin|main|27772|14|ThreadId(9)|4096|25600|1790148710337966000
end|main|27772|14|ThreadId(9)|4096|25600|1790148710359585200
begin|main|27772|15|ThreadId(6)|21504|25600|1790148710374885100
begin|main|27772|16|ThreadId(10)|5120|25600|1790148710375571900
end|main|27772|15|ThreadId(6)|21504|25600|1790148710394125900
end|main|27772|16|ThreadId(10)|5120|25600|1790148710404106900
begin|main|27772|17|ThreadId(11)|17408|25600|1790148710416207600
end|main|27772|17|ThreadId(11)|17408|25600|1790148710434575600
begin|main|27772|18|ThreadId(3)|11264|25600|1790148710458214400
begin|main|27772|19|ThreadId(2)|23552|25600|1790148710458778700
begin|main|27772|20|ThreadId(9)|24576|25600|1790148710459140700
begin|main|27772|21|ThreadId(7)|20480|25600|1790148710459432900
begin|main|27772|22|ThreadId(4)|19456|25600|1790148710459681300
begin|main|27772|23|ThreadId(12)|0|25600|1790148710459976300
begin|main|27772|24|ThreadId(10)|26624|25600|1790148710460382400
begin|main|27772|25|ThreadId(6)|25600|25600|1790148710460951300
begin|main|27772|26|ThreadId(5)|22528|25600|1790148710461837900
begin|main|27772|27|ThreadId(8)|18432|25600|1790148710465088600
end|main|27772|19|ThreadId(2)|23552|25600|1790148710485132600
end|main|27772|20|ThreadId(9)|24576|25600|1790148710494996900
end|main|27772|21|ThreadId(7)|20480|25600|1790148710507107900
end|main|27772|18|ThreadId(3)|11264|25600|1790148710517219600
end|main|27772|25|ThreadId(6)|25600|25600|1790148710527313900
end|main|27772|22|ThreadId(4)|19456|25600|1790148710537293200
end|main|27772|26|ThreadId(5)|22528|25600|1790148710546842000
end|main|27772|24|ThreadId(10)|26624|25600|1790148710557369400
end|main|27772|27|ThreadId(8)|18432|25600|1790148710566641000
end|main|27772|23|ThreadId(12)|0|25600|1790148710576191800
begin|main|27772|28|ThreadId(2)|28672|25600|1790148710619577100
begin|main|27772|29|ThreadId(9)|30720|25600|1790148710619845800
begin|main|27772|30|ThreadId(11)|29696|25600|1790148710620417200
begin|main|27772|31|ThreadId(3)|32768|25600|1790148710620746300
begin|main|27772|32|ThreadId(13)|27648|25600|1790148710621039500
begin|main|27772|33|ThreadId(7)|31744|25600|1790148710621419200
end|main|27772|28|ThreadId(2)|28672|25600|1790148710645037400
end|main|27772|29|ThreadId(9)|30720|25600|1790148710656040800
end|main|27772|33|ThreadId(7)|31744|25600|1790148710665255600
end|main|27772|31|ThreadId(3)|32768|25600|1790148710675472000
end|main|27772|30|ThreadId(11)|29696|25600|1790148710685713500
end|main|27772|32|ThreadId(13)|27648|25600|1790148710697390300
begin|main|27772|34|ThreadId(12)|33792|25600|1790148710702344900
begin|main|27772|35|ThreadId(2)|39936|25600|1790148710702798900
begin|main|27772|36|ThreadId(5)|36864|25600|1790148710703683000
begin|main|27772|37|ThreadId(8)|34816|25600|1790148710704252500
begin|main|27772|38|ThreadId(10)|35840|25600|1790148710704590500
begin|main|27772|39|ThreadId(3)|41984|25600|1790148710704993600
begin|main|27772|40|ThreadId(7)|40960|25600|1790148710705507800
begin|main|27772|41|ThreadId(4)|37888|25600|1790148710706447200
begin|main|27772|42|ThreadId(6)|38912|25600|1790148710706978600
end|main|27772|34|ThreadId(12)|33792|25600|1790148710734912400
end|main|27772|36|ThreadId(5)|36864|25600|1790148710745694600
end|main|27772|35|ThreadId(2)|39936|25600|1790148710755205800
end|main|27772|37|ThreadId(8)|34816|25600|1790148710764763400
end|main|27772|38|ThreadId(10)|35840|25600|1790148710774940700
end|main|27772|39|ThreadId(3)|41984|25600|1790148710785102000
end|main|27772|41|ThreadId(4)|37888|25600|1790148710795581300
end|main|27772|40|ThreadId(7)|40960|25600|1790148710806420000
end|main|27772|42|ThreadId(6)|38912|25600|1790148710816997100
begin|main|27772|43|ThreadId(13)|43008|25600|1790148710819791400
begin|main|27772|44|ThreadId(11)|46080|25600|1790148710820608800
begin|main|27772|45|ThreadId(5)|44032|25600|1790148710821481600
begin|main|27772|46|ThreadId(2)|47104|25600|1790148710821735300
begin|main|27772|47|ThreadId(3)|48128|25600|1790148710822065000
begin|main|27772|48|ThreadId(12)|45056|25600|1790148710822370700
end|main|27772|43|ThreadId(13)|43008|25600|1790148710846109400
end|main|27772|44|ThreadId(11)|46080|25600|1790148710856435900
end|main|27772|45|ThreadId(5)|44032|25600|1790148710868524600
end|main|27772|48|ThreadId(12)|45056|25600|1790148710876959200
end|main|27772|46|ThreadId(2)|47104|25600|1790148710888780500
end|main|27772|47|ThreadId(3)|48128|25600|1790148710900645800
