begin|main|32664|1|ThreadId(2)|0|25600|1790150699435777100
end|main|32664|1|ThreadId(2)|0|25600|1790150699455089400
begin|main|32664|2|ThreadId(2)|1024|25600|1790150699473938000
end|main|32664|2|ThreadId(2)|1024|25600|1790150699481485900
begin|main|32664|3|ThreadId(2)|2048|25600|1790150699498463600
end|main|32664|3|ThreadId(2)|2048|25600|1790150699505662900
begin|main|32664|4|ThreadId(2)|3072|25600|1790150699522328600
end|main|32664|4|ThreadId(2)|3072|25600|1790150699530035900
begin|main|32664|5|ThreadId(2)|4096|25600|1790150699547249900
end|main|32664|5|ThreadId(2)|4096|25600|1790150699554409900
begin|main|32664|6|ThreadId(2)|5120|25600|1790150699570187000
end|main|32664|6|ThreadId(2)|5120|25600|1790150699577036600
begin|main|32664|7|ThreadId(2)|6144|25600|1790150699593512900
end|main|32664|7|ThreadId(2)|6144|25600|1790150699600249700
begin|main|32664|8|ThreadId(2)|7168|25600|1790150699616292400
end|main|32664|8|ThreadId(2)|7168|25600|1790150699623682000
begin|main|32664|9|ThreadId(2)|8192|25600|1790150699640106300
end|main|32664|9|ThreadId(2)|8192|25600|1790150699646508400
begin|main|32664|10|ThreadId(2)|9216|25600|1790150699661910100
end|main|32664|10|ThreadId(2)|9216|25600|1790150699669253300
begin|main|32664|11|ThreadId(2)|10240|25600|1790150699684975300
end|main|32664|11|ThreadId(2)|10240|25600|1790150699692698800
begin|main|32664|12|ThreadId(2)|11264|25600|1790150699709124800
end|main|32664|12|ThreadId(2)|11264|25600|1790150699715841300
begin|main|32664|13|ThreadId(2)|12288|25600|1790150699731123900
end|main|32664|13|ThreadId(2)|12288|25600|1790150699738391100
begin|main|32664|14|ThreadId(2)|13312|25600|1790150699753480700
end|main|32664|14|ThreadId(2)|13312|25600|1790150699759887800
begin|main|32664|15|ThreadId(2)|14336|25600|1790150699775786400
end|main|32664|15|ThreadId(2)|14336|25600|1790150699782660300
begin|main|32664|16|ThreadId(2)|15360|25600|1790150699798496100
end|main|32664|16|ThreadId(2)|15360|25600|1790150699805424100
begin|main|32664|17|ThreadId(2)|16384|25600|1790150699821634100
end|main|32664|17|ThreadId(2)|16384|25600|1790150699829107900
begin|main|32664|18|ThreadId(2)|17408|25600|1790150699844626200
end|main|32664|18|ThreadId(2)|17408|25600|1790150699851443300
begin|main|32664|19|ThreadId(2)|18432|25600|1790150699867833500
end|main|32664|19|ThreadId(2)|18432|25600|1790150699874366800
begin|main|32664|20|ThreadId(2)|19456|25600|1790150699890065800
end|main|32664|20|ThreadId(2)|19456|25600|1790150699896107200
begin|main|32664|21|ThreadId(2)|20480|25600|1790150699911861700
end|main|32664|21|ThreadId(2)|20480|25600|1790150699917403200
begin|main|32664|22|ThreadId(2)|21504|25600|1790150699933333700
end|main|32664|22|ThreadId(2)|21504|25600|1790150699938464200
begin|main|32664|23|ThreadId(2)|22528|25600|1790150699952521100
end|main|32664|23|ThreadId(2)|22528|25600|1790150699959337000
begin|main|32664|24|ThreadId(2)|23552|25600|1790150699974523800
end|main|32664|24|ThreadId(2)|23552|25600|1790150699979904200
begin|main|32664|25|ThreadId(2)|24576|25600|1790150699995690200
end|main|32664|25|ThreadId(2)|24576|25600|1790150700002020900
begin|main|32664|26|ThreadId(2)|25600|25600|1790150700019011400
end|main|32664|26|ThreadId(2)|25600|25600|1790150700024932100
begin|main|32664|27|ThreadId(2)|26624|25600|1790150700041134600
end|main|32664|27|ThreadId(2)|26624|25600|1790150700047164400
begin|main|32664|28|ThreadId(2)|27648|25600|1790150700063959500
end|main|32664|28|ThreadId(2)|27648|25600|1790150700070526400
begin|main|32664|29|ThreadId(2)|28672|25600|1790150700086298400
end|main|32664|29|ThreadId(2)|28672|25600|1790150700092354600
begin|main|32664|30|ThreadId(2)|29696|25600|1790150700109511400
end|main|32664|30|ThreadId(2)|29696|25600|1790150700115752900
begin|main|32664|31|ThreadId(2)|30720|25600|1790150700132438100
end|main|32664|31|ThreadId(2)|30720|25600|1790150700139141600
begin|main|32664|32|ThreadId(2)|31744|25600|1790150700156017100
end|main|32664|32|ThreadId(2)|31744|25600|1790150700162276300
begin|main|32664|33|ThreadId(2)|32768|25600|1790150700178972500
end|main|32664|33|ThreadId(2)|32768|25600|1790150700185470300
begin|main|32664|34|ThreadId(2)|33792|25600|1790150700201853400
end|main|32664|34|ThreadId(2)|33792|25600|1790150700208460600
begin|main|32664|35|ThreadId(2)|34816|25600|1790150700225824500
end|main|32664|35|ThreadId(2)|34816|25600|1790150700234603300
begin|main|32664|36|ThreadId(2)|35840|25600|1790150700252918800
end|main|32664|36|ThreadId(2)|35840|25600|1790150700260583800
begin|main|32664|37|ThreadId(2)|36864|25600|1790150700277345000
end|main|32664|37|ThreadId(2)|36864|25600|1790150700283953900
begin|main|32664|38|ThreadId(2)|37888|25600|1790150700298828700
end|main|32664|38|ThreadId(2)|37888|25600|1790150700305489400
begin|main|32664|39|ThreadId(2)|38912|25600|1790150700322059900
end|main|32664|39|ThreadId(2)|38912|25600|1790150700328605600
begin|main|32664|40|ThreadId(2)|39936|25600|1790150700344052800
end|main|32664|40|ThreadId(2)|39936|25600|1790150700351272700
begin|main|32664|41|ThreadId(2)|40960|25600|1790150700366940700
end|main|32664|41|ThreadId(2)|40960|25600|1790150700374024700
begin|main|32664|42|ThreadId(2)|41984|25600|1790150700390012400
end|main|32664|42|ThreadId(2)|41984|25600|1790150700396932800
begin|main|32664|43|ThreadId(2)|43008|25600|1790150700414718400
end|main|32664|43|ThreadId(2)|43008|25600|1790150700423881600
begin|main|32664|44|ThreadId(2)|44032|25600|1790150700439503900
end|main|32664|44|ThreadId(2)|44032|25600|1790150700446702000
begin|main|32664|45|ThreadId(2)|45056|25600|1790150700462658600
end|main|32664|45|ThreadId(2)|45056|25600|1790150700470029300
begin|main|32664|46|ThreadId(2)|46080|25600|1790150700485533200
end|main|32664|46|ThreadId(2)|46080|25600|1790150700492487000
begin|main|32664|47|ThreadId(2)|47104|25600|1790150700508184600
end|main|32664|47|ThreadId(2)|47104|25600|1790150700514950800
begin|main|32664|48|ThreadId(2)|48128|25600|1790150700530510800
end|main|32664|48|ThreadId(2)|48128|25600|1790150700538415800
