begin|main|50228|1|ThreadId(3)|7168|25600|1790148731539075700
end|main|50228|1|ThreadId(3)|7168|25600|1790148731564960100
begin|main|50228|2|ThreadId(4)|5120|25600|1790148731581385200
end|main|50228|2|ThreadId(4)|5120|25600|1790148731593701400
begin|main|50228|3|ThreadId(5)|3072|25600|1790148731646049700
end|main|50228|3|ThreadId(5)|3072|25600|1790148731660285100
begin|main|50228|4|ThreadId(6)|8192|25600|1790148731676543900
begin|main|50228|5|ThreadId(7)|9216|25600|1790148731676893700
end|main|50228|4|ThreadId(6)|8192|25600|1790148731689145400
end|main|50228|5|ThreadId(7)|9216|25600|1790148731695220800
begin|main|50228|6|ThreadId(5)|12288|25600|1790148731713404400
begin|main|50228|7|ThreadId(6)|13312|25600|1790148731714147000
begin|main|50228|8|ThreadId(3)|11264|25600|1790148731714717200
begin|main|50228|9|ThreadId(8)|4096|25600|1790148731714983400
end|main|50228|6|ThreadId(5)|12288|25600|1790148731725960400
end|main|50228|7|ThreadId(6)|13312|25600|1790148731732568000
end|main|50228|9|ThreadId(8)|4096|25600|1790148731741306500
end|main|50228|8|ThreadId(3)|11264|25600|1790148731746950100
begin|main|50228|10|ThreadId(9)|0|25600|1790148731764604800
end|main|50228|10|ThreadId(9)|0|25600|1790148731776904400
begin|main|50228|11|ThreadId(10)|15360|25600|1790148731803061600
begin|main|50228|12|ThreadId(8)|18432|25600|1790148731803602400
begin|main|50228|13|ThreadId(5)|17408|25600|1790148731803853300
begin|main|50228|14|ThreadId(7)|14336|25600|1790148731804245200
end|main|50228|11|ThreadId(10)|15360|25600|1790148731814441400
end|main|50228|13|ThreadId(5)|17408|25600|1790148731819954900
end|main|50228|12|ThreadId(8)|18432|25600|1790148731825383400
end|main|50228|14|ThreadId(7)|14336|25600|1790148731831776500
begin|main|50228|15|ThreadId(3)|19456|25600|1790148731846623000
begin|main|50228|16|ThreadId(9)|20480|25600|1790148731847281700
begin|main|50228|17|ThreadId(2)|6144|25600|1790148731848218200
end|main|50228|15|ThreadId(3)|19456|25600|1790148731858886100
end|main|50228|16|ThreadId(9)|20480|25600|1790148731865244100
end|main|50228|17|ThreadId(2)|6144|25600|1790148731872035800
begin|main|50228|18|ThreadId(11)|22528|25600|1790148731882835700
begin|main|50228|19|ThreadId(5)|24576|25600|1790148731883059300
begin|main|50228|20|ThreadId(10)|21504|25600|1790148731883496500
end|main|50228|19|ThreadId(5)|24576|25600|1790148731893400000
end|main|50228|18|ThreadId(11)|22528|25600|1790148731899297600
end|main|50228|20|ThreadId(10)|21504|25600|1790148731904612100
begin|main|50228|21|ThreadId(9)|27648|25600|1790148731921732300
begin|main|50228|22|ThreadId(2)|28672|25600|1790148731922682200
begin|main|50228|23|ThreadId(5)|29696|25600|1790148731923629700
begin|main|50228|24|ThreadId(7)|25600|25600|1790148731923956500
begin|main|50228|25|ThreadId(3)|26624|25600|1790148731924357600
begin|main|50228|26|ThreadId(11)|30720|25600|1790148731924816800
begin|main|50228|27|ThreadId(12)|1024|25600|1790148731925021700
end|main|50228|21|ThreadId(9)|27648|25600|1790148731937153100
end|main|50228|22|ThreadId(2)|28672|25600|1790148731942760700
end|main|50228|23|ThreadId(5)|29696|25600|1790148731949937800
end|main|50228|25|ThreadId(3)|26624|25600|1790148731954906500
end|main|50228|26|ThreadId(11)|30720|25600|1790148731961010600
end|main|50228|24|ThreadId(7)|25600|25600|1790148731966590000
end|main|50228|27|ThreadId(12)|1024|25600|1790148731975929200
begin|main|50228|28|ThreadId(13)|2048|25600|1790148731977165400
begin|main|50228|29|ThreadId(4)|10240|25600|1790148731977495000
begin|main|50228|30|ThreadId(2)|34816|25600|1790148731978873500
end|main|50228|28|ThreadId(13)|2048|25600|1790148731992325300
end|main|50228|29|ThreadId(4)|10240|25600|1790148731999458300
end|main|50228|30|ThreadId(2)|34816|25600|1790148732006358400
begin|main|50228|31|ThreadId(6)|16384|25600|1790148732024535200
begin|main|50228|32|ThreadId(8)|23552|25600|1790148732024738200
begin|main|50228|33|ThreadId(14)|31744|25600|1790148732025540900
begin|main|50228|34|ThreadId(5)|35840|25600|1790148732028398200
begin|main|50228|35|ThreadId(12)|37888|25600|1790148732028630300
begin|main|50228|36|ThreadId(7)|38912|25600|1790148732028970200
begin|main|50228|37|ThreadId(9)|32768|25600|1790148732029817200
begin|main|50228|38|ThreadId(3)|36864|25600|1790148732030404900
begin|main|50228|39|ThreadId(13)|40960|25600|1790148732030974800
begin|main|50228|40|ThreadId(11)|39936|25600|1790148732031824700
begin|main|50228|41|ThreadId(10)|33792|25600|1790148732032333100
begin|main|50228|42|ThreadId(4)|41984|25600|1790148732033131200
end|main|50228|32|ThreadId(8)|23552|25600|1790148732041259300
end|main|50228|33|ThreadId(14)|31744|25600|1790148732049489100
end|main|50228|31|ThreadId(6)|16384|25600|1790148732056147000
end|main|50228|34|ThreadId(5)|35840|25600|1790148732062793900
end|main|50228|36|ThreadId(7)|38912|25600|1790148732070879300
end|main|50228|35|ThreadId(12)|37888|25600|1790148732077145800
end|main|50228|37|ThreadId(9)|32768|25600|1790148732083339800
end|main|50228|38|ThreadId(3)|36864|25600|1790148732091334500
end|main|50228|40|ThreadId(11)|39936|25600|1790148732099386100
end|main|50228|39|ThreadId(13)|40960|25600|1790148732105898200
end|main|50228|41|ThreadId(10)|33792|25600|1790148732111198500
end|main|50228|42|ThreadId(4)|41984|25600|1790148732120229400
begin|main|50228|43|ThreadId(2)|43008|25600|1790148732123949200
begin|main|50228|44|ThreadId(8)|44032|25600|1790148732124600700
begin|main|50228|45|ThreadId(14)|45056|25600|1790148732124877300
end|main|50228|43|ThreadId(2)|43008|25600|1790148732140190000
end|main|50228|44|ThreadId(8)|44032|25600|1790148732147057500
end|main|50228|45|ThreadId(14)|45056|25600|1790148732154607300
begin|main|50228|46|ThreadId(15)|46080|25600|1790148732167588500
begin|main|50228|47|ThreadId(6)|48128|25600|1790148732167851100
begin|main|50228|48|ThreadId(5)|47104|25600|1790148732168239400
end|main|50228|46|ThreadId(15)|46080|25600|1790148732181411800
end|main|50228|47|ThreadId(6)|48128|25600|1790148732188725200
end|main|50228|48|ThreadId(5)|47104|25600|1790148732195722100
