begin|main|84096|1|ThreadId(2)|0|25600|1790150786914909500
end|main|84096|1|ThreadId(2)|0|25600|1790150786946387400
begin|main|84096|2|ThreadId(2)|1024|25600|1790150786972517500
end|main|84096|2|ThreadId(2)|1024|25600|1790150786988870400
begin|main|84096|3|ThreadId(2)|2048|25600|1790150787011434900
end|main|84096|3|ThreadId(2)|2048|25600|1790150787027369500
begin|main|84096|4|ThreadId(2)|3072|25600|1790150787047848000
end|main|84096|4|ThreadId(2)|3072|25600|1790150787064198900
begin|main|84096|5|ThreadId(2)|4096|25600|1790150787086261000
end|main|84096|5|ThreadId(2)|4096|25600|1790150787101872100
begin|main|84096|6|ThreadId(2)|5120|25600|1790150787122952000
end|main|84096|6|ThreadId(2)|5120|25600|1790150787136968200
begin|main|84096|7|ThreadId(2)|6144|25600|1790150787159974500
end|main|84096|7|ThreadId(2)|6144|25600|1790150787174069000
begin|main|84096|8|ThreadId(2)|7168|25600|1790150787194754400
end|main|84096|8|ThreadId(2)|7168|25600|1790150787207347600
begin|main|84096|9|ThreadId(2)|8192|25600|1790150787228443300
end|main|84096|9|ThreadId(2)|8192|25600|1790150787241124900
begin|main|84096|10|ThreadId(2)|9216|25600|1790150787260807400
end|main|84096|10|ThreadId(2)|9216|25600|1790150787274737800
begin|main|84096|11|ThreadId(2)|10240|25600|1790150787294933900
end|main|84096|11|ThreadId(2)|10240|25600|1790150787306977600
begin|main|84096|12|ThreadId(2)|11264|25600|1790150787326982300
end|main|84096|12|ThreadId(2)|11264|25600|1790150787339590100
begin|main|84096|13|ThreadId(2)|12288|25600|1790150787359318700
end|main|84096|13|ThreadId(2)|12288|25600|1790150787371875800
begin|main|84096|14|ThreadId(2)|13312|25600|1790150787391993000
end|main|84096|14|ThreadId(2)|13312|25600|1790150787404014200
begin|main|84096|15|ThreadId(2)|14336|25600|1790150787423440700
end|main|84096|15|ThreadId(2)|14336|25600|1790150787435227600
begin|main|84096|16|ThreadId(2)|15360|25600|1790150787456371100
end|main|84096|16|ThreadId(2)|15360|25600|1790150787470009900
begin|main|84096|17|ThreadId(2)|16384|25600|1790150787489838300
end|main|84096|17|ThreadId(2)|16384|25600|1790150787501526400
begin|main|84096|18|ThreadId(2)|17408|25600|1790150787519607800
end|main|84096|18|ThreadId(2)|17408|25600|1790150787530989700
begin|main|84096|19|ThreadId(2)|18432|25600|1790150787550265100
end|main|84096|19|ThreadId(2)|18432|25600|1790150787562348600
begin|main|84096|20|ThreadId(2)|19456|25600|1790150787579704400
end|main|84096|20|ThreadId(2)|19456|25600|1790150787590992800
begin|main|84096|21|ThreadId(2)|20480|25600|1790150787609137800
end|main|84096|21|ThreadId(2)|20480|25600|1790150787619333800
begin|main|84096|22|ThreadId(2)|21504|25600|1790150787636874600
end|main|84096|22|ThreadId(2)|21504|25600|1790150787647545700
begin|main|84096|23|ThreadId(2)|22528|25600|1790150787666144500
end|main|84096|23|ThreadId(2)|22528|25600|1790150787676101200
begin|main|84096|24|ThreadId(2)|23552|25600|1790150787692777100
end|main|84096|24|ThreadId(2)|23552|25600|1790150787702919400
begin|main|84096|25|ThreadId(2)|24576|25600|1790150787720461200
end|main|84096|25|ThreadId(2)|24576|25600|1790150787730174700
begin|main|84096|26|ThreadId(2)|25600|25600|1790150787746684900
end|main|84096|26|ThreadId(2)|25600|25600|1790150787756471500
begin|main|84096|27|ThreadId(2)|26624|25600|1790150787773539500
end|main|84096|27|ThreadId(2)|26624|25600|1790150787783171600
begin|main|84096|28|ThreadId(2)|27648|25600|1790150787800247100
end|main|84096|28|ThreadId(2)|27648|25600|1790150787811051500
begin|main|84096|29|ThreadId(2)|28672|25600|1790150787828895000
end|main|84096|29|ThreadId(2)|28672|25600|1790150787840285500
begin|main|84096|30|ThreadId(2)|29696|25600|1790150787858819400
end|main|84096|30|ThreadId(2)|29696|25600|1790150787869859500
begin|main|84096|31|ThreadId(2)|30720|25600|1790150787889914300
end|main|84096|31|ThreadId(2)|30720|25600|1790150787902305300
begin|main|84096|32|ThreadId(2)|31744|25600|1790150787920661800
end|main|84096|32|ThreadId(2)|31744|25600|1790150787931849800
begin|main|84096|33|ThreadId(2)|32768|25600|1790150787950171800
end|main|84096|33|ThreadId(2)|32768|25600|1790150787962323700
begin|main|84096|34|ThreadId(2)|33792|25600|1790150787979350100
end|main|84096|34|ThreadId(2)|33792|25600|1790150787990288100
begin|main|84096|35|ThreadId(2)|34816|25600|1790150788009912900
end|main|84096|35|ThreadId(2)|34816|25600|1790150788021993500
begin|main|84096|36|ThreadId(2)|35840|25600|1790150788039786100
end|main|84096|36|ThreadId(2)|35840|25600|1790150788052294200
begin|main|84096|37|ThreadId(2)|36864|25600|1790150788070121300
end|main|84096|37|ThreadId(2)|36864|25600|1790150788082161100
begin|main|84096|38|ThreadId(2)|37888|25600|1790150788101826100
end|main|84096|38|ThreadId(2)|37888|25600|1790150788116751000
begin|main|84096|39|ThreadId(2)|38912|25600|1790150788136519800
end|main|84096|39|ThreadId(2)|38912|25600|1790150788148538500
begin|main|84096|40|ThreadId(2)|39936|25600|1790150788166561500
end|main|84096|40|ThreadId(2)|39936|25600|1790150788178727600
begin|main|84096|41|ThreadId(2)|40960|25600|1790150788197442200
end|main|84096|41|ThreadId(2)|40960|25600|1790150788210328100
begin|main|84096|42|ThreadId(2)|41984|25600|1790150788229104600
end|main|84096|42|ThreadId(2)|41984|25600|1790150788241886800
begin|main|84096|43|ThreadId(2)|43008|25600|1790150788261236400
end|main|84096|43|ThreadId(2)|43008|25600|1790150788273862200
begin|main|84096|44|ThreadId(2)|44032|25600|1790150788292842000
end|main|84096|44|ThreadId(2)|44032|25600|1790150788305574900
begin|main|84096|45|ThreadId(2)|45056|25600|1790150788324396700
end|main|84096|45|ThreadId(2)|45056|25600|1790150788337850100
begin|main|84096|46|ThreadId(2)|46080|25600|1790150788356865900
end|main|84096|46|ThreadId(2)|46080|25600|1790150788370241200
begin|main|84096|47|ThreadId(2)|47104|25600|1790150788388982500
end|main|84096|47|ThreadId(2)|47104|25600|1790150788402083700
begin|main|84096|48|ThreadId(2)|48128|25600|1790150788420465000
end|main|84096|48|ThreadId(2)|48128|25600|1790150788435175400
