begin|main|53868|1|ThreadId(3)|3072|25600|1790148688439318500
end|main|53868|1|ThreadId(3)|3072|25600|1790148688460386700
begin|main|53868|2|ThreadId(4)|7168|25600|1790148688477453100
end|main|53868|2|ThreadId(4)|7168|25600|1790148688485679100
begin|main|53868|3|ThreadId(5)|0|25600|1790148688547878000
begin|main|53868|4|ThreadId(3)|9216|25600|1790148688548490000
begin|main|53868|5|ThreadId(6)|8192|25600|1790148688548732700
end|main|53868|4|ThreadId(3)|9216|25600|1790148688555927700
end|main|53868|3|ThreadId(5)|0|25600|1790148688559791900
end|main|53868|5|ThreadId(6)|8192|25600|1790148688563789100
begin|main|53868|6|ThreadId(7)|2048|25600|1790148688591797100
end|main|53868|6|ThreadId(7)|2048|25600|1790148688600822100
begin|main|53868|7|ThreadId(4)|12288|25600|1790148688627213000
begin|main|53868|8|ThreadId(8)|10240|25600|1790148688627790300
end|main|53868|7|ThreadId(4)|12288|25600|1790148688635309400
end|main|53868|8|ThreadId(8)|10240|25600|1790148688639112800
begin|main|53868|9|ThreadId(7)|15360|25600|1790148688663031900
begin|main|53868|10|ThreadId(6)|14336|25600|1790148688663236500
begin|main|53868|11|ThreadId(4)|16384|25600|1790148688663609500
begin|main|53868|12|ThreadId(9)|6144|25600|1790148688663848300
begin|main|53868|13|ThreadId(5)|13312|25600|1790148688664136100
end|main|53868|9|ThreadId(7)|15360|25600|1790148688671033700
end|main|53868|10|ThreadId(6)|14336|25600|1790148688674471300
end|main|53868|11|ThreadId(4)|16384|25600|1790148688677173200
end|main|53868|13|ThreadId(5)|13312|25600|1790148688680597800
end|main|53868|12|ThreadId(9)|6144|25600|1790148688685270500
begin|main|53868|14|ThreadId(10)|4096|25600|1790148688709073500
end|main|53868|14|ThreadId(10)|4096|25600|1790148688716842500
begin|main|53868|15|ThreadId(4)|21504|25600|1790148688744891000
begin|main|53868|16|ThreadId(11)|17408|25600|1790148688745143500
begin|main|53868|17|ThreadId(8)|19456|25600|1790148688745448000
begin|main|53868|18|ThreadId(6)|20480|25600|1790148688745701400
end|main|53868|15|ThreadId(4)|21504|25600|1790148688752641900
end|main|53868|16|ThreadId(11)|17408|25600|1790148688755798000
end|main|53868|18|ThreadId(6)|20480|25600|1790148688759043400
end|main|53868|17|ThreadId(8)|19456|25600|1790148688763135900
begin|main|53868|19|ThreadId(9)|23552|25600|1790148688786601500
begin|main|53868|20|ThreadId(4)|25600|25600|1790148688786804700
begin|main|53868|21|ThreadId(5)|22528|25600|1790148688787207300
begin|main|53868|22|ThreadId(2)|1024|25600|1790148688787550300
end|main|53868|19|ThreadId(9)|23552|25600|1790148688793285700
end|main|53868|20|ThreadId(4)|25600|25600|1790148688796614400
end|main|53868|21|ThreadId(5)|22528|25600|1790148688801191200
end|main|53868|22|ThreadId(2)|1024|25600|1790148688805793500
begin|main|53868|23|ThreadId(12)|26624|25600|1790148688823103000
end|main|53868|23|ThreadId(12)|26624|25600|1790148688829706200
begin|main|53868|24|ThreadId(11)|28672|25600|1790148688861261000
begin|main|53868|25|ThreadId(7)|18432|25600|1790148688861600200
begin|main|53868|26|ThreadId(9)|30720|25600|1790148688861938400
begin|main|53868|27|ThreadId(8)|29696|25600|1790148688862245200
begin|main|53868|28|ThreadId(10)|24576|25600|1790148688862467100
begin|main|53868|29|ThreadId(3)|11264|25600|1790148688862690700
begin|main|53868|30|ThreadId(4)|31744|25600|1790148688863031200
begin|main|53868|31|ThreadId(5)|32768|25600|1790148688863406800
begin|main|53868|32|ThreadId(2)|33792|25600|1790148688863981800
begin|main|53868|33|ThreadId(13)|5120|25600|1790148688864423000
end|main|53868|25|ThreadId(7)|18432|25600|1790148688870654000
end|main|53868|26|ThreadId(9)|30720|25600|1790148688874152500
end|main|53868|24|ThreadId(11)|28672|25600|1790148688877121400
end|main|53868|27|ThreadId(8)|29696|25600|1790148688880247400
end|main|53868|28|ThreadId(10)|24576|25600|1790148688883503100
end|main|53868|29|ThreadId(3)|11264|25600|1790148688887383200
end|main|53868|30|ThreadId(4)|31744|25600|1790148688890591600
end|main|53868|31|ThreadId(5)|32768|25600|1790148688894263700
end|main|53868|32|ThreadId(2)|33792|25600|1790148688899483100
end|main|53868|33|ThreadId(13)|5120|25600|1790148688903628900
begin|main|53868|34|ThreadId(6)|27648|25600|1790148688905164000
begin|main|53868|35|ThreadId(12)|34816|25600|1790148688906215100
end|main|53868|34|ThreadId(6)|27648|25600|1790148688913580300
end|main|53868|35|ThreadId(12)|34816|25600|1790148688917581300
begin|main|53868|36|ThreadId(10)|40960|25600|1790148688945206100
begin|main|53868|37|ThreadId(14)|36864|25600|1790148688946694400
begin|main|53868|38|ThreadId(8)|39936|25600|1790148688946963800
end|main|53868|36|ThreadId(10)|40960|25600|1790148688951658500
end|main|53868|38|ThreadId(8)|39936|25600|1790148688959140600
end|main|53868|37|ThreadId(14)|36864|25600|1790148688962787000
begin|main|53868|39|ThreadId(2)|41984|25600|1790148688986339000
begin|main|53868|40|ThreadId(7)|35840|25600|1790148688986629000
begin|main|53868|41|ThreadId(10)|46080|25600|1790148688987913200
begin|main|53868|42|ThreadId(9)|38912|25600|1790148688988226700
begin|main|53868|43|ThreadId(5)|43008|25600|1790148688988531300
begin|main|53868|44|ThreadId(12)|47104|25600|1790148688988840600
begin|main|53868|45|ThreadId(6)|48128|25600|1790148688989144700
begin|main|53868|46|ThreadId(3)|45056|25600|1790148688989565000
begin|main|53868|47|ThreadId(4)|44032|25600|1790148688990138800
end|main|53868|39|ThreadId(2)|41984|25600|1790148688995014400
end|main|53868|40|ThreadId(7)|35840|25600|1790148688999734200
end|main|53868|41|ThreadId(10)|46080|25600|1790148689004187900
end|main|53868|42|ThreadId(9)|38912|25600|1790148689007509700
end|main|53868|44|ThreadId(12)|47104|25600|1790148689011571900
begin|main|53868|48|ThreadId(11)|37888|25600|1790148689011748900
end|main|53868|45|ThreadId(6)|48128|25600|1790148689015064600
end|main|53868|43|ThreadId(5)|43008|25600|1790148689019660100
end|main|53868|46|ThreadId(3)|45056|25600|1790148689023333400
end|main|53868|47|ThreadId(4)|44032|25600|1790148689026810400
end|main|53868|48|ThreadId(11)|37888|25600|1790148689031861400
