begin|main|23636|1|ThreadId(2)|0|25600|1790148741941952800
end|main|23636|1|ThreadId(2)|0|25600|1790148741978517000
begin|main|23636|2|ThreadId(2)|1024|25600|1790148742001413100
end|main|23636|2|ThreadId(2)|1024|25600|1790148742023074000
begin|main|23636|3|ThreadId(2)|2048|25600|1790148742043006200
end|main|23636|3|ThreadId(2)|2048|25600|1790148742062601900
begin|main|23636|4|ThreadId(2)|3072|25600|1790148742081890400
end|main|23636|4|ThreadId(2)|3072|25600|1790148742103696000
begin|main|23636|5|ThreadId(2)|4096|25600|1790148742122367600
end|main|23636|5|ThreadId(2)|4096|25600|1790148742141276400
begin|main|23636|6|ThreadId(2)|5120|25600|1790148742160555600
end|main|23636|6|ThreadId(2)|5120|25600|1790148742180132000
begin|main|23636|7|ThreadId(2)|6144|25600|1790148742199448800
end|main|23636|7|ThreadId(2)|6144|25600|1790148742218859500
begin|main|23636|8|ThreadId(2)|7168|25600|1790148742237571900
end|main|23636|8|ThreadId(2)|7168|25600|1790148742255039900
begin|main|23636|9|ThreadId(2)|8192|25600|1790148742273491700
end|main|23636|9|ThreadId(2)|8192|25600|1790148742290076000
begin|main|23636|10|ThreadId(2)|9216|25600|1790148742308989200
end|main|23636|10|ThreadId(2)|9216|25600|1790148742327662800
begin|main|23636|11|ThreadId(2)|10240|25600|1790148742347417400
end|main|23636|11|ThreadId(2)|10240|25600|1790148742364355400
begin|main|23636|12|ThreadId(2)|11264|25600|1790148742383547700
end|main|23636|12|ThreadId(2)|11264|25600|1790148742402499000
begin|main|23636|13|ThreadId(2)|12288|25600|1790148742422353500
end|main|23636|13|ThreadId(2)|12288|25600|1790148742440685300
begin|main|23636|14|ThreadId(2)|13312|25600|1790148742461231000
end|main|23636|14|ThreadId(2)|13312|25600|1790148742479731000
begin|main|23636|15|ThreadId(2)|14336|25600|1790148742497733800
end|main|23636|15|ThreadId(2)|14336|25600|1790148742515470500
begin|main|23636|16|ThreadId(2)|15360|25600|1790148742533462300
end|main|23636|16|ThreadId(2)|15360|25600|1790148742550366100
begin|main|23636|17|ThreadId(2)|16384|25600|1790148742568933200
end|main|23636|17|ThreadId(2)|16384|25600|1790148742586131900
begin|main|23636|18|ThreadId(2)|17408|25600|1790148742604745400
end|main|23636|18|ThreadId(2)|17408|25600|1790148742622840500
begin|main|23636|19|ThreadId(2)|18432|25600|1790148742642653300
end|main|23636|19|ThreadId(2)|18432|25600|1790148742661201200
begin|main|23636|20|ThreadId(2)|19456|25600|1790148742680989500
end|main|23636|20|ThreadId(2)|19456|25600|1790148742700750500
begin|main|23636|21|ThreadId(2)|20480|25600|1790148742719383800
end|main|23636|21|ThreadId(2)|20480|25600|1790148742734987400
begin|main|23636|22|ThreadId(2)|21504|25600|1790148742753653200
end|main|23636|22|ThreadId(2)|21504|25600|1790148742768974000
begin|main|23636|23|ThreadId(2)|22528|25600|1790148742789442300
end|main|23636|23|ThreadId(2)|22528|25600|1790148742804536800
begin|main|23636|24|ThreadId(2)|23552|25600|1790148742822137200
end|main|23636|24|ThreadId(2)|23552|25600|1790148742836975500
begin|main|23636|25|ThreadId(2)|24576|25600|1790148742859347400
end|main|23636|25|ThreadId(2)|24576|25600|1790148742876729400
begin|main|23636|26|ThreadId(2)|25600|25600|1790148742897145600
end|main|23636|26|ThreadId(2)|25600|25600|1790148742912894600
begin|main|23636|27|ThreadId(2)|26624|25600|1790148742933810100
end|main|23636|27|ThreadId(2)|26624|25600|1790148742951498800
begin|main|23636|28|ThreadId(2)|27648|25600|1790148742971572500
end|main|23636|28|ThreadId(2)|27648|25600|1790148742987578700
begin|main|23636|29|ThreadId(2)|28672|25600|1790148743006786400
end|main|23636|29|ThreadId(2)|28672|25600|1790148743023026000
begin|main|23636|30|ThreadId(2)|29696|25600|1790148743041138100
end|main|23636|30|ThreadId(2)|29696|25600|1790148743056895500
begin|main|23636|31|ThreadId(2)|30720|25600|1790148743075336000
end|main|23636|31|ThreadId(2)|30720|25600|1790148743092212800
begin|main|23636|32|ThreadId(2)|31744|25600|1790148743109817100
end|main|23636|32|ThreadId(2)|31744|25600|1790148743126593800
begin|main|23636|33|ThreadId(2)|32768|25600|1790148743145372000
end|main|23636|33|ThreadId(2)|32768|25600|1790148743161580900
begin|main|23636|34|ThreadId(2)|33792|25600|1790148743181056600
end|main|23636|34|ThreadId(2)|33792|25600|1790148743197834500
begin|main|23636|35|ThreadId(2)|34816|25600|1790148743217096500
end|main|23636|35|ThreadId(2)|34816|25600|1790148743232769100
begin|main|23636|36|ThreadId(2)|35840|25600|1790148743250862500
end|main|23636|36|ThreadId(2)|35840|25600|1790148743268583400
begin|main|23636|37|ThreadId(2)|36864|25600|1790148743287100600
end|main|23636|37|ThreadId(2)|36864|25600|1790148743305318300
begin|main|23636|38|ThreadId(2)|37888|25600|1790148743323197000
end|main|23636|38|ThreadId(2)|37888|25600|1790148743341675900
begin|main|23636|39|ThreadId(2)|38912|25600|1790148743360776700
end|main|23636|39|ThreadId(2)|38912|25600|1790148743376992800
begin|main|23636|40|ThreadId(2)|39936|25600|1790148743395987500
end|main|23636|40|ThreadId(2)|39936|25600|1790148743412775700
begin|main|23636|41|ThreadId(2)|40960|25600|1790148743431841700
end|main|23636|41|ThreadId(2)|40960|25600|1790148743448358200
begin|main|23636|42|ThreadId(2)|41984|25600|1790148743466862000
end|main|23636|42|ThreadId(2)|41984|25600|1790148743484668900
begin|main|23636|43|ThreadId(2)|43008|25600|1790148743502706100
end|main|23636|43|ThreadId(2)|43008|25600|1790148743520264600
begin|main|23636|44|ThreadId(2)|44032|25600|1790148743539432100
end|main|23636|44|ThreadId(2)|44032|25600|1790148743557055800
begin|main|23636|45|ThreadId(2)|45056|25600|1790148743575032800
end|main|23636|45|ThreadId(2)|45056|25600|1790148743593514600
begin|main|23636|46|ThreadId(2)|46080|25600|1790148743613026400
end|main|23636|46|ThreadId(2)|46080|25600|1790148743631029100
begin|main|23636|47|ThreadId(2)|47104|25600|1790148743647981200
end|main|23636|47|ThreadId(2)|47104|25600|1790148743665565700
begin|main|23636|48|ThreadId(2)|48128|25600|1790148743684087200
end|main|23636|48|ThreadId(2)|48128|25600|1790148743701636200
