begin|main|55376|1|ThreadId(2)|0|25600|1790150678598423900
end|main|55376|1|ThreadId(2)|0|25600|1790150678622189900
begin|main|55376|2|ThreadId(2)|1024|25600|1790150678640311200
end|main|55376|2|ThreadId(2)|1024|25600|1790150678650981000
begin|main|55376|3|ThreadId(2)|2048|25600|1790150678668330600
end|main|55376|3|ThreadId(2)|2048|25600|1790150678680102300
begin|main|55376|4|ThreadId(2)|3072|25600|1790150678696322000
end|main|55376|4|ThreadId(2)|3072|25600|1790150678706612300
begin|main|55376|5|ThreadId(2)|4096|25600|1790150678721641100
end|main|55376|5|ThreadId(2)|4096|25600|1790150678731200100
begin|main|55376|6|ThreadId(2)|5120|25600|1790150678747802000
end|main|55376|6|ThreadId(2)|5120|25600|1790150678758150700
begin|main|55376|7|ThreadId(2)|6144|25600|1790150678774782300
end|main|55376|7|ThreadId(2)|6144|25600|1790150678786190600
begin|main|55376|8|ThreadId(2)|7168|25600|1790150678802231900
end|main|55376|8|ThreadId(2)|7168|25600|1790150678812110900
begin|main|55376|9|ThreadId(2)|8192|25600|1790150678827208800
end|main|55376|9|ThreadId(2)|8192|25600|1790150678836606200
begin|main|55376|10|ThreadId(2)|9216|25600|1790150678853458700
end|main|55376|10|ThreadId(2)|9216|25600|1790150678864187900
begin|main|55376|11|ThreadId(2)|10240|25600|1790150678880179500
end|main|55376|11|ThreadId(2)|10240|25600|1790150678889883500
begin|main|55376|12|ThreadId(2)|11264|25600|1790150678906584100
end|main|55376|12|ThreadId(2)|11264|25600|1790150678916022700
begin|main|55376|13|ThreadId(2)|12288|25600|1790150678932556100
end|main|55376|13|ThreadId(2)|12288|25600|1790150678943086400
begin|main|55376|14|ThreadId(2)|13312|25600|1790150678959979300
end|main|55376|14|ThreadId(2)|13312|25600|1790150678970459800
begin|main|55376|15|ThreadId(2)|14336|25600|1790150678987174300
end|main|55376|15|ThreadId(2)|14336|25600|1790150678996518800
begin|main|55376|16|ThreadId(2)|15360|25600|1790150679012657500
end|main|55376|16|ThreadId(2)|15360|25600|1790150679021420900
begin|main|55376|17|ThreadId(2)|16384|25600|1790150679037900800
end|main|55376|17|ThreadId(2)|16384|25600|1790150679047504900
begin|main|55376|18|ThreadId(2)|17408|25600|1790150679062620700
end|main|55376|18|ThreadId(2)|17408|25600|1790150679071644300
begin|main|55376|19|ThreadId(2)|18432|25600|1790150679088114700
end|main|55376|19|ThreadId(2)|18432|25600|1790150679097208400
begin|main|55376|20|ThreadId(2)|19456|25600|1790150679113871000
end|main|55376|20|ThreadId(2)|19456|25600|1790150679123143500
begin|main|55376|21|ThreadId(2)|20480|25600|1790150679139964700
end|main|55376|21|ThreadId(2)|20480|25600|1790150679148839200
begin|main|55376|22|ThreadId(2)|21504|25600|1790150679166457200
end|main|55376|22|ThreadId(2)|21504|25600|1790150679176028200
begin|main|55376|23|ThreadId(2)|22528|25600|1790150679195150600
end|main|55376|23|ThreadId(2)|22528|25600|1790150679204631900
begin|main|55376|24|ThreadId(2)|23552|25600|1790150679219557200
end|main|55376|24|ThreadId(2)|23552|25600|1790150679227274500
begin|main|55376|25|ThreadId(2)|24576|25600|1790150679244461700
end|main|55376|25|ThreadId(2)|24576|25600|1790150679252423800
begin|main|55376|26|ThreadId(2)|25600|25600|1790150679269752200
end|main|55376|26|ThreadId(2)|25600|25600|1790150679278937900
begin|main|55376|27|ThreadId(2)|26624|25600|1790150679294821900
end|main|55376|27|ThreadId(2)|26624|25600|1790150679305925500
begin|main|55376|28|ThreadId(2)|27648|25600|1790150679323990100
end|main|55376|28|ThreadId(2)|27648|25600|1790150679332573500
begin|main|55376|29|ThreadId(2)|28672|25600|1790150679350233900
end|main|55376|29|ThreadId(2)|28672|25600|1790150679359667400
begin|main|55376|30|ThreadId(2)|29696|25600|1790150679377152600
end|main|55376|30|ThreadId(2)|29696|25600|1790150679386952800
begin|main|55376|31|ThreadId(2)|30720|25600|1790150679403671100
end|main|55376|31|ThreadId(2)|30720|25600|1790150679412956600
begin|main|55376|32|ThreadId(2)|31744|25600|1790150679431191300
end|main|55376|32|ThreadId(2)|31744|25600|1790150679440795100
begin|main|55376|33|ThreadId(2)|32768|25600|1790150679458213800
end|main|55376|33|ThreadId(2)|32768|25600|1790150679467561800
begin|main|55376|34|ThreadId(2)|33792|25600|1790150679484113400
end|main|55376|34|ThreadId(2)|33792|25600|1790150679494041700
begin|main|55376|35|ThreadId(2)|34816|25600|1790150679511876500
end|main|55376|35|ThreadId(2)|34816|25600|1790150679520785100
begin|main|55376|36|ThreadId(2)|35840|25600|1790150679537926100
end|main|55376|36|ThreadId(2)|35840|25600|1790150679547265000
begin|main|55376|37|ThreadId(2)|36864|25600|1790150679563549200
end|main|55376|37|ThreadId(2)|36864|25600|1790150679572295300
begin|main|55376|38|ThreadId(2)|37888|25600|1790150679589846500
end|main|55376|38|ThreadId(2)|37888|25600|1790150679599652700
begin|main|55376|39|ThreadId(2)|38912|25600|1790150679617812300
end|main|55376|39|ThreadId(2)|38912|25600|1790150679628623800
begin|main|55376|40|ThreadId(2)|39936|25600|1790150679646897500
end|main|55376|40|ThreadId(2)|39936|25600|1790150679657323200
begin|main|55376|41|ThreadId(2)|40960|25600|1790150679673670000
end|main|55376|41|ThreadId(2)|40960|25600|1790150679683792000
begin|main|55376|42|ThreadId(2)|41984|25600|1790150679699561200
end|main|55376|42|ThreadId(2)|41984|25600|1790150679709044400
begin|main|55376|43|ThreadId(2)|43008|25600|1790150679726708800
end|main|55376|43|ThreadId(2)|43008|25600|1790150679737146500
begin|main|55376|44|ThreadId(2)|44032|25600|1790150679754301000
end|main|55376|44|ThreadId(2)|44032|25600|1790150679764160200
begin|main|55376|45|ThreadId(2)|45056|25600|1790150679780899600
end|main|55376|45|ThreadId(2)|45056|25600|1790150679791335300
begin|main|55376|46|ThreadId(2)|46080|25600|1790150679807383500
end|main|55376|46|ThreadId(2)|46080|25600|1790150679817985000
begin|main|55376|47|ThreadId(2)|47104|25600|1790150679834357200
end|main|55376|47|ThreadId(2)|47104|25600|1790150679844158500
begin|main|55376|48|ThreadId(2)|48128|25600|1790150679861492900
end|main|55376|48|ThreadId(2)|48128|25600|1790150679871817800
