begin|main|20800|1|ThreadId(3)|1024|25600|1790148774603800800
end|main|20800|1|ThreadId(3)|1024|25600|1790148774632207600
begin|main|20800|2|ThreadId(4)|2048|25600|1790148774648630500
end|main|20800|2|ThreadId(4)|2048|25600|1790148774663420400
begin|main|20800|3|ThreadId(3)|9216|25600|1790148774719310900
begin|main|20800|4|ThreadId(5)|4096|25600|1790148774720094900
begin|main|20800|5|ThreadId(6)|8192|25600|1790148774720620300
end|main|20800|3|ThreadId(3)|9216|25600|1790148774735571300
end|main|20800|5|ThreadId(6)|8192|25600|1790148774742415300
end|main|20800|4|ThreadId(5)|4096|25600|1790148774750069100
begin|main|20800|6|ThreadId(7)|3072|25600|1790148774769501600
end|main|20800|6|ThreadId(7)|3072|25600|1790148774784347200
begin|main|20800|7|ThreadId(3)|13312|25600|1790148774801915000
begin|main|20800|8|ThreadId(4)|10240|25600|1790148774802156600
end|main|20800|7|ThreadId(3)|13312|25600|1790148774815544000
end|main|20800|8|ThreadId(4)|10240|25600|1790148774822580800
begin|main|20800|9|ThreadId(7)|15360|25600|1790148774841408700
begin|main|20800|10|ThreadId(3)|16384|25600|1790148774842299100
begin|main|20800|11|ThreadId(5)|14336|25600|1790148774842693100
begin|main|20800|12|ThreadId(8)|6144|25600|1790148774843068300
begin|main|20800|13|ThreadId(9)|11264|25600|1790148774843277100
end|main|20800|9|ThreadId(7)|15360|25600|1790148774859083300
end|main|20800|10|ThreadId(3)|16384|25600|1790148774866016600
end|main|20800|11|ThreadId(5)|14336|25600|1790148774872747400
end|main|20800|13|ThreadId(9)|11264|25600|1790148774879771400
end|main|20800|12|ThreadId(8)|6144|25600|1790148774888012000
begin|main|20800|14|ThreadId(2)|7168|25600|1790148774900301100
end|main|20800|14|ThreadId(2)|7168|25600|1790148774916364200
begin|main|20800|15|ThreadId(9)|22528|25600|1790148774935481000
begin|main|20800|16|ThreadId(10)|18432|25600|1790148774935822000
begin|main|20800|17|ThreadId(7)|20480|25600|1790148774936713800
begin|main|20800|18|ThreadId(5)|21504|25600|1790148774936918100
begin|main|20800|19|ThreadId(4)|17408|25600|1790148774937396600
end|main|20800|15|ThreadId(9)|22528|25600|1790148774951293700
end|main|20800|16|ThreadId(10)|18432|25600|1790148774958078000
end|main|20800|17|ThreadId(7)|20480|25600|1790148774964532700
end|main|20800|18|ThreadId(5)|21504|25600|1790148774971878200
end|main|20800|19|ThreadId(4)|17408|25600|1790148774980155900
begin|main|20800|20|ThreadId(2)|24576|25600|1790148774982889000
begin|main|20800|21|ThreadId(8)|23552|25600|1790148774983143000
begin|main|20800|22|ThreadId(9)|25600|25600|1790148774984325900
begin|main|20800|23|ThreadId(11)|5120|25600|1790148774984932300
end|main|20800|20|ThreadId(2)|24576|25600|1790148774998790300
end|main|20800|21|ThreadId(8)|23552|25600|1790148775005608500
end|main|20800|22|ThreadId(9)|25600|25600|1790148775013068400
end|main|20800|23|ThreadId(11)|5120|25600|1790148775021960700
begin|main|20800|24|ThreadId(12)|26624|25600|1790148775026815400
begin|main|20800|25|ThreadId(10)|28672|25600|1790148775027496700
end|main|20800|24|ThreadId(12)|26624|25600|1790148775040440300
end|main|20800|25|ThreadId(10)|28672|25600|1790148775047756600
begin|main|20800|26|ThreadId(2)|31744|25600|1790148775067497100
begin|main|20800|27|ThreadId(8)|32768|25600|1790148775067799500
begin|main|20800|28|ThreadId(4)|30720|25600|1790148775068444700
begin|main|20800|29|ThreadId(5)|29696|25600|1790148775068586400
begin|main|20800|30|ThreadId(13)|0|25600|1790148775069860400
begin|main|20800|31|ThreadId(6)|12288|25600|1790148775079222300
end|main|20800|27|ThreadId(8)|32768|25600|1790148775086388300
end|main|20800|28|ThreadId(4)|30720|25600|1790148775093279600
end|main|20800|29|ThreadId(5)|29696|25600|1790148775100263700
end|main|20800|26|ThreadId(2)|31744|25600|1790148775107055800
end|main|20800|30|ThreadId(13)|0|25600|1790148775115622300
begin|main|20800|32|ThreadId(7)|27648|25600|1790148775116917900
begin|main|20800|33|ThreadId(3)|19456|25600|1790148775117283900
begin|main|20800|34|ThreadId(11)|39936|25600|1790148775125915500
end|main|20800|31|ThreadId(6)|12288|25600|1790148775134843700
begin|main|20800|35|ThreadId(12)|38912|25600|1790148775137768900
begin|main|20800|36|ThreadId(4)|35840|25600|1790148775138062800
begin|main|20800|37|ThreadId(8)|36864|25600|1790148775138417800
end|main|20800|32|ThreadId(7)|27648|25600|1790148775142596500
end|main|20800|33|ThreadId(3)|19456|25600|1790148775151162800
begin|main|20800|38|ThreadId(2)|33792|25600|1790148775153938500
begin|main|20800|39|ThreadId(10)|37888|25600|1790148775154620700
begin|main|20800|40|ThreadId(5)|34816|25600|1790148775155259900
begin|main|20800|41|ThreadId(13)|40960|25600|1790148775156661100
begin|main|20800|42|ThreadId(6)|41984|25600|1790148775157351600
end|main|20800|35|ThreadId(12)|38912|25600|1790148775173755100
end|main|20800|34|ThreadId(11)|39936|25600|1790148775181630400
end|main|20800|36|ThreadId(4)|35840|25600|1790148775191625700
end|main|20800|37|ThreadId(8)|36864|25600|1790148775199457500
end|main|20800|38|ThreadId(2)|33792|25600|1790148775207481300
end|main|20800|40|ThreadId(5)|34816|25600|1790148775214584600
end|main|20800|39|ThreadId(10)|37888|25600|1790148775223200900
end|main|20800|42|ThreadId(6)|41984|25600|1790148775230768500
end|main|20800|41|ThreadId(13)|40960|25600|1790148775238805300
begin|main|20800|43|ThreadId(5)|46080|25600|1790148775419712600
begin|main|20800|44|ThreadId(13)|43008|25600|1790148775420004400
begin|main|20800|45|ThreadId(6)|44032|25600|1790148775420342100
begin|main|20800|46|ThreadId(8)|48128|25600|1790148775420826000
begin|main|20800|47|ThreadId(2)|47104|25600|1790148775421451500
begin|main|20800|48|ThreadId(10)|45056|25600|1790148775422015600
end|main|20800|43|ThreadId(5)|46080|25600|1790148775442122000
end|main|20800|45|ThreadId(6)|44032|25600|1790148775449285600
end|main|20800|44|ThreadId(13)|43008|25600|1790148775455898300
end|main|20800|47|ThreadId(2)|47104|25600|1790148775464010500
end|main|20800|46|ThreadId(8)|48128|25600|1790148775472044700
end|main|20800|48|ThreadId(10)|45056|25600|1790148775479123700
