aerender version 26.5x89
PROGRESS: Launching After Effects...
rqindex 1num 1
PROGRESS:  “2026/9/23”“15:31:28”: 开始合成“COV_adjustment_pixels”。

PROGRESS:  渲染设置: 最佳设置
PROGRESS:  品质: 最佳
PROGRESS:  分辨率: 完全
PROGRESS:  大小: 800 x 600
PROGRESS:  代理使用: 不使用代理
PROGRESS:  效果: 当前设置
PROGRESS:  磁盘高速缓存: 只读
PROGRESS:  颜色深度: 当前设置
PROGRESS:  帧混合: 对选中图层打开
PROGRESS:  场渲染: 关
PROGRESS:  Pulldown: 关
PROGRESS:  运动模糊: 对选中图层打开
PROGRESS:   
PROGRESS:  单独: 当前设置
PROGRESS:   
PROGRESS:  时间跨度: 自定义
PROGRESS:  开始: 0:00:00:00
PROGRESS:  结束: 0:00:01:22
PROGRESS:  持续时间: 0:00:01:23
PROGRESS:  帧速率: 25.00 （合成）
PROGRESS:  引导层: 全部关闭
PROGRESS:  跳过现有文件: 关
PROGRESS:  
PROGRESS:  输出模块: Photoshop
PROGRESS:  输出到: <workspace>\scripts\out\coverage-lifecycle-20260923\mfr-adjustment-8-on-v2\frame_[#####].psd
PROGRESS:  格式: Photoshop 序列
PROGRESS:  输出信息: -
PROGRESS:  开始帧: 0
PROGRESS:  输出音频: -
PROGRESS:  通道: RGB + Alpha
PROGRESS:  深度: 数百万种以上颜色
PROGRESS:  颜色: 预乘
PROGRESS:  调整大小: -
PROGRESS:  裁剪: -
PROGRESS:  最终大小: 800 x 600
PROGRESS:  配置文件: -
PROGRESS:  嵌入配置文件: 
PROGRESS:   
PROGRESS:  渲染后动作: 无
PROGRESS:   
PROGRESS:   
PROGRESS:   
PROGRESS:  
PROGRESS:  0:00:00:00 (1): 0 秒
PROGRESS:  0:00:00:01 (2): 0 秒
PROGRESS:  0:00:00:02 (3): 0 秒
PROGRESS:  0:00:00:03 (4): 0 秒
PROGRESS:  0:00:00:04 (5): 0 秒
PROGRESS:  0:00:00:05 (6): 0 秒
PROGRESS:  0:00:00:06 (7): 0 秒
PROGRESS:  0:00:00:07 (8): 0 秒
PROGRESS:  0:00:00:08 (9): 0 秒
PROGRESS:  0:00:00:09 (10): 0 秒
PROGRESS:  0:00:00:10 (11): 0 秒
PROGRESS:  0:00:00:11 (12): 0 秒
PROGRESS:  0:00:00:13 (14): 0 秒
PROGRESS:  0:00:00:14 (15): 1 秒
PROGRESS:  0:00:00:15 (16): 0 秒
PROGRESS:  0:00:00:16 (17): 0 秒
PROGRESS:  0:00:00:17 (18): 0 秒
PROGRESS:  0:00:00:18 (19): 0 秒
PROGRESS:  0:00:00:19 (20): 0 秒
PROGRESS:  0:00:00:21 (22): 0 秒
PROGRESS:  0:00:00:22 (23): 0 秒
PROGRESS:  0:00:00:23 (24): 0 秒
PROGRESS:  0:00:00:24 (25): 0 秒
PROGRESS:  0:00:01:00 (26): 0 秒
PROGRESS:  0:00:01:01 (27): 0 秒
PROGRESS:  0:00:01:02 (28): 0 秒
PROGRESS:  0:00:01:03 (29): 0 秒
PROGRESS:  0:00:01:04 (30): 0 秒
PROGRESS:  0:00:01:05 (31): 0 秒
PROGRESS:  0:00:01:06 (32): 0 秒
PROGRESS:  0:00:01:07 (33): 0 秒
PROGRESS:  0:00:01:08 (34): 0 秒
PROGRESS:  0:00:01:09 (35): 0 秒
PROGRESS:  0:00:01:10 (36): 0 秒
PROGRESS:  0:00:01:11 (37): 0 秒
PROGRESS:  0:00:01:12 (38): 0 秒
PROGRESS:  0:00:01:13 (39): 0 秒
PROGRESS:  0:00:01:14 (40): 0 秒
PROGRESS:  0:00:01:15 (41): 0 秒
PROGRESS:  0:00:01:16 (42): 0 秒
PROGRESS:  0:00:01:17 (43): 0 秒
PROGRESS:  0:00:01:18 (44): 0 秒
PROGRESS:  0:00:01:19 (45): 0 秒
PROGRESS:  0:00:01:20 (46): 0 秒
PROGRESS:  0:00:01:21 (47): 0 秒
PROGRESS:  0:00:01:22 (48): 0 秒
PROGRESS:  “2026/9/23”“15:31:29”: 完成的合成“COV_adjustment_pixels”。


PROGRESS:  已用总时间: 2 秒
