begin|main|60708|1|ThreadId(2)|0|25600|1790148763559873600
end|main|60708|1|ThreadId(2)|0|25600|1790148763591656000
begin|main|60708|2|ThreadId(2)|1024|25600|1790148763614658700
end|main|60708|2|ThreadId(2)|1024|25600|1790148763628629400
begin|main|60708|3|ThreadId(2)|2048|25600|1790148763650701300
end|main|60708|3|ThreadId(2)|2048|25600|1790148763667008100
begin|main|60708|4|ThreadId(2)|3072|25600|1790148763686802100
end|main|60708|4|ThreadId(2)|3072|25600|1790148763701653200
begin|main|60708|5|ThreadId(2)|4096|25600|1790148763720568100
end|main|60708|5|ThreadId(2)|4096|25600|1790148763735042100
begin|main|60708|6|ThreadId(2)|5120|25600|1790148763755162200
end|main|60708|6|ThreadId(2)|5120|25600|1790148763768378200
begin|main|60708|7|ThreadId(2)|6144|25600|1790148763788526400
end|main|60708|7|ThreadId(2)|6144|25600|1790148763800797700
begin|main|60708|8|ThreadId(2)|7168|25600|1790148763819448800
end|main|60708|8|ThreadId(2)|7168|25600|1790148763831440400
begin|main|60708|9|ThreadId(2)|8192|25600|1790148763850095900
end|main|60708|9|ThreadId(2)|8192|25600|1790148763863509900
begin|main|60708|10|ThreadId(2)|9216|25600|1790148763882732100
end|main|60708|10|ThreadId(2)|9216|25600|1790148763895024500
begin|main|60708|11|ThreadId(2)|10240|25600|1790148763913260300
end|main|60708|11|ThreadId(2)|10240|25600|1790148763926014600
begin|main|60708|12|ThreadId(2)|11264|25600|1790148763944842500
end|main|60708|12|ThreadId(2)|11264|25600|1790148763957707200
begin|main|60708|13|ThreadId(2)|12288|25600|1790148763976378200
end|main|60708|13|ThreadId(2)|12288|25600|1790148763988894300
begin|main|60708|14|ThreadId(2)|13312|25600|1790148764007932100
end|main|60708|14|ThreadId(2)|13312|25600|1790148764019733400
begin|main|60708|15|ThreadId(2)|14336|25600|1790148764037137100
end|main|60708|15|ThreadId(2)|14336|25600|1790148764049348000
begin|main|60708|16|ThreadId(2)|15360|25600|1790148764069891900
end|main|60708|16|ThreadId(2)|15360|25600|1790148764081541200
begin|main|60708|17|ThreadId(2)|16384|25600|1790148764098824000
end|main|60708|17|ThreadId(2)|16384|25600|1790148764110683500
begin|main|60708|18|ThreadId(2)|17408|25600|1790148764129805200
end|main|60708|18|ThreadId(2)|17408|25600|1790148764142174000
begin|main|60708|19|ThreadId(2)|18432|25600|1790148764161611300
end|main|60708|19|ThreadId(2)|18432|25600|1790148764174053300
begin|main|60708|20|ThreadId(2)|19456|25600|1790148764192845600
end|main|60708|20|ThreadId(2)|19456|25600|1790148764204193200
begin|main|60708|21|ThreadId(2)|20480|25600|1790148764222765700
end|main|60708|21|ThreadId(2)|20480|25600|1790148764233144700
begin|main|60708|22|ThreadId(2)|21504|25600|1790148764251062200
end|main|60708|22|ThreadId(2)|21504|25600|1790148764262080800
begin|main|60708|23|ThreadId(2)|22528|25600|1790148764280737200
end|main|60708|23|ThreadId(2)|22528|25600|1790148764292765200
begin|main|60708|24|ThreadId(2)|23552|25600|1790148764311330700
end|main|60708|24|ThreadId(2)|23552|25600|1790148764322812600
begin|main|60708|25|ThreadId(2)|24576|25600|1790148764340937300
end|main|60708|25|ThreadId(2)|24576|25600|1790148764351525300
begin|main|60708|26|ThreadId(2)|25600|25600|1790148764369395200
end|main|60708|26|ThreadId(2)|25600|25600|1790148764380318400
begin|main|60708|27|ThreadId(2)|26624|25600|1790148764398303400
end|main|60708|27|ThreadId(2)|26624|25600|1790148764412473400
begin|main|60708|28|ThreadId(2)|27648|25600|1790148764431514300
end|main|60708|28|ThreadId(2)|27648|25600|1790148764442072900
begin|main|60708|29|ThreadId(2)|28672|25600|1790148764460913800
end|main|60708|29|ThreadId(2)|28672|25600|1790148764472125800
begin|main|60708|30|ThreadId(2)|29696|25600|1790148764491786200
end|main|60708|30|ThreadId(2)|29696|25600|1790148764502720200
begin|main|60708|31|ThreadId(2)|30720|25600|1790148764522062200
end|main|60708|31|ThreadId(2)|30720|25600|1790148764534358100
begin|main|60708|32|ThreadId(2)|31744|25600|1790148764554028700
end|main|60708|32|ThreadId(2)|31744|25600|1790148764568224200
begin|main|60708|33|ThreadId(2)|32768|25600|1790148764586960100
end|main|60708|33|ThreadId(2)|32768|25600|1790148764600097200
begin|main|60708|34|ThreadId(2)|33792|25600|1790148764619382700
end|main|60708|34|ThreadId(2)|33792|25600|1790148764631488400
begin|main|60708|35|ThreadId(2)|34816|25600|1790148764651174300
end|main|60708|35|ThreadId(2)|34816|25600|1790148764666240300
begin|main|60708|36|ThreadId(2)|35840|25600|1790148764686188900
end|main|60708|36|ThreadId(2)|35840|25600|1790148764698882300
begin|main|60708|37|ThreadId(2)|36864|25600|1790148764717960900
end|main|60708|37|ThreadId(2)|36864|25600|1790148764730217500
begin|main|60708|38|ThreadId(2)|37888|25600|1790148764749005100
end|main|60708|38|ThreadId(2)|37888|25600|1790148764761979200
begin|main|60708|39|ThreadId(2)|38912|25600|1790148764781618200
end|main|60708|39|ThreadId(2)|38912|25600|1790148764794793700
begin|main|60708|40|ThreadId(2)|39936|25600|1790148764813907700
end|main|60708|40|ThreadId(2)|39936|25600|1790148764827681000
begin|main|60708|41|ThreadId(2)|40960|25600|1790148764846221500
end|main|60708|41|ThreadId(2)|40960|25600|1790148764859760300
begin|main|60708|42|ThreadId(2)|41984|25600|1790148764877532100
end|main|60708|42|ThreadId(2)|41984|25600|1790148764891125800
begin|main|60708|43|ThreadId(2)|43008|25600|1790148764910178200
end|main|60708|43|ThreadId(2)|43008|25600|1790148764923229100
begin|main|60708|44|ThreadId(2)|44032|25600|1790148764942350500
end|main|60708|44|ThreadId(2)|44032|25600|1790148764955186500
begin|main|60708|45|ThreadId(2)|45056|25600|1790148764974661700
end|main|60708|45|ThreadId(2)|45056|25600|1790148764988283700
begin|main|60708|46|ThreadId(2)|46080|25600|1790148765008426300
end|main|60708|46|ThreadId(2)|46080|25600|1790148765021533300
begin|main|60708|47|ThreadId(2)|47104|25600|1790148765041006500
end|main|60708|47|ThreadId(2)|47104|25600|1790148765056841800
begin|main|60708|48|ThreadId(2)|48128|25600|1790148765079326500
end|main|60708|48|ThreadId(2)|48128|25600|1790148765095448300
