begin|main|71784|1|ThreadId(2)|0|25600|1790148677921607400
end|main|71784|1|ThreadId(2)|0|25600|1790148677942587000
begin|main|71784|2|ThreadId(2)|1024|25600|1790148677961403400
end|main|71784|2|ThreadId(2)|1024|25600|1790148677969599300
begin|main|71784|3|ThreadId(2)|2048|25600|1790148677986317700
end|main|71784|3|ThreadId(2)|2048|25600|1790148677993195000
begin|main|71784|4|ThreadId(2)|3072|25600|1790148678008943700
end|main|71784|4|ThreadId(2)|3072|25600|1790148678015808700
begin|main|71784|5|ThreadId(2)|4096|25600|1790148678032273300
end|main|71784|5|ThreadId(2)|4096|25600|1790148678039315700
begin|main|71784|6|ThreadId(2)|5120|25600|1790148678055464000
end|main|71784|6|ThreadId(2)|5120|25600|1790148678062855900
begin|main|71784|7|ThreadId(2)|6144|25600|1790148678078981000
end|main|71784|7|ThreadId(2)|6144|25600|1790148678085356000
begin|main|71784|8|ThreadId(2)|7168|25600|1790148678100889700
end|main|71784|8|ThreadId(2)|7168|25600|1790148678107590100
begin|main|71784|9|ThreadId(2)|8192|25600|1790148678122766000
end|main|71784|9|ThreadId(2)|8192|25600|1790148678129953100
begin|main|71784|10|ThreadId(2)|9216|25600|1790148678145311100
end|main|71784|10|ThreadId(2)|9216|25600|1790148678152797200
begin|main|71784|11|ThreadId(2)|10240|25600|1790148678168151100
end|main|71784|11|ThreadId(2)|10240|25600|1790148678175328400
begin|main|71784|12|ThreadId(2)|11264|25600|1790148678189999500
end|main|71784|12|ThreadId(2)|11264|25600|1790148678195866800
begin|main|71784|13|ThreadId(2)|12288|25600|1790148678213542900
end|main|71784|13|ThreadId(2)|12288|25600|1790148678220134400
begin|main|71784|14|ThreadId(2)|13312|25600|1790148678235276100
end|main|71784|14|ThreadId(2)|13312|25600|1790148678241821400
begin|main|71784|15|ThreadId(2)|14336|25600|1790148678257802600
end|main|71784|15|ThreadId(2)|14336|25600|1790148678264838200
begin|main|71784|16|ThreadId(2)|15360|25600|1790148678279882300
end|main|71784|16|ThreadId(2)|15360|25600|1790148678286300000
begin|main|71784|17|ThreadId(2)|16384|25600|1790148678300681400
end|main|71784|17|ThreadId(2)|16384|25600|1790148678308043000
begin|main|71784|18|ThreadId(2)|17408|25600|1790148678322709100
end|main|71784|18|ThreadId(2)|17408|25600|1790148678328961400
begin|main|71784|19|ThreadId(2)|18432|25600|1790148678342762900
end|main|71784|19|ThreadId(2)|18432|25600|1790148678347755300
begin|main|71784|20|ThreadId(2)|19456|25600|1790148678362626000
end|main|71784|20|ThreadId(2)|19456|25600|1790148678368400800
begin|main|71784|21|ThreadId(2)|20480|25600|1790148678384191000
end|main|71784|21|ThreadId(2)|20480|25600|1790148678391198900
begin|main|71784|22|ThreadId(2)|21504|25600|1790148678406949400
end|main|71784|22|ThreadId(2)|21504|25600|1790148678412761600
begin|main|71784|23|ThreadId(2)|22528|25600|1790148678427830200
end|main|71784|23|ThreadId(2)|22528|25600|1790148678433989700
begin|main|71784|24|ThreadId(2)|23552|25600|1790148678449134200
end|main|71784|24|ThreadId(2)|23552|25600|1790148678455293600
begin|main|71784|25|ThreadId(2)|24576|25600|1790148678469710100
end|main|71784|25|ThreadId(2)|24576|25600|1790148678474755800
begin|main|71784|26|ThreadId(2)|25600|25600|1790148678488989600
end|main|71784|26|ThreadId(2)|25600|25600|1790148678494447700
begin|main|71784|27|ThreadId(2)|26624|25600|1790148678510193200
end|main|71784|27|ThreadId(2)|26624|25600|1790148678516378000
begin|main|71784|28|ThreadId(2)|27648|25600|1790148678533022300
end|main|71784|28|ThreadId(2)|27648|25600|1790148678539099800
begin|main|71784|29|ThreadId(2)|28672|25600|1790148678555157100
end|main|71784|29|ThreadId(2)|28672|25600|1790148678561095000
begin|main|71784|30|ThreadId(2)|29696|25600|1790148678576737400
end|main|71784|30|ThreadId(2)|29696|25600|1790148678583540300
begin|main|71784|31|ThreadId(2)|30720|25600|1790148678597468900
end|main|71784|31|ThreadId(2)|30720|25600|1790148678603321400
begin|main|71784|32|ThreadId(2)|31744|25600|1790148678618640300
end|main|71784|32|ThreadId(2)|31744|25600|1790148678625742300
begin|main|71784|33|ThreadId(2)|32768|25600|1790148678641591300
end|main|71784|33|ThreadId(2)|32768|25600|1790148678647807000
begin|main|71784|34|ThreadId(2)|33792|25600|1790148678663874100
end|main|71784|34|ThreadId(2)|33792|25600|1790148678670801000
begin|main|71784|35|ThreadId(2)|34816|25600|1790148678687074600
end|main|71784|35|ThreadId(2)|34816|25600|1790148678693868900
begin|main|71784|36|ThreadId(2)|35840|25600|1790148678710641700
end|main|71784|36|ThreadId(2)|35840|25600|1790148678717993600
begin|main|71784|37|ThreadId(2)|36864|25600|1790148678733719700
end|main|71784|37|ThreadId(2)|36864|25600|1790148678740177500
begin|main|71784|38|ThreadId(2)|37888|25600|1790148678755112000
end|main|71784|38|ThreadId(2)|37888|25600|1790148678761613300
begin|main|71784|39|ThreadId(2)|38912|25600|1790148678777995900
end|main|71784|39|ThreadId(2)|38912|25600|1790148678784464500
begin|main|71784|40|ThreadId(2)|39936|25600|1790148678800324000
end|main|71784|40|ThreadId(2)|39936|25600|1790148678808088400
begin|main|71784|41|ThreadId(2)|40960|25600|1790148678823010700
end|main|71784|41|ThreadId(2)|40960|25600|1790148678828681100
begin|main|71784|42|ThreadId(2)|41984|25600|1790148678843681700
end|main|71784|42|ThreadId(2)|41984|25600|1790148678849133400
begin|main|71784|43|ThreadId(2)|43008|25600|1790148678865026100
end|main|71784|43|ThreadId(2)|43008|25600|1790148678872430800
begin|main|71784|44|ThreadId(2)|44032|25600|1790148678888618800
end|main|71784|44|ThreadId(2)|44032|25600|1790148678896137500
begin|main|71784|45|ThreadId(2)|45056|25600|1790148678912788300
end|main|71784|45|ThreadId(2)|45056|25600|1790148678919632300
begin|main|71784|46|ThreadId(2)|46080|25600|1790148678936291900
end|main|71784|46|ThreadId(2)|46080|25600|1790148678943811300
begin|main|71784|47|ThreadId(2)|47104|25600|1790148678960592300
end|main|71784|47|ThreadId(2)|47104|25600|1790148678968206100
begin|main|71784|48|ThreadId(2)|48128|25600|1790148678984311400
end|main|71784|48|ThreadId(2)|48128|25600|1790148678991766100
