begin|main|32148|1|ThreadId(3)|6144|25600|1790150731776805700
end|main|32148|1|ThreadId(3)|6144|25600|1790150731809149900
begin|main|32148|2|ThreadId(4)|3072|25600|1790150731820721900
end|main|32148|2|ThreadId(4)|3072|25600|1790150731841186700
begin|main|32148|3|ThreadId(5)|4096|25600|1790150731886576100
end|main|32148|3|ThreadId(5)|4096|25600|1790150731906722000
begin|main|32148|4|ThreadId(6)|8192|25600|1790150731920944400
begin|main|32148|5|ThreadId(7)|9216|25600|1790150731921747800
end|main|32148|4|ThreadId(6)|8192|25600|1790150731941938300
end|main|32148|5|ThreadId(7)|9216|25600|1790150731949940300
begin|main|32148|6|ThreadId(3)|11264|25600|1790150731957383000
begin|main|32148|7|ThreadId(5)|12288|25600|1790150731957667400
begin|main|32148|8|ThreadId(8)|7168|25600|1790150731957840100
begin|main|32148|9|ThreadId(6)|13312|25600|1790150731958082500
end|main|32148|7|ThreadId(5)|12288|25600|1790150731977893200
end|main|32148|6|ThreadId(3)|11264|25600|1790150731987977300
end|main|32148|9|ThreadId(6)|13312|25600|1790150731996928800
end|main|32148|8|ThreadId(8)|7168|25600|1790150732006829800
begin|main|32148|10|ThreadId(2)|0|25600|1790150732008141300
end|main|32148|10|ThreadId(2)|0|25600|1790150732031102900
begin|main|32148|11|ThreadId(7)|14336|25600|1790150732047705900
begin|main|32148|12|ThreadId(5)|17408|25600|1790150732047989700
begin|main|32148|13|ThreadId(9)|15360|25600|1790150732048769800
end|main|32148|11|ThreadId(7)|14336|25600|1790150732071963500
end|main|32148|12|ThreadId(5)|17408|25600|1790150732080486500
begin|main|32148|14|ThreadId(8)|19456|25600|1790150732091708500
end|main|32148|13|ThreadId(9)|15360|25600|1790150732092609400
begin|main|32148|15|ThreadId(10)|2048|25600|1790150732093448400
begin|main|32148|16|ThreadId(6)|18432|25600|1790150732093739000
begin|main|32148|17|ThreadId(7)|21504|25600|1790150732094119300
begin|main|32148|18|ThreadId(2)|20480|25600|1790150732095009100
end|main|32148|14|ThreadId(8)|19456|25600|1790150732115192200
end|main|32148|16|ThreadId(6)|18432|25600|1790150732125404900
end|main|32148|17|ThreadId(7)|21504|25600|1790150732134904400
end|main|32148|18|ThreadId(2)|20480|25600|1790150732145117000
end|main|32148|15|ThreadId(10)|2048|25600|1790150732156895200
begin|main|32148|19|ThreadId(11)|1024|25600|1790150732158424500
begin|main|32148|20|ThreadId(5)|22528|25600|1790150732158806000
begin|main|32148|21|ThreadId(12)|5120|25600|1790150732159208100
begin|main|32148|22|ThreadId(4)|10240|25600|1790150732160959600
begin|main|32148|23|ThreadId(7)|27648|25600|1790150732161823400
begin|main|32148|24|ThreadId(6)|26624|25600|1790150732162274600
begin|main|32148|25|ThreadId(9)|25600|25600|1790150732162685800
begin|main|32148|26|ThreadId(3)|16384|25600|1790150732163062400
end|main|32148|20|ThreadId(5)|22528|25600|1790150732181424700
end|main|32148|19|ThreadId(11)|1024|25600|1790150732194825800
end|main|32148|21|ThreadId(12)|5120|25600|1790150732204494300
end|main|32148|25|ThreadId(9)|25600|25600|1790150732214291900
end|main|32148|24|ThreadId(6)|26624|25600|1790150732223131500
end|main|32148|23|ThreadId(7)|27648|25600|1790150732233416000
end|main|32148|22|ThreadId(4)|10240|25600|1790150732243165600
end|main|32148|26|ThreadId(3)|16384|25600|1790150732255630000
begin|main|32148|27|ThreadId(8)|24576|25600|1790150732256130000
begin|main|32148|28|ThreadId(2)|28672|25600|1790150732256631500
begin|main|32148|29|ThreadId(13)|23552|25600|1790150732256867700
begin|main|32148|30|ThreadId(10)|29696|25600|1790150732259064100
begin|main|32148|31|ThreadId(11)|31744|25600|1790150732259787900
begin|main|32148|32|ThreadId(9)|33792|25600|1790150732260243900
begin|main|32148|33|ThreadId(5)|30720|25600|1790150732261707100
end|main|32148|27|ThreadId(8)|24576|25600|1790150732277794900
end|main|32148|29|ThreadId(13)|23552|25600|1790150732292102300
end|main|32148|28|ThreadId(2)|28672|25600|1790150732301988400
end|main|32148|31|ThreadId(11)|31744|25600|1790150732312052900
end|main|32148|30|ThreadId(10)|29696|25600|1790150732322757600
end|main|32148|33|ThreadId(5)|30720|25600|1790150732333022000
begin|main|32148|34|ThreadId(14)|34816|25600|1790150732342544900
end|main|32148|32|ThreadId(9)|33792|25600|1790150732342958600
begin|main|32148|35|ThreadId(4)|37888|25600|1790150732362022100
begin|main|32148|36|ThreadId(2)|41984|25600|1790150732362602100
begin|main|32148|37|ThreadId(12)|32768|25600|1790150732362983300
begin|main|32148|38|ThreadId(5)|45056|25600|1790150732363267100
begin|main|32148|39|ThreadId(8)|39936|25600|1790150732363540700
begin|main|32148|40|ThreadId(6)|36864|25600|1790150732363925100
begin|main|32148|41|ThreadId(11)|43008|25600|1790150732364315000
begin|main|32148|42|ThreadId(13)|40960|25600|1790150732364571300
end|main|32148|34|ThreadId(14)|34816|25600|1790150732365938800
begin|main|32148|43|ThreadId(10)|44032|25600|1790150732367748900
begin|main|32148|44|ThreadId(3)|38912|25600|1790150732368358500
begin|main|32148|45|ThreadId(7)|35840|25600|1790150732369286000
begin|main|32148|46|ThreadId(9)|46080|25600|1790150732373223000
end|main|32148|35|ThreadId(4)|37888|25600|1790150732400207900
end|main|32148|37|ThreadId(12)|32768|25600|1790150732409519900
end|main|32148|36|ThreadId(2)|41984|25600|1790150732419871200
end|main|32148|39|ThreadId(8)|39936|25600|1790150732431825400
end|main|32148|40|ThreadId(6)|36864|25600|1790150732442659100
end|main|32148|43|ThreadId(10)|44032|25600|1790150732454551800
end|main|32148|38|ThreadId(5)|45056|25600|1790150732464993600
end|main|32148|41|ThreadId(11)|43008|25600|1790150732475722400
end|main|32148|42|ThreadId(13)|40960|25600|1790150732488108800
end|main|32148|44|ThreadId(3)|38912|25600|1790150732497131700
end|main|32148|45|ThreadId(7)|35840|25600|1790150732508893500
end|main|32148|46|ThreadId(9)|46080|25600|1790150732520318500
begin|main|32148|47|ThreadId(4)|48128|25600|1790150732520820100
begin|main|32148|48|ThreadId(14)|47104|25600|1790150732521209200
end|main|32148|47|ThreadId(4)|48128|25600|1790150732545089500
end|main|32148|48|ThreadId(14)|47104|25600|1790150732556061700
