begin|main|77172|1|ThreadId(3)|5120|25600|1790148667722463000
end|main|77172|1|ThreadId(3)|5120|25600|1790148667747802800
begin|main|77172|2|ThreadId(4)|0|25600|1790148667762213600
end|main|77172|2|ThreadId(4)|0|25600|1790148667773691700
begin|main|77172|3|ThreadId(5)|4096|25600|1790148667830208100
end|main|77172|3|ThreadId(5)|4096|25600|1790148667842376000
begin|main|77172|4|ThreadId(6)|9216|25600|1790148667872296200
begin|main|77172|5|ThreadId(7)|8192|25600|1790148667873581200
end|main|77172|4|ThreadId(6)|9216|25600|1790148667885122100
end|main|77172|5|ThreadId(7)|8192|25600|1790148667889355800
begin|main|77172|6|ThreadId(6)|13312|25600|1790148667910859700
begin|main|77172|7|ThreadId(3)|11264|25600|1790148667911049700
begin|main|77172|8|ThreadId(5)|12288|25600|1790148667911351500
begin|main|77172|9|ThreadId(8)|2048|25600|1790148667911619300
end|main|77172|7|ThreadId(3)|11264|25600|1790148667921955300
end|main|77172|9|ThreadId(8)|2048|25600|1790148667926323800
end|main|77172|6|ThreadId(6)|13312|25600|1790148667930034500
end|main|77172|8|ThreadId(5)|12288|25600|1790148667933581100
begin|main|77172|10|ThreadId(9)|3072|25600|1790148667955211700
begin|main|77172|11|ThreadId(7)|14336|25600|1790148667955520500
begin|main|77172|12|ThreadId(3)|15360|25600|1790148667955921000
end|main|77172|11|ThreadId(7)|14336|25600|1790148667965285300
end|main|77172|12|ThreadId(3)|15360|25600|1790148667969010900
end|main|77172|10|ThreadId(9)|3072|25600|1790148667972436900
begin|main|77172|13|ThreadId(7)|20480|25600|1790148668022892300
begin|main|77172|14|ThreadId(5)|19456|25600|1790148668023573000
begin|main|77172|15|ThreadId(3)|21504|25600|1790148668023936400
begin|main|77172|16|ThreadId(10)|16384|25600|1790148668024240400
begin|main|77172|17|ThreadId(11)|6144|25600|1790148668024501000
begin|main|77172|18|ThreadId(8)|18432|25600|1790148668024979300
end|main|77172|13|ThreadId(7)|20480|25600|1790148668036455300
end|main|77172|15|ThreadId(3)|21504|25600|1790148668040265500
end|main|77172|14|ThreadId(5)|19456|25600|1790148668043860600
end|main|77172|16|ThreadId(10)|16384|25600|1790148668047339600
end|main|77172|18|ThreadId(8)|18432|25600|1790148668050738600
end|main|77172|17|ThreadId(11)|6144|25600|1790148668054985400
begin|main|77172|19|ThreadId(2)|7168|25600|1790148668068910600
begin|main|77172|20|ThreadId(3)|26624|25600|1790148668069107900
end|main|77172|20|ThreadId(3)|26624|25600|1790148668079817400
end|main|77172|19|ThreadId(2)|7168|25600|1790148668083700000
begin|main|77172|21|ThreadId(7)|23552|25600|1790148668104215400
begin|main|77172|22|ThreadId(8)|28672|25600|1790148668104479800
begin|main|77172|23|ThreadId(9)|22528|25600|1790148668104702100
begin|main|77172|24|ThreadId(12)|24576|25600|1790148668105284900
begin|main|77172|25|ThreadId(13)|1024|25600|1790148668105728100
begin|main|77172|26|ThreadId(10)|27648|25600|1790148668106392400
end|main|77172|21|ThreadId(7)|23552|25600|1790148668115214500
end|main|77172|26|ThreadId(10)|27648|25600|1790148668119228800
end|main|77172|24|ThreadId(12)|24576|25600|1790148668123248000
end|main|77172|23|ThreadId(9)|22528|25600|1790148668126996300
end|main|77172|22|ThreadId(8)|28672|25600|1790148668130872800
end|main|77172|25|ThreadId(13)|1024|25600|1790148668134348000
begin|main|77172|27|ThreadId(3)|30720|25600|1790148668144466400
begin|main|77172|28|ThreadId(11)|29696|25600|1790148668145393900
begin|main|77172|29|ThreadId(4)|10240|25600|1790148668145655600
end|main|77172|27|ThreadId(3)|30720|25600|1790148668156328800
end|main|77172|28|ThreadId(11)|29696|25600|1790148668160362700
end|main|77172|29|ThreadId(4)|10240|25600|1790148668164013300
begin|main|77172|30|ThreadId(2)|31744|25600|1790148668189178200
begin|main|77172|31|ThreadId(8)|37888|25600|1790148668189685300
begin|main|77172|32|ThreadId(7)|32768|25600|1790148668189983000
begin|main|77172|33|ThreadId(9)|36864|25600|1790148668190290400
begin|main|77172|34|ThreadId(6)|17408|25600|1790148668190655000
begin|main|77172|35|ThreadId(10)|35840|25600|1790148668190999100
end|main|77172|30|ThreadId(2)|31744|25600|1790148668198959300
end|main|77172|32|ThreadId(7)|32768|25600|1790148668207029300
end|main|77172|31|ThreadId(8)|37888|25600|1790148668211205100
end|main|77172|34|ThreadId(6)|17408|25600|1790148668215023800
end|main|77172|35|ThreadId(10)|35840|25600|1790148668218876700
end|main|77172|33|ThreadId(9)|36864|25600|1790148668223296200
begin|main|77172|36|ThreadId(5)|25600|25600|1790148668232069400
begin|main|77172|37|ThreadId(13)|38912|25600|1790148668233684500
begin|main|77172|38|ThreadId(2)|43008|25600|1790148668233998500
begin|main|77172|39|ThreadId(11)|40960|25600|1790148668234275900
begin|main|77172|40|ThreadId(6)|46080|25600|1790148668234594400
begin|main|77172|41|ThreadId(3)|39936|25600|1790148668234899200
begin|main|77172|44|ThreadId(8)|45056|25600|1790148668235237500
begin|main|77172|43|ThreadId(14)|33792|25600|1790148668235557100
begin|main|77172|42|ThreadId(7)|44032|25600|1790148668235859200
begin|main|77172|45|ThreadId(4)|41984|25600|1790148668237545500
begin|main|77172|46|ThreadId(12)|34816|25600|1790148668240990200
end|main|77172|37|ThreadId(13)|38912|25600|1790148668246891800
end|main|77172|36|ThreadId(5)|25600|25600|1790148668251068900
end|main|77172|38|ThreadId(2)|43008|25600|1790148668255052800
end|main|77172|39|ThreadId(11)|40960|25600|1790148668260516500
end|main|77172|40|ThreadId(6)|46080|25600|1790148668265074600
end|main|77172|41|ThreadId(3)|39936|25600|1790148668268987800
end|main|77172|42|ThreadId(7)|44032|25600|1790148668273526400
end|main|77172|44|ThreadId(8)|45056|25600|1790148668276809300
end|main|77172|45|ThreadId(4)|41984|25600|1790148668280926600
end|main|77172|43|ThreadId(14)|33792|25600|1790148668284760300
end|main|77172|46|ThreadId(12)|34816|25600|1790148668289295400
begin|main|77172|47|ThreadId(13)|48128|25600|1790148668290963000
begin|main|77172|48|ThreadId(9)|47104|25600|1790148668291567600
end|main|77172|47|ThreadId(13)|48128|25600|1790148668303083900
end|main|77172|48|ThreadId(9)|47104|25600|1790148668307096500
