   Compiling proc-macro2 v1.0.107
   Compiling unicode-ident v1.0.24
   Compiling quote v1.0.47
   Compiling glob v0.3.4
   Compiling serde_core v1.0.229
   Compiling libc v0.2.189
   Compiling prettyplease v0.2.37
   Compiling bitflags v2.13.1
   Compiling regex-syntax v0.8.11
   Compiling serde v1.0.229
   Compiling memchr v2.8.3
   Compiling minimal-lexical v0.2.1
   Compiling windows-link v0.2.1
   Compiling either v1.18.0
   Compiling bindgen v0.72.1
   Compiling rustc-hash v2.1.3
   Compiling shlex v1.3.0
   Compiling log v0.4.34
   Compiling konst_macro_rules v0.2.19
   Compiling parking_lot_core v0.9.12
   Compiling autocfg v1.5.1
   Compiling zmij v1.0.23
   Compiling unicode-xid v0.2.6
   Compiling cfg-if v1.0.4
   Compiling byteorder v1.5.0
   Compiling pretty-hex v0.4.2
   Compiling smallvec v1.15.2
   Compiling paste v1.0.15
   Compiling scopeguard v1.2.0
   Compiling libloading v0.8.9
   Compiling serde_json v1.0.151
   Compiling virtue v0.0.18
   Compiling unty v0.0.4
   Compiling itoa v1.0.18
   Compiling konst v0.2.20
   Compiling itertools v0.13.0
   Compiling lock_api v0.4.14
   Compiling windows-sys v0.61.2
   Compiling hash32 v1.0.0
   Compiling fastrand v2.5.0
   Compiling once_cell v1.21.4
   Compiling clang-sys v1.9.1
   Compiling widestring v1.2.1
   Compiling win_dbg_logger v0.1.0
   Compiling num-traits v0.2.19
   Compiling nom v7.1.3
   Compiling bincode_derive v2.0.1
   Compiling regex-automata v0.4.18
   Compiling parking_lot v0.12.5
   Compiling syn v2.0.119
   Compiling syn v3.0.4
   Compiling const_format_proc_macros v0.2.34
   Compiling const_format v0.2.36
   Compiling cexpr v0.6.0
   Compiling cstr-literal v0.1.0
   Compiling regex v1.13.1
   Compiling toml v0.5.11
   Compiling serde_derive v1.0.229
   Compiling winres v0.1.12
   Compiling pipl v0.1.1
   Compiling dynamicfx-coverage-reader v0.1.0 (<workspace>\coverage-reader)
   Compiling bincode v2.0.1
   Compiling after-effects-sys v0.4.0
   Compiling after-effects v0.4.0
warning: unused variable: `in_sp_basic_suite_ptr`
   --> src\..\..\src\host\shared_dispatch.rs:266:13
    |
266 |             in_sp_basic_suite_ptr: *const after_effects::sys::SPBasicSuite,
    |             ^^^^^^^^^^^^^^^^^^^^^
    |
   ::: src\lib.rs:15:1
    |
 15 | crate::define_shared_effect!(Global, Instance, Params);
    | ------------------------------------------------------ in this macro invocation
    |
help: `in_sp_basic_suite_ptr` is captured in macro and introduced a unused variable
   --> src\..\..\src\host\shared_dispatch.rs:266:13
    |
266 |             in_sp_basic_suite_ptr: *const after_effects::sys::SPBasicSuite,
    |             ^^^^^^^^^^^^^^^^^^^^^
    |
   ::: src\lib.rs:15:1
    |
 15 | crate::define_shared_effect!(Global, Instance, Params);
    | ------------------------------------------------------ in this macro invocation
    = note: `#[warn(unused_variables)]` (part of `#[warn(unused)]`) on by default
    = note: this warning originates in the macro `crate::define_shared_effect` (in Nightly builds, run with -Z macro-backtrace for more info)

warning: field `out_data` is never read
  --> src\..\..\src\host\shared_dispatch.rs:16:13
   |
12 |         struct PluginState<'main, 'global, 'params> {
   |                ----------- field in this struct
...
16 |             out_data: after_effects::OutData
   |             ^^^^^^^^
   |
  ::: src\lib.rs:15:1
   |
15 | crate::define_shared_effect!(Global, Instance, Params);
   | ------------------------------------------------------ in this macro invocation
   |
   = note: `#[warn(dead_code)]` (part of `#[warn(unused)]`) on by default
   = note: this warning originates in the macro `crate::define_shared_effect` (in Nightly builds, run with -Z macro-backtrace for more info)

warning: `dynamicfx-coverage-reader` (lib) generated 2 warnings
    Finished `release` profile [optimized] target(s) in 10.92s
