   Compiling windows-link v0.2.1
   Compiling bitflags v2.13.1
   Compiling cfg-if v1.0.4
   Compiling log v0.4.33
   Compiling equivalent v1.0.2
   Compiling foldhash v0.1.5
   Compiling foldhash v0.2.0
   Compiling allocator-api2 v0.2.21
   Compiling hashbrown v0.17.1
   Compiling unicode-width v0.2.2
   Compiling once_cell v1.21.4
   Compiling unicode-xid v0.2.6
   Compiling arrayvec v0.7.8
   Compiling libm v0.2.16
   Compiling zerocopy v0.8.55
   Compiling thiserror v2.0.19
   Compiling parking_lot_core v0.9.12
   Compiling smallvec v1.15.2
   Compiling bit-vec v0.9.1
   Compiling scopeguard v1.2.0
   Compiling num-traits v0.2.19
   Compiling fixedbitset v0.5.7
   Compiling naga v29.0.4
   Compiling ash v0.38.0+1.3.281
   Compiling libc v0.2.189
   Compiling raw-window-handle v0.6.2
   Compiling bytemuck v1.25.2
   Compiling rustc-hash v1.1.0
   Compiling unicode-ident v1.0.24
   Compiling hexf-parse v0.2.1
   Compiling serde_core v1.0.229
   Compiling khronos-egl v6.0.0
   Compiling windows-sys v0.61.2
   Compiling windows-result v0.4.1
   Compiling windows-strings v0.5.1
   Compiling hashbrown v0.15.5
   Compiling windows-threading v0.2.1
   Compiling libloading v0.8.9
   Compiling spirv v0.4.0+sdk-1.4.341.0
   Compiling pp-rs v0.2.1
   Compiling lock_api v0.4.14
   Compiling gpu-descriptor-types v0.2.0
   Compiling glutin_wgl_sys v0.6.1
   Compiling presser v0.3.1
   Compiling wgpu-hal v29.0.4
   Compiling konst_macro_rules v0.2.19
   Compiling glow v0.17.0
   Compiling hashbrown v0.16.1
   Compiling bit-set v0.9.1
   Compiling renderdoc-sys v1.1.0
   Compiling range-alloc v0.1.5
   Compiling profiling v1.0.18
   Compiling serde v1.0.229
   Compiling zmij v1.0.23
   Compiling serde_json v1.0.151
   Compiling wgpu-core v29.0.4
   Compiling indexmap v2.14.0
   Compiling wgpu-types v29.0.4
   Compiling after-effects-sys v0.4.0
   Compiling windows-core v0.62.2
   Compiling unty v0.0.4
   Compiling memchr v2.8.3
   Compiling itoa v1.0.18
   Compiling wgpu v29.0.4
   Compiling blake3 v1.8.6
   Compiling win_dbg_logger v0.1.0
   Compiling hash32 v1.0.0
   Compiling widestring v1.2.1
   Compiling cpufeatures v0.3.0
   Compiling static_assertions v1.1.0
   Compiling konst v0.2.20
   Compiling constant_time_eq v0.4.2
   Compiling parking_lot v0.12.5
   Compiling arrayref v0.3.9
   Compiling fastrand v2.5.0
   Compiling gpu-descriptor v0.3.2
   Compiling dynamicfx v0.2.0 (E:\Code\AePlugin_Dynamicfx\scripts\out\public-push-20260911)
   Compiling pollster v1.0.1
   Compiling winapi-util v0.1.11
   Compiling petgraph v0.8.3
   Compiling termcolor v1.4.1
   Compiling windows-collections v0.3.2
   Compiling windows-future v0.3.2
   Compiling windows-numerics v0.3.1
   Compiling const_format v0.2.36
   Compiling codespan-reporting v0.13.1
   Compiling cstr-literal v0.1.0
   Compiling windows v0.62.2
   Compiling ordered-float v5.3.0
   Compiling bincode v2.0.1
   Compiling half v2.7.1
   Compiling after-effects v0.4.0
   Compiling gpu-allocator v0.28.0
   Compiling wgpu-naga-bridge v29.0.4
   Compiling wgpu-core-deps-windows-linux-android v29.0.4
    Finished `release` profile [optimized] target(s) in 33.01s
