[1787080747] registered with AEGP at global setup
[1787080747] AEGP idle hook registered
[1787080747] params setup: ADR-0013 topology
[1787080747] params setup: complete
[1787080748] idle observation: compiled: 1 pass, 1 params
[1787080748] idle slot ui applied: 1 bound, 0 defaults written
[1787080748] idle state token updated: Active(1334301862297414)
[1787080780] registered with AEGP at global setup
[1787080780] AEGP idle hook registered
[1787080780] params setup: ADR-0013 topology
[1787080780] params setup: complete
[1787080780] status: compiled: 1 pass, 1 params
[1787080780] slots configured: 1 bound (names_ok=true, visibility_ok=true)
[1787080780] definition resolved from process registry
[1787080780] gpu ready: adapter="NVIDIA GeForce RTX 5080" backend=Dx12 driver="32.0.15.9621 "
[1787080781] pipelines built: 1 pass(es), plan 1 step(s), 0 physical intermediate(s) (~0 KiB transient at 320x240, Rgba8Unorm working format) (adapter="NVIDIA GeForce RTX 5080" backend=Dx12 driver="32.0.15.9621 ")
[1787080782] idle slot ui applied: 1 bound, 0 defaults written
[1787080804] registered with AEGP at global setup
[1787080804] AEGP idle hook registered
[1787080804] params setup: ADR-0013 topology
[1787080804] params setup: complete
[1787080804] definition rebuilt from snapshot
[1787080804] gpu ready: adapter="NVIDIA GeForce RTX 5080" backend=Dx12 driver="32.0.15.9621 "
[1787080804] pipelines built: 1 pass(es), plan 1 step(s), 0 physical intermediate(s) (~0 KiB transient at 320x240, Rgba8Unorm working format) (adapter="NVIDIA GeForce RTX 5080" backend=Dx12 driver="32.0.15.9621 ")
