[1790136954] registered with AEGP at global setup
[1790136954] AEGP idle hook registered
[1790136954] params setup: ADR-0013 topology
[1790136954] params setup: complete
[1790136954] coverage sequence resetup: render_only=false
[1790136954] sequence (re)setup: observation deferred
[1790136954] coverage sequence resetup: render_only=false
[1790136954] sequence (re)setup: observation deferred
[1790136954] coverage sequence resetup: render_only=false
[1790136954] sequence (re)setup: observation deferred
[1790136954] coverage sequence resetup: render_only=false
[1790136954] sequence (re)setup: observation deferred
[1790136954] coverage sequence resetup: render_only=true
[1790136954] sequence (re)setup: observation deferred
[1790136954] coverage sequence resetup: render_only=true
[1790136954] sequence (re)setup: observation deferred
[1790136954] coverage sequence resetup: render_only=true
[1790136954] sequence (re)setup: observation deferred
[1790136954] coverage sequence resetup: render_only=true
[1790136954] sequence (re)setup: observation deferred
[1790136955] smart cmd (render=false): seq_raw_null=true const_seq_ok=true
[1790136955] definition rebuilt from snapshot
[1790136955] gpu ready: adapter="NVIDIA GeForce RTX 5080" backend=Dx12 driver="32.0.16.1088 "
[1790136955] smart geometry: logical=800x600 downsample=1/1x1/1 request=PF_LRect { left: 50, top: 150, right: 300, bottom: 500 } upstream=Rect { left: 0, top: 0, right: 800, bottom: 600 } frame=Rect { left: 0, top: 0, right: 800, bottom: 600 } canvas=Rect { left: 0, top: 0, right: 800, bottom: 600 }
[1790136955] smart cmd (render=true): seq_raw_null=true const_seq_ok=true
[1790136955] layer 1: 800x600 stride 12800
[1790136955] coverage gate refused: E60 state=236851021100325 certificate=0
[1790136955] status: compiled: 1 pass, 1 params
[1790136955] slots configured: 1 bound (names_ok=true, visibility_ok=true)
[1790136955] ui publication: param=426, language=Some(LanguageId(1)), token=388347107668805, plan=303880636715951, code=E0
[1790136955] status: compiled: 1 pass, 1 params
[1790136955] slots configured: 1 bound (names_ok=true, visibility_ok=true)
[1790136955] ui publication: param=426, language=Some(LanguageId(1)), token=388347107668805, plan=303880636715951, code=E0
[1790136955] status: compiled: 1 pass, 1 params
[1790136955] slots configured: 1 bound (names_ok=true, visibility_ok=true)
[1790136955] ui publication: param=426, language=Some(LanguageId(1)), token=388347107668805, plan=303880636715951, code=E0
[1790136955] status: compiled: 1 pass, 1 params
[1790136955] slots configured: 1 bound (names_ok=true, visibility_ok=true)
[1790136955] ui publication: param=426, language=Some(LanguageId(1)), token=388347107668805, plan=303880636715951, code=E0
