   Compiling bitflags v2.13.1
   Compiling cfg-if v1.0.4
   Compiling objc2-encode v4.1.0
   Compiling libc v0.2.189
   Compiling objc2 v0.6.4
   Compiling libm v0.2.16
   Compiling parking_lot_core v0.9.12
   Compiling num-traits v0.2.19
   Compiling once_cell v1.21.4
   Compiling scopeguard v1.2.0
   Compiling log v0.4.33
   Compiling smallvec v1.15.2
   Compiling lock_api v0.4.14
   Compiling zerocopy v0.8.55
   Compiling equivalent v1.0.2
   Compiling hashbrown v0.17.1
   Compiling foldhash v0.1.5
   Compiling thiserror v2.0.19
   Compiling hashbrown v0.15.5
   Compiling fixedbitset v0.5.7
   Compiling indexmap v2.14.0
   Compiling arrayvec v0.7.8
   Compiling unicode-xid v0.2.6
   Compiling termcolor v1.4.1
   Compiling unicode-width v0.2.2
   Compiling foldhash v0.2.0
   Compiling bit-vec v0.9.1
   Compiling petgraph v0.8.3
   Compiling hashbrown v0.16.1
   Compiling codespan-reporting v0.13.1
   Compiling bit-set v0.9.1
   Compiling pp-rs v0.2.1
   Compiling naga v29.0.4
   Compiling block2 v0.6.2
   Compiling dispatch2 v0.3.1
   Compiling objc2-core-foundation v0.3.2
   Compiling bytemuck v1.25.2
   Compiling spirv v0.4.0+sdk-1.4.341.0
   Compiling unicode-ident v1.0.24
   Compiling rustc-hash v1.1.0
   Compiling raw-window-handle v0.6.2
   Compiling hexf-parse v0.2.1
   Compiling wgpu-types v29.0.4
   Compiling serde_core v1.0.229
   Compiling parking_lot v0.12.5
   Compiling wgpu-hal v29.0.4
   Compiling konst_macro_rules v0.2.19
   Compiling profiling v1.0.18
   Compiling zmij v1.0.23
   Compiling serde v1.0.229
   Compiling konst v0.2.20
   Compiling hashbrown v0.14.5
   Compiling objc2-foundation v0.3.2
   Compiling serde_json v1.0.151
   Compiling dashmap v5.5.3
   Compiling wgpu-core v29.0.4
   Compiling oslog v0.2.0
   Compiling after-effects-sys v0.4.0
   Compiling objc2-metal v0.3.2
   Compiling half v2.7.1
   Compiling const_format v0.2.36
   Compiling blake3 v1.8.7
   Compiling itoa v1.0.18
   Compiling unty v0.0.4
   Compiling memchr v2.8.3
   Compiling bincode v2.0.1
   Compiling wgpu v29.0.4
   Compiling cstr-literal v0.1.0
   Compiling dynamicfx v0.0.6 (/Users/junk_doge/Documents/DynamicFX)
   Compiling fastrand v2.5.0
   Compiling widestring v1.2.1
   Compiling static_assertions v1.1.0
   Compiling hash32 v1.0.0
   Compiling constant_time_eq v0.4.2
   Compiling pollster v1.0.1
   Compiling objc2-quartz-core v0.3.2
   Compiling raw-window-metal v1.1.0
   Compiling after-effects v0.4.0
   Compiling wgpu-naga-bridge v29.0.4
   Compiling wgpu-core-deps-apple v29.0.4
error[E0308]: mismatched types
   --> src/host/idle.rs:830:19
    |
830 |         if err == ae::sys::A_Err_NONE {
    |                   ^^^^^^^^^^^^^^^^^^^ expected `i32`, found `u32`

error[E0277]: can't compare `i32` with `u32`
   --> src/host/idle.rs:830:16
    |
830 |         if err == ae::sys::A_Err_NONE {
    |                ^^ no implementation for `i32 == u32`
    |
    = help: the trait `PartialEq<u32>` is not implemented for `i32`
help: `i32` implements trait `PartialEq<Rhs>`
   --> /rustc/8bab26f4f68e0e26f0bb7960be334d5b520ea452/library/core/src/cmp.rs:1876:12
    |
    = note: `PartialEq`
   ::: /rustc/8bab26f4f68e0e26f0bb7960be334d5b520ea452/library/core/src/cmp.rs:1900:5
    |
    = note: in this macro invocation
    |
   ::: /Users/junk_doge/.cargo/registry/src/index.crates.io-1949cf8c6b5b557f/serde_json-1.0.151/src/value/partial_eq.rs:76:13
    |
 76 |               impl PartialEq<Value> for $ty {
    |               ^^^^^^^^^^^^^^^^^^^^^^^^^^^^^ `PartialEq<serde_json::value::Value>`
...
 97 | / partialeq_numeric! {
 98 | |     eq_i64[i8 i16 i32 i64 isize]
 99 | |     eq_u64[u8 u16 u32 u64 usize]
100 | |     eq_f32[f32]
101 | |     eq_f64[f64]
102 | |     eq_bool[bool]
103 | | }
    | |_- in this macro invocation
    = note: this error originates in the macro `partial_eq_impl` which comes from the expansion of the macro `partialeq_numeric` (in Nightly builds, run with -Z macro-backtrace for more info)

error[E0308]: mismatched types
   --> src/host/idle.rs:859:19
    |
859 |         if err == ae::sys::A_Err_NONE {
    |                   ^^^^^^^^^^^^^^^^^^^ expected `i32`, found `u32`

error[E0277]: can't compare `i32` with `u32`
   --> src/host/idle.rs:859:16
    |
859 |         if err == ae::sys::A_Err_NONE {
    |                ^^ no implementation for `i32 == u32`
    |
    = help: the trait `PartialEq<u32>` is not implemented for `i32`
help: `i32` implements trait `PartialEq<Rhs>`
   --> /rustc/8bab26f4f68e0e26f0bb7960be334d5b520ea452/library/core/src/cmp.rs:1876:12
    |
    = note: `PartialEq`
   ::: /rustc/8bab26f4f68e0e26f0bb7960be334d5b520ea452/library/core/src/cmp.rs:1900:5
    |
    = note: in this macro invocation
    |
   ::: /Users/junk_doge/.cargo/registry/src/index.crates.io-1949cf8c6b5b557f/serde_json-1.0.151/src/value/partial_eq.rs:76:13
    |
 76 |               impl PartialEq<Value> for $ty {
    |               ^^^^^^^^^^^^^^^^^^^^^^^^^^^^^ `PartialEq<serde_json::value::Value>`
...
 97 | / partialeq_numeric! {
 98 | |     eq_i64[i8 i16 i32 i64 isize]
 99 | |     eq_u64[u8 u16 u32 u64 usize]
100 | |     eq_f32[f32]
101 | |     eq_f64[f64]
102 | |     eq_bool[bool]
103 | | }
    | |_- in this macro invocation
    = note: this error originates in the macro `partial_eq_impl` which comes from the expansion of the macro `partialeq_numeric` (in Nightly builds, run with -Z macro-backtrace for more info)

Some errors have detailed explanations: E0277, E0308.
For more information about an error, try `rustc --explain E0277`.
error: could not compile `dynamicfx` (lib) due to 4 previous errors
