aerender version 26.5x89
PROGRESS: Launching After Effects...
PROGRESS:  “2026/9/23”“18:34:00”: 开始合成“Liquid Glass - edit the native shapes”。

PROGRESS:  渲染设置: 最佳设置
PROGRESS:  品质: 最佳
PROGRESS:  分辨率: 完全
PROGRESS:  大小: 1440 x 900
PROGRESS:  代理使用: 不使用代理
PROGRESS:  效果: 当前设置
PROGRESS:  磁盘高速缓存: 只读
PROGRESS:  颜色深度: 当前设置
PROGRESS:  帧混合: 对选中图层打开
PROGRESS:  场渲染: 关
PROGRESS:  Pulldown: 关
PROGRESS:  运动模糊: 对选中图层打开
PROGRESS:   
PROGRESS:  单独: 当前设置
PROGRESS:   
PROGRESS:  时间跨度: 自定义
PROGRESS:  开始: 0:00:00:00
PROGRESS:  结束: 0:00:00:00
PROGRESS:  持续时间: 0:00:00:01
PROGRESS:  帧速率: 25.00 （合成）
PROGRESS:  引导层: 全部关闭
PROGRESS:  跳过现有文件: 关
PROGRESS:  
PROGRESS:  输出模块: Photoshop
PROGRESS:  输出到: E:\Code\AePlugin_Dynamicfx\scripts\out\public-push-20260911\scripts\out\upstream-glass-20260924\ae-16-1-0_[#####].psd
PROGRESS:  格式: Photoshop 序列
PROGRESS:  输出信息: -
PROGRESS:  开始帧: 0
PROGRESS:  输出音频: -
PROGRESS:  通道: RGB + Alpha
PROGRESS:  深度: 数百万种以上颜色
PROGRESS:  颜色: 预乘
PROGRESS:  调整大小: -
PROGRESS:  裁剪: -
PROGRESS:  最终大小: 1440 x 900
PROGRESS:  配置文件: -
PROGRESS:  嵌入配置文件: 
PROGRESS:   
PROGRESS:  渲染后动作: 无
PROGRESS:   
PROGRESS:   
PROGRESS:   
PROGRESS:  
PROGRESS:  0:00:00:00 (1): 0 秒
PROGRESS:  “2026/9/23”“18:34:00”: 开始合成“Liquid Glass - edit the native shapes”。

PROGRESS:  渲染设置: 最佳设置
PROGRESS:  品质: 最佳
PROGRESS:  分辨率: 完全
PROGRESS:  大小: 1440 x 900
PROGRESS:  代理使用: 不使用代理
PROGRESS:  效果: 当前设置
PROGRESS:  磁盘高速缓存: 只读
PROGRESS:  颜色深度: 当前设置
PROGRESS:  帧混合: 对选中图层打开
PROGRESS:  场渲染: 关
PROGRESS:  Pulldown: 关
PROGRESS:  运动模糊: 对选中图层打开
PROGRESS:   
PROGRESS:  单独: 当前设置
PROGRESS:   
PROGRESS:  时间跨度: 自定义
PROGRESS:  开始: 0:00:01:12
PROGRESS:  结束: 0:00:01:13
PROGRESS:  持续时间: 0:00:00:01
PROGRESS:  帧速率: 25.00 （合成）
PROGRESS:  引导层: 全部关闭
PROGRESS:  跳过现有文件: 关
PROGRESS:  
PROGRESS:  输出模块: Photoshop
PROGRESS:  输出到: E:\Code\AePlugin_Dynamicfx\scripts\out\public-push-20260911\scripts\out\upstream-glass-20260924\ae-16-1-1.5_[#####].psd
PROGRESS:  格式: Photoshop 序列
PROGRESS:  输出信息: -
PROGRESS:  开始帧: 37
PROGRESS:  输出音频: -
PROGRESS:  通道: RGB + Alpha
PROGRESS:  深度: 数百万种以上颜色
PROGRESS:  颜色: 预乘
PROGRESS:  调整大小: -
PROGRESS:  裁剪: -
PROGRESS:  最终大小: 1440 x 900
PROGRESS:  配置文件: -
PROGRESS:  嵌入配置文件: 
PROGRESS:   
PROGRESS:  渲染后动作: 无
PROGRESS:   
PROGRESS:   
PROGRESS:   
PROGRESS:  
PROGRESS:  0:00:01:12 (1): 0 秒
PROGRESS:  “2026/9/23”“18:34:01”: 开始合成“Liquid Glass - edit the native shapes”。

PROGRESS:  渲染设置: 最佳设置
PROGRESS:  品质: 最佳
PROGRESS:  分辨率: 完全
PROGRESS:  大小: 1440 x 900
PROGRESS:  代理使用: 不使用代理
PROGRESS:  效果: 当前设置
PROGRESS:  磁盘高速缓存: 只读
PROGRESS:  颜色深度: 当前设置
PROGRESS:  帧混合: 对选中图层打开
PROGRESS:  场渲染: 关
PROGRESS:  Pulldown: 关
PROGRESS:  运动模糊: 对选中图层打开
PROGRESS:   
PROGRESS:  单独: 当前设置
PROGRESS:   
PROGRESS:  时间跨度: 自定义
PROGRESS:  开始: 0:00:03:00
PROGRESS:  结束: 0:00:03:00
PROGRESS:  持续时间: 0:00:00:01
PROGRESS:  帧速率: 25.00 （合成）
PROGRESS:  引导层: 全部关闭
PROGRESS:  跳过现有文件: 关
PROGRESS:  
PROGRESS:  输出模块: Photoshop
PROGRESS:  输出到: E:\Code\AePlugin_Dynamicfx\scripts\out\public-push-20260911\scripts\out\upstream-glass-20260924\ae-16-1-3_[#####].psd
PROGRESS:  格式: Photoshop 序列
PROGRESS:  输出信息: -
PROGRESS:  开始帧: 75
PROGRESS:  输出音频: -
PROGRESS:  通道: RGB + Alpha
PROGRESS:  深度: 数百万种以上颜色
PROGRESS:  颜色: 预乘
PROGRESS:  调整大小: -
PROGRESS:  裁剪: -
PROGRESS:  最终大小: 1440 x 900
PROGRESS:  配置文件: -
PROGRESS:  嵌入配置文件: 
PROGRESS:   
PROGRESS:  渲染后动作: 无
PROGRESS:   
PROGRESS:   
PROGRESS:   
PROGRESS:  
PROGRESS:  0:00:03:00 (1): 0 秒
PROGRESS:  “2026/9/23”“18:34:01”: 开始合成“Liquid Glass - edit the native shapes”。

PROGRESS:  渲染设置: 最佳设置
PROGRESS:  品质: 最佳
PROGRESS:  分辨率: 二分之一
PROGRESS:  大小: 1440 x 900 (720 x 450)
PROGRESS:  代理使用: 不使用代理
PROGRESS:  效果: 当前设置
PROGRESS:  磁盘高速缓存: 只读
PROGRESS:  颜色深度: 当前设置
PROGRESS:  帧混合: 对选中图层打开
PROGRESS:  场渲染: 关
PROGRESS:  Pulldown: 关
PROGRESS:  运动模糊: 对选中图层打开
PROGRESS:   
PROGRESS:  单独: 当前设置
PROGRESS:   
PROGRESS:  时间跨度: 自定义
PROGRESS:  开始: 0:00:00:00
PROGRESS:  结束: 0:00:00:00
PROGRESS:  持续时间: 0:00:00:01
PROGRESS:  帧速率: 25.00 （合成）
PROGRESS:  引导层: 全部关闭
PROGRESS:  跳过现有文件: 关
PROGRESS:  
PROGRESS:  输出模块: Photoshop
PROGRESS:  输出到: E:\Code\AePlugin_Dynamicfx\scripts\out\public-push-20260911\scripts\out\upstream-glass-20260924\ae-16-2-0_[#####].psd
PROGRESS:  格式: Photoshop 序列
PROGRESS:  输出信息: -
PROGRESS:  开始帧: 0
PROGRESS:  输出音频: -
PROGRESS:  通道: RGB + Alpha
PROGRESS:  深度: 数百万种以上颜色
PROGRESS:  颜色: 预乘
PROGRESS:  调整大小: -
PROGRESS:  裁剪: -
PROGRESS:  最终大小: 720 x 450
PROGRESS:  配置文件: -
PROGRESS:  嵌入配置文件: 
PROGRESS:   
PROGRESS:  渲染后动作: 无
PROGRESS:   
PROGRESS:   
PROGRESS:   
PROGRESS:  
PROGRESS:  0:00:00:00 (1): 0 秒
PROGRESS:  “2026/9/23”“18:34:01”: 完成的合成“Liquid Glass - edit the native shapes”。


PROGRESS:  “2026/9/23”“18:34:01”: 开始合成“Liquid Glass - edit the native shapes”。

PROGRESS:  渲染设置: 最佳设置
PROGRESS:  品质: 最佳
PROGRESS:  分辨率: 二分之一
PROGRESS:  大小: 1440 x 900 (720 x 450)
PROGRESS:  代理使用: 不使用代理
PROGRESS:  效果: 当前设置
PROGRESS:  磁盘高速缓存: 只读
PROGRESS:  颜色深度: 当前设置
PROGRESS:  帧混合: 对选中图层打开
PROGRESS:  场渲染: 关
PROGRESS:  Pulldown: 关
PROGRESS:  运动模糊: 对选中图层打开
PROGRESS:   
PROGRESS:  单独: 当前设置
PROGRESS:   
PROGRESS:  时间跨度: 自定义
PROGRESS:  开始: 0:00:01:12
PROGRESS:  结束: 0:00:01:13
PROGRESS:  持续时间: 0:00:00:01
PROGRESS:  帧速率: 25.00 （合成）
PROGRESS:  引导层: 全部关闭
PROGRESS:  跳过现有文件: 关
PROGRESS:  
PROGRESS:  输出模块: Photoshop
PROGRESS:  输出到: E:\Code\AePlugin_Dynamicfx\scripts\out\public-push-20260911\scripts\out\upstream-glass-20260924\ae-16-2-1.5_[#####].psd
PROGRESS:  格式: Photoshop 序列
PROGRESS:  输出信息: -
PROGRESS:  开始帧: 37
PROGRESS:  输出音频: -
PROGRESS:  通道: RGB + Alpha
PROGRESS:  深度: 数百万种以上颜色
PROGRESS:  颜色: 预乘
PROGRESS:  调整大小: -
PROGRESS:  裁剪: -
PROGRESS:  最终大小: 720 x 450
PROGRESS:  配置文件: -
PROGRESS:  嵌入配置文件: 
PROGRESS:   
PROGRESS:  渲染后动作: 无
PROGRESS:   
PROGRESS:   
PROGRESS:   
PROGRESS:  
PROGRESS:  0:00:01:12 (1): 0 秒
PROGRESS:  “2026/9/23”“18:34:01”: 完成的合成“Liquid Glass - edit the native shapes”。


PROGRESS:  “2026/9/23”“18:34:01”: 开始合成“Liquid Glass - edit the native shapes”。

PROGRESS:  渲染设置: 最佳设置
PROGRESS:  品质: 最佳
PROGRESS:  分辨率: 二分之一
PROGRESS:  大小: 1440 x 900 (720 x 450)
PROGRESS:  代理使用: 不使用代理
PROGRESS:  效果: 当前设置
PROGRESS:  磁盘高速缓存: 只读
PROGRESS:  颜色深度: 当前设置
PROGRESS:  帧混合: 对选中图层打开
PROGRESS:  场渲染: 关
PROGRESS:  Pulldown: 关
PROGRESS:  运动模糊: 对选中图层打开
PROGRESS:   
PROGRESS:  单独: 当前设置
PROGRESS:   
PROGRESS:  时间跨度: 自定义
PROGRESS:  开始: 0:00:03:00
PROGRESS:  结束: 0:00:03:00
PROGRESS:  持续时间: 0:00:00:01
PROGRESS:  帧速率: 25.00 （合成）
PROGRESS:  引导层: 全部关闭
PROGRESS:  跳过现有文件: 关
PROGRESS:  
PROGRESS:  输出模块: Photoshop
PROGRESS:  输出到: E:\Code\AePlugin_Dynamicfx\scripts\out\public-push-20260911\scripts\out\upstream-glass-20260924\ae-16-2-3_[#####].psd
PROGRESS:  格式: Photoshop 序列
PROGRESS:  输出信息: -
PROGRESS:  开始帧: 75
PROGRESS:  输出音频: -
PROGRESS:  通道: RGB + Alpha
PROGRESS:  深度: 数百万种以上颜色
PROGRESS:  颜色: 预乘
PROGRESS:  调整大小: -
PROGRESS:  裁剪: -
PROGRESS:  最终大小: 720 x 450
PROGRESS:  配置文件: -
PROGRESS:  嵌入配置文件: 
PROGRESS:   
PROGRESS:  渲染后动作: 无
PROGRESS:   
PROGRESS:   
PROGRESS:   
PROGRESS:  
PROGRESS:  0:00:03:00 (1): 0 秒
PROGRESS:  “2026/9/23”“18:34:02”: 开始合成“Liquid Glass - edit the native shapes”。

PROGRESS:  渲染设置: 最佳设置
PROGRESS:  品质: 最佳
PROGRESS:  分辨率: 四分之一
PROGRESS:  大小: 1440 x 900 (360 x 225)
PROGRESS:  代理使用: 不使用代理
PROGRESS:  效果: 当前设置
PROGRESS:  磁盘高速缓存: 只读
PROGRESS:  颜色深度: 当前设置
PROGRESS:  帧混合: 对选中图层打开
PROGRESS:  场渲染: 关
PROGRESS:  Pulldown: 关
PROGRESS:  运动模糊: 对选中图层打开
PROGRESS:   
PROGRESS:  单独: 当前设置
PROGRESS:   
PROGRESS:  时间跨度: 自定义
PROGRESS:  开始: 0:00:00:00
PROGRESS:  结束: 0:00:00:00
PROGRESS:  持续时间: 0:00:00:01
PROGRESS:  帧速率: 25.00 （合成）
PROGRESS:  引导层: 全部关闭
PROGRESS:  跳过现有文件: 关
PROGRESS:  
PROGRESS:  输出模块: Photoshop
PROGRESS:  输出到: E:\Code\AePlugin_Dynamicfx\scripts\out\public-push-20260911\scripts\out\upstream-glass-20260924\ae-16-4-0_[#####].psd
PROGRESS:  格式: Photoshop 序列
PROGRESS:  输出信息: -
PROGRESS:  开始帧: 0
PROGRESS:  输出音频: -
PROGRESS:  通道: RGB + Alpha
PROGRESS:  深度: 数百万种以上颜色
PROGRESS:  颜色: 预乘
PROGRESS:  调整大小: -
PROGRESS:  裁剪: -
PROGRESS:  最终大小: 360 x 225
PROGRESS:  配置文件: -
PROGRESS:  嵌入配置文件: 
PROGRESS:   
PROGRESS:  渲染后动作: 无
PROGRESS:   
PROGRESS:   
PROGRESS:   
PROGRESS:  
PROGRESS:  0:00:00:00 (1): 0 秒
PROGRESS:  “2026/9/23”“18:34:02”: 开始合成“Liquid Glass - edit the native shapes”。

PROGRESS:  渲染设置: 最佳设置
PROGRESS:  品质: 最佳
PROGRESS:  分辨率: 四分之一
PROGRESS:  大小: 1440 x 900 (360 x 225)
PROGRESS:  代理使用: 不使用代理
PROGRESS:  效果: 当前设置
PROGRESS:  磁盘高速缓存: 只读
PROGRESS:  颜色深度: 当前设置
PROGRESS:  帧混合: 对选中图层打开
PROGRESS:  场渲染: 关
PROGRESS:  Pulldown: 关
PROGRESS:  运动模糊: 对选中图层打开
PROGRESS:   
PROGRESS:  单独: 当前设置
PROGRESS:   
PROGRESS:  时间跨度: 自定义
PROGRESS:  开始: 0:00:01:12
PROGRESS:  结束: 0:00:01:13
PROGRESS:  持续时间: 0:00:00:01
PROGRESS:  帧速率: 25.00 （合成）
PROGRESS:  引导层: 全部关闭
PROGRESS:  跳过现有文件: 关
PROGRESS:  
PROGRESS:  输出模块: Photoshop
PROGRESS:  输出到: E:\Code\AePlugin_Dynamicfx\scripts\out\public-push-20260911\scripts\out\upstream-glass-20260924\ae-16-4-1.5_[#####].psd
PROGRESS:  格式: Photoshop 序列
PROGRESS:  输出信息: -
PROGRESS:  开始帧: 37
PROGRESS:  输出音频: -
PROGRESS:  通道: RGB + Alpha
PROGRESS:  深度: 数百万种以上颜色
PROGRESS:  颜色: 预乘
PROGRESS:  调整大小: -
PROGRESS:  裁剪: -
PROGRESS:  最终大小: 360 x 225
PROGRESS:  配置文件: -
PROGRESS:  嵌入配置文件: 
PROGRESS:   
PROGRESS:  渲染后动作: 无
PROGRESS:   
PROGRESS:   
PROGRESS:   
PROGRESS:  
PROGRESS:  0:00:01:12 (1): 0 秒
PROGRESS:  “2026/9/23”“18:34:02”: 完成的合成“Liquid Glass - edit the native shapes”。


PROGRESS:  “2026/9/23”“18:34:02”: 开始合成“Liquid Glass - edit the native shapes”。

PROGRESS:  渲染设置: 最佳设置
PROGRESS:  品质: 最佳
PROGRESS:  分辨率: 四分之一
PROGRESS:  大小: 1440 x 900 (360 x 225)
PROGRESS:  代理使用: 不使用代理
PROGRESS:  效果: 当前设置
PROGRESS:  磁盘高速缓存: 只读
PROGRESS:  颜色深度: 当前设置
PROGRESS:  帧混合: 对选中图层打开
PROGRESS:  场渲染: 关
PROGRESS:  Pulldown: 关
PROGRESS:  运动模糊: 对选中图层打开
PROGRESS:   
PROGRESS:  单独: 当前设置
PROGRESS:   
PROGRESS:  时间跨度: 自定义
PROGRESS:  开始: 0:00:03:00
PROGRESS:  结束: 0:00:03:00
PROGRESS:  持续时间: 0:00:00:01
PROGRESS:  帧速率: 25.00 （合成）
PROGRESS:  引导层: 全部关闭
PROGRESS:  跳过现有文件: 关
PROGRESS:  
PROGRESS:  输出模块: Photoshop
PROGRESS:  输出到: E:\Code\AePlugin_Dynamicfx\scripts\out\public-push-20260911\scripts\out\upstream-glass-20260924\ae-16-4-3_[#####].psd
PROGRESS:  格式: Photoshop 序列
PROGRESS:  输出信息: -
PROGRESS:  开始帧: 75
PROGRESS:  输出音频: -
PROGRESS:  通道: RGB + Alpha
PROGRESS:  深度: 数百万种以上颜色
PROGRESS:  颜色: 预乘
PROGRESS:  调整大小: -
PROGRESS:  裁剪: -
PROGRESS:  最终大小: 360 x 225
PROGRESS:  配置文件: -
PROGRESS:  嵌入配置文件: 
PROGRESS:   
PROGRESS:  渲染后动作: 无
PROGRESS:   
PROGRESS:   
PROGRESS:   
PROGRESS:  
PROGRESS:  0:00:03:00 (1): 0 秒
PROGRESS:  “2026/9/23”“18:34:02”: 完成的合成“Liquid Glass - edit the native shapes”。


PROGRESS:  已用总时间: 3 秒
