# Checkout paths replaced with $BUILD_ROOT; original SHA-256 recorded in evidence-redactions.json.
   Compiling proc-macro2 v1.0.107
   Compiling unicode-ident v1.0.24
   Compiling quote v1.0.47
   Compiling libc v0.2.189
   Compiling bitflags v2.13.1
   Compiling cfg_aliases v0.2.2
   Compiling objc2 v0.6.4
   Compiling objc2-encode v4.1.0
   Compiling cfg-if v1.0.4
   Compiling autocfg v1.5.1
   Compiling libm v0.2.16
   Compiling parking_lot_core v0.9.12
   Compiling once_cell v1.21.4
   Compiling smallvec v1.15.2
   Compiling num-traits v0.2.19
   Compiling glob v0.3.4
   Compiling scopeguard v1.2.0
   Compiling zerocopy v0.8.55
   Compiling log v0.4.33
   Compiling clang-sys v1.9.1
   Compiling lock_api v0.4.14
   Compiling prettyplease v0.2.37
   Compiling hashbrown v0.17.1
   Compiling shlex v2.0.1
   Compiling foldhash v0.1.5
   Compiling thiserror v2.0.19
   Compiling find-msvc-tools v0.1.9
   Compiling serde_core v1.0.229
   Compiling equivalent v1.0.2
   Compiling indexmap v2.14.0
   Compiling cc v1.4.0
   Compiling hashbrown v0.15.5
   Compiling syn v2.0.119
   Compiling syn v3.0.3
   Compiling thiserror-impl v2.0.19
   Compiling naga v29.0.4
   Compiling dispatch2 v0.3.1
   Compiling block2 v0.6.2
   Compiling zerocopy-derive v0.8.55
   Compiling bytemuck_derive v1.11.0
   Compiling objc2-core-foundation v0.3.2
   Compiling unicode-xid v0.2.6
   Compiling bit-vec v0.9.1
   Compiling memchr v2.8.3
   Compiling serde v1.0.229
   Compiling minimal-lexical v0.2.1
   Compiling unicode-width v0.2.2
   Compiling foldhash v0.2.0
   Compiling arrayvec v0.7.8
   Compiling termcolor v1.4.1
   Compiling regex-syntax v0.8.11
   Compiling fixedbitset v0.5.7
   Compiling hashbrown v0.16.1
   Compiling bytemuck v1.25.2
   Compiling petgraph v0.8.3
   Compiling codespan-reporting v0.13.1
   Compiling nom v7.1.3
   Compiling objc2-foundation v0.3.2
   Compiling regex-automata v0.4.16
   Compiling bit-set v0.9.1
   Compiling pp-rs v0.2.1
   Compiling libloading v0.8.9
   Compiling spirv v0.4.0+sdk-1.4.341.0
   Compiling hexf-parse v0.2.1
   Compiling bindgen v0.72.1
   Compiling either v1.17.0
   Compiling rustc-hash v1.1.0
   Compiling raw-window-handle v0.6.2
   Compiling wgpu-types v29.0.4
   Compiling objc2-metal v0.3.2
   Compiling itertools v0.13.0
   Compiling regex v1.13.1
   Compiling cexpr v0.6.0
   Compiling parking_lot v0.12.5
   Compiling wgpu-hal v29.0.4
   Compiling rustc-hash v2.1.3
   Compiling shlex v1.3.0
   Compiling toml v0.5.11
   Compiling konst_macro_rules v0.2.19
   Compiling zmij v1.0.23
   Compiling profiling v1.0.18
   Compiling konst v0.2.20
   Compiling const_format_proc_macros v0.2.34
   Compiling half v2.7.1
   Compiling winres v0.1.12
   Compiling serde_derive v1.0.229
   Compiling oslog v0.2.0
   Compiling wgpu-core v29.0.4
   Compiling pretty-hex v0.4.2
   Compiling litrs v1.0.0
   Compiling objc2-quartz-core v0.3.2
   Compiling hashbrown v0.14.5
   Compiling serde_json v1.0.151
   Compiling raw-window-metal v1.1.0
   Compiling paste v1.0.15
   Compiling byteorder v1.5.0
   Compiling virtue v0.0.18
   Compiling dashmap v5.5.3
   Compiling pipl v0.1.1
   Compiling document-features v0.2.12
   Compiling bincode_derive v2.0.1
   Compiling const_format v0.2.36
   Compiling blake3 v1.8.6
   Compiling wgpu v29.0.4
   Compiling unty v0.0.4
   Compiling itoa v1.0.18
   Compiling dynamicfx v0.1.1 ($BUILD_ROOT)
   Compiling hash32 v1.0.0
   Compiling constant_time_eq v0.4.2
   Compiling static_assertions v1.1.0
   Compiling fastrand v2.5.0
   Compiling widestring v1.2.1
   Compiling arrayref v0.3.9
   Compiling cstr-literal v0.1.0
   Compiling pollster v1.0.1
   Compiling after-effects-sys v0.4.0
   Compiling bincode v2.0.1
   Compiling after-effects v0.4.0
   Compiling wgpu-naga-bridge v29.0.4
   Compiling wgpu-core-deps-apple v29.0.4
    Finished `release` profile [optimized] target(s) in 28.12s
{
  "bundle": "$BUILD_ROOT/target/macos-arm64/DynamicFx.plugin",
  "version": "0.1.1",
  "architectures": [
    "arm64"
  ],
  "binary_sha256": "3d2fc6e88415f512988b02036779a48dcbae7b1f4e4d1b525020e71450c8133f",
  "resource_sha256": "b64852ea2a0bb7cc2548398843bf2bdf8d8613b6e7f60b884707a696ed8af8a0",
  "binary_bytes": 7602160,
  "pipl_outflags": "0x06000644",
  "pipl_outflags2": "0x08801400",
  "signature": "Executable=$BUILD_ROOT/target/macos-arm64/DynamicFx.plugin/Contents/MacOS/DynamicFx\nIdentifier=com.dynamicfx.plugin\nFormat=bundle with Mach-O thin (arm64)\nCodeDirectory v=20500 size=14997 flags=0x10002(adhoc,runtime) hashes=462+3 location=embedded\nSignature=adhoc\nInfo.plist entries=10\nTeamIdentifier=not set\nRuntime Version=26.5.0\nSealed Resources version=2 rules=13 files=2\nInternal requirements count=0 size=12",
  "packaging_context": {
    "commit": "2428cfd94b4556cc3bc5ed63f7950ceca42a6b92",
    "dirty": false,
    "rustc": "rustc 1.97.1 (8bab26f4f 2026-07-14)",
    "cargo": "cargo 1.97.1 (c980f4866 2026-06-30)",
    "target": "aarch64-apple-darwin",
    "source_binary_sha256": "c5140573ac4866dda4e2720b7bf33c03c827adca2b616d00146ce5e68eeb8986",
    "cargo_lock_sha256": "125d8418a9eb26068503cd15717ae7f04a2d23e680162285730c273a49d1f8bc",
    "packaged_utc": "2026-09-08T22:15:21.689719+00:00"
  }
}
