[1790136553] coverage sequence resetup: render_only=false
[1790136553] sequence (re)setup: observation deferred
[1790136553] status: E5 no expression on Source
[1790136553] slots hidden (no definition)
[1790136553] ui publication: param=426, language=Some(LanguageId(1)), token=0, plan=0, code=E5
[1790136553] ui publication: param=426, language=Some(LanguageId(1)), token=0, plan=0, code=E5
[1790136553] coverage sequence resetup: render_only=false
[1790136553] sequence (re)setup: observation deferred
[1790136553] coverage sequence resetup: render_only=false
[1790136553] sequence (re)setup: observation deferred
[1790136553] status: compiled: 1 pass, 1 params
[1790136553] coverage sequence resetup: render_only=true
[1790136553] sequence (re)setup: observation deferred
[1790136553] coverage sequence resetup: render_only=true
[1790136553] sequence (re)setup: observation deferred
[1790136553] coverage sequence resetup: render_only=true
[1790136553] sequence (re)setup: observation deferred
[1790136553] slots configured: 1 bound (names_ok=true, visibility_ok=true)
[1790136553] smart cmd (render=false): seq_raw_null=true const_seq_ok=true
[1790136553] definition resolved from process registry
[1790136553] smart geometry: logical=800x600 downsample=1/1x1/1 request=PF_LRect { left: 50, top: 150, right: 300, bottom: 500 } upstream=Rect { left: 0, top: 0, right: 800, bottom: 600 } frame=Rect { left: 0, top: 0, right: 800, bottom: 600 } canvas=Rect { left: 0, top: 0, right: 800, bottom: 600 }
[1790136553] smart cmd (render=true): seq_raw_null=true const_seq_ok=true
[1790136553] layer 1: 800x600 stride 12800
[1790136553] coverage gate refused: E60 state=236851021100322 certificate=0
[1790136554] idle slot ui applied: 1 bound, 0 defaults written
[1790136554] ui publication: param=427, language=Some(LanguageId(1)), token=388347107668805, plan=303880636715951, code=E0
[1790136554] ui publication: param=426, language=Some(LanguageId(1)), token=388347107668805, plan=303880636715951, code=E0
[1790136554] ui publication: param=426, language=Some(LanguageId(1)), token=388347107668805, plan=303880636715951, code=E0
[1790136554] ui publication: param=427, language=Some(LanguageId(1)), token=388347107668805, plan=303880636715951, code=E0
[1790136554] coverage reader created: owner=51 reader=53
[1790136554] coverage sequence resetup: render_only=true
[1790136554] sequence (re)setup: observation deferred
