PROGRESS:  “2026/9/8”“GMT+805:12:13”: 开始合成“DFX_final_export”。

PROGRESS:  渲染设置: 最佳设置
PROGRESS:  品质: 最佳
PROGRESS:  分辨率: 完全
PROGRESS:  大小: 321 x 239
PROGRESS:  代理使用: 不使用代理
PROGRESS:  效果: 当前设置
PROGRESS:  磁盘高速缓存: 只读
PROGRESS:  颜色深度: 当前设置
PROGRESS:  帧混合: 对选中图层打开
PROGRESS:  场渲染: 关
PROGRESS:  Pulldown: 关
PROGRESS:  运动模糊: 对选中图层打开
PROGRESS:   
PROGRESS:  单独: 当前设置
PROGRESS:   
PROGRESS:  时间跨度: 自定义
PROGRESS:  开始: 0:00:00:00
PROGRESS:  结束: 0:00:00:00
PROGRESS:  持续时间: 0:00:00:02
PROGRESS:  帧速率: 25.00 （合成）
PROGRESS:  引导层: 全部关闭
PROGRESS:  跳过现有文件: 关
PROGRESS:  
PROGRESS:  输出模块: Photoshop
PROGRESS:  输出到: /Users/junk_doge/Documents/DynamicFX/scripts/out/macos/ae2026/final_ramp_full_[#####].psd
PROGRESS:  格式: Photoshop 序列
PROGRESS:  输出信息: -
PROGRESS:  开始帧: 0
PROGRESS:  输出音频: -
PROGRESS:  通道: RGB + Alpha
PROGRESS:  深度: 数百万种以上颜色
PROGRESS:  颜色: 预乘
PROGRESS:  调整大小: -
PROGRESS:  裁剪: -
PROGRESS:  最终大小: 321 x 239
PROGRESS:  配置文件: -
PROGRESS:  嵌入配置文件: 
PROGRESS:   
PROGRESS:  渲染后动作: 无
PROGRESS:   
PROGRESS:   
PROGRESS:   
PROGRESS:  
PROGRESS:  0:00:00:00 (1): 0 秒
PROGRESS:  0:00:00:01 (2): 0 秒
PROGRESS:  “2026/9/8”“GMT+805:12:13”: 完成的合成“DFX_final_export”。


PROGRESS:  “2026/9/8”“GMT+805:12:13”: 开始合成“DFX_final_export”。

PROGRESS:  渲染设置: 最佳设置
PROGRESS:  品质: 最佳
PROGRESS:  分辨率: 二分之一
PROGRESS:  大小: 321 x 239 (161 x 120)
PROGRESS:  代理使用: 不使用代理
PROGRESS:  效果: 当前设置
PROGRESS:  磁盘高速缓存: 只读
PROGRESS:  颜色深度: 当前设置
PROGRESS:  帧混合: 对选中图层打开
PROGRESS:  场渲染: 关
PROGRESS:  Pulldown: 关
PROGRESS:  运动模糊: 对选中图层打开
PROGRESS:   
PROGRESS:  单独: 当前设置
PROGRESS:   
PROGRESS:  时间跨度: 自定义
PROGRESS:  开始: 0:00:00:00
PROGRESS:  结束: 0:00:00:00
PROGRESS:  持续时间: 0:00:00:02
PROGRESS:  帧速率: 25.00 （合成）
PROGRESS:  引导层: 全部关闭
PROGRESS:  跳过现有文件: 关
PROGRESS:  
PROGRESS:  输出模块: Photoshop
PROGRESS:  输出到: /Users/junk_doge/Documents/DynamicFX/scripts/out/macos/ae2026/final_ramp_half_[#####].psd
PROGRESS:  格式: Photoshop 序列
PROGRESS:  输出信息: -
PROGRESS:  开始帧: 0
PROGRESS:  输出音频: -
PROGRESS:  通道: RGB + Alpha
PROGRESS:  深度: 数百万种以上颜色
PROGRESS:  颜色: 预乘
PROGRESS:  调整大小: -
PROGRESS:  裁剪: -
PROGRESS:  最终大小: 161 x 120
PROGRESS:  配置文件: -
PROGRESS:  嵌入配置文件: 
PROGRESS:   
PROGRESS:  渲染后动作: 无
PROGRESS:   
PROGRESS:   
PROGRESS:   
PROGRESS:  
PROGRESS:  0:00:00:00 (1): 0 秒
PROGRESS:  0:00:00:01 (2): 0 秒
PROGRESS:  “2026/9/8”“GMT+805:12:14”: 完成的合成“DFX_final_export”。


PROGRESS:  “2026/9/8”“GMT+805:12:14”: 开始合成“DFX_final_export”。

PROGRESS:  渲染设置: 最佳设置
PROGRESS:  品质: 最佳
PROGRESS:  分辨率: 四分之一
PROGRESS:  大小: 321 x 239 (81 x 60)
PROGRESS:  代理使用: 不使用代理
PROGRESS:  效果: 当前设置
PROGRESS:  磁盘高速缓存: 只读
PROGRESS:  颜色深度: 当前设置
PROGRESS:  帧混合: 对选中图层打开
PROGRESS:  场渲染: 关
PROGRESS:  Pulldown: 关
PROGRESS:  运动模糊: 对选中图层打开
PROGRESS:   
PROGRESS:  单独: 当前设置
PROGRESS:   
PROGRESS:  时间跨度: 自定义
PROGRESS:  开始: 0:00:00:00
PROGRESS:  结束: 0:00:00:00
PROGRESS:  持续时间: 0:00:00:02
PROGRESS:  帧速率: 25.00 （合成）
PROGRESS:  引导层: 全部关闭
PROGRESS:  跳过现有文件: 关
PROGRESS:  
PROGRESS:  输出模块: Photoshop
PROGRESS:  输出到: /Users/junk_doge/Documents/DynamicFX/scripts/out/macos/ae2026/final_ramp_quarter_[#####].psd
PROGRESS:  格式: Photoshop 序列
PROGRESS:  输出信息: -
PROGRESS:  开始帧: 0
PROGRESS:  输出音频: -
PROGRESS:  通道: RGB + Alpha
PROGRESS:  深度: 数百万种以上颜色
PROGRESS:  颜色: 预乘
PROGRESS:  调整大小: -
PROGRESS:  裁剪: -
PROGRESS:  最终大小: 81 x 60
PROGRESS:  配置文件: -
PROGRESS:  嵌入配置文件: 
PROGRESS:   
PROGRESS:  渲染后动作: 无
PROGRESS:   
PROGRESS:   
PROGRESS:   
PROGRESS:  
PROGRESS:  0:00:00:00 (1): 0 秒
PROGRESS:  0:00:00:01 (2): 0 秒
PROGRESS:  “2026/9/8”“GMT+805:12:14”: 完成的合成“DFX_final_export”。


PROGRESS:  “2026/9/8”“GMT+805:12:14”: 开始合成“DFX_siri”。

PROGRESS:  渲染设置: 最佳设置
PROGRESS:  品质: 最佳
PROGRESS:  分辨率: 完全
PROGRESS:  大小: 1280 x 720
PROGRESS:  代理使用: 不使用代理
PROGRESS:  效果: 当前设置
PROGRESS:  磁盘高速缓存: 只读
PROGRESS:  颜色深度: 当前设置
PROGRESS:  帧混合: 对选中图层打开
PROGRESS:  场渲染: 关
PROGRESS:  Pulldown: 关
PROGRESS:  运动模糊: 对选中图层打开
PROGRESS:   
PROGRESS:  单独: 当前设置
PROGRESS:   
PROGRESS:  时间跨度: 自定义
PROGRESS:  开始: 0:00:01:00
PROGRESS:  结束: 0:00:01:00
PROGRESS:  持续时间: 0:00:00:02
PROGRESS:  帧速率: 25.00 （合成）
PROGRESS:  引导层: 全部关闭
PROGRESS:  跳过现有文件: 关
PROGRESS:  
PROGRESS:  输出模块: Photoshop
PROGRESS:  输出到: /Users/junk_doge/Documents/DynamicFX/scripts/out/macos/ae2026/final_siri_full_[#####].psd
PROGRESS:  格式: Photoshop 序列
PROGRESS:  输出信息: -
PROGRESS:  开始帧: 25
PROGRESS:  输出音频: -
PROGRESS:  通道: RGB + Alpha
PROGRESS:  深度: 数百万种以上颜色
PROGRESS:  颜色: 预乘
PROGRESS:  调整大小: -
PROGRESS:  裁剪: -
PROGRESS:  最终大小: 1280 x 720
PROGRESS:  配置文件: -
PROGRESS:  嵌入配置文件: 
PROGRESS:   
PROGRESS:  渲染后动作: 无
PROGRESS:   
PROGRESS:   
PROGRESS:   
PROGRESS:  
PROGRESS:  0:00:01:00 (1): 0 秒
PROGRESS:  0:00:01:01 (2): 0 秒
PROGRESS:  “2026/9/8”“GMT+805:12:14”: 完成的合成“DFX_siri”。


PROGRESS:  “2026/9/8”“GMT+805:12:14”: 开始合成“DFX_siri”。

PROGRESS:  渲染设置: 最佳设置
PROGRESS:  品质: 最佳
PROGRESS:  分辨率: 二分之一
PROGRESS:  大小: 1280 x 720 (640 x 360)
PROGRESS:  代理使用: 不使用代理
PROGRESS:  效果: 当前设置
PROGRESS:  磁盘高速缓存: 只读
PROGRESS:  颜色深度: 当前设置
PROGRESS:  帧混合: 对选中图层打开
PROGRESS:  场渲染: 关
PROGRESS:  Pulldown: 关
PROGRESS:  运动模糊: 对选中图层打开
PROGRESS:   
PROGRESS:  单独: 当前设置
PROGRESS:   
PROGRESS:  时间跨度: 自定义
PROGRESS:  开始: 0:00:01:00
PROGRESS:  结束: 0:00:01:00
PROGRESS:  持续时间: 0:00:00:02
PROGRESS:  帧速率: 25.00 （合成）
PROGRESS:  引导层: 全部关闭
PROGRESS:  跳过现有文件: 关
PROGRESS:  
PROGRESS:  输出模块: Photoshop
PROGRESS:  输出到: /Users/junk_doge/Documents/DynamicFX/scripts/out/macos/ae2026/final_siri_half_[#####].psd
PROGRESS:  格式: Photoshop 序列
PROGRESS:  输出信息: -
PROGRESS:  开始帧: 25
PROGRESS:  输出音频: -
PROGRESS:  通道: RGB + Alpha
PROGRESS:  深度: 数百万种以上颜色
PROGRESS:  颜色: 预乘
PROGRESS:  调整大小: -
PROGRESS:  裁剪: -
PROGRESS:  最终大小: 640 x 360
PROGRESS:  配置文件: -
PROGRESS:  嵌入配置文件: 
PROGRESS:   
PROGRESS:  渲染后动作: 无
PROGRESS:   
PROGRESS:   
PROGRESS:   
PROGRESS:  
PROGRESS:  0:00:01:00 (1): 0 秒
PROGRESS:  0:00:01:01 (2): 0 秒
PROGRESS:  “2026/9/8”“GMT+805:12:14”: 完成的合成“DFX_siri”。


PROGRESS:  “2026/9/8”“GMT+805:12:14”: 开始合成“DFX_siri”。

PROGRESS:  渲染设置: 最佳设置
PROGRESS:  品质: 最佳
PROGRESS:  分辨率: 四分之一
PROGRESS:  大小: 1280 x 720 (320 x 180)
PROGRESS:  代理使用: 不使用代理
PROGRESS:  效果: 当前设置
PROGRESS:  磁盘高速缓存: 只读
PROGRESS:  颜色深度: 当前设置
PROGRESS:  帧混合: 对选中图层打开
PROGRESS:  场渲染: 关
PROGRESS:  Pulldown: 关
PROGRESS:  运动模糊: 对选中图层打开
PROGRESS:   
PROGRESS:  单独: 当前设置
PROGRESS:   
PROGRESS:  时间跨度: 自定义
PROGRESS:  开始: 0:00:01:00
PROGRESS:  结束: 0:00:01:00
PROGRESS:  持续时间: 0:00:00:02
PROGRESS:  帧速率: 25.00 （合成）
PROGRESS:  引导层: 全部关闭
PROGRESS:  跳过现有文件: 关
PROGRESS:  
PROGRESS:  输出模块: Photoshop
PROGRESS:  输出到: /Users/junk_doge/Documents/DynamicFX/scripts/out/macos/ae2026/final_siri_quarter_[#####].psd
PROGRESS:  格式: Photoshop 序列
PROGRESS:  输出信息: -
PROGRESS:  开始帧: 25
PROGRESS:  输出音频: -
PROGRESS:  通道: RGB + Alpha
PROGRESS:  深度: 数百万种以上颜色
PROGRESS:  颜色: 预乘
PROGRESS:  调整大小: -
PROGRESS:  裁剪: -
PROGRESS:  最终大小: 320 x 180
PROGRESS:  配置文件: -
PROGRESS:  嵌入配置文件: 
PROGRESS:   
PROGRESS:  渲染后动作: 无
PROGRESS:   
PROGRESS:   
PROGRESS:   
PROGRESS:  
PROGRESS:  0:00:01:00 (1): 0 秒
PROGRESS:  0:00:01:01 (2): 0 秒
PROGRESS:  “2026/9/8”“GMT+805:12:14”: 完成的合成“DFX_siri”。


PROGRESS:  已用总时间: 1 秒
aerender version 26.3x87
PROGRESS: Launching After Effects...
