[1790138065] coverage sequence resetup: render_only=false project_flag=false render_engine=false
[1790138065] sequence (re)setup: observation deferred
[1790138065] coverage sequence resetup: render_only=false project_flag=false render_engine=false
[1790138065] sequence (re)setup: observation deferred
[1790138065] status: compiled: 1 pass, 1 params
[1790138065] coverage sequence resetup: render_only=true project_flag=true render_engine=false
[1790138065] sequence (re)setup: observation deferred
[1790138065] coverage sequence resetup: render_only=true project_flag=true render_engine=false
[1790138065] sequence (re)setup: observation deferred
[1790138066] slots configured: 1 bound (names_ok=true, visibility_ok=true)
[1790138066] smart cmd (render=false): seq_raw_null=true const_seq_ok=true
[1790138066] definition resolved from process registry
[1790138066] smart geometry: logical=800x600 downsample=1/1x1/1 request=PF_LRect { left: 0, top: 0, right: 800, bottom: 600 } upstream=Rect { left: 0, top: 0, right: 800, bottom: 600 } frame=Rect { left: 0, top: 0, right: 800, bottom: 600 } canvas=Rect { left: 0, top: 0, right: 800, bottom: 600 }
[1790138066] smart cmd (render=false): seq_raw_null=true const_seq_ok=true
[1790138066] smart geometry: logical=800x600 downsample=1/1x1/1 request=PF_LRect { left: 200, top: 150, right: 600, bottom: 500 } upstream=Rect { left: 0, top: 0, right: 800, bottom: 600 } frame=Rect { left: 0, top: 0, right: 800, bottom: 600 } canvas=Rect { left: 0, top: 0, right: 800, bottom: 600 }
[1790138066] smart cmd (render=true): seq_raw_null=true const_seq_ok=true
[1790138066] layer 1: 800x600 stride 12800
[1790138066] coverage gate refused: E60 state=238575237021375 certificate=0
[1790138066] ui publication: param=427, language=Some(LanguageId(1)), token=388347107668805, plan=303880636715951, code=E0
[1790138066] ui publication: param=426, language=Some(LanguageId(1)), token=388347107668805, plan=303880636715951, code=E0
[1790138066] ui publication: param=426, language=Some(LanguageId(1)), token=388347107668805, plan=303880636715951, code=E0
[1790138066] ui publication: param=427, language=Some(LanguageId(1)), token=388347107668805, plan=303880636715951, code=E0
[1790138066] coverage sequence resetup: render_only=true project_flag=true render_engine=false
[1790138066] sequence (re)setup: observation deferred
