[1790138657] registered with AEGP at global setup
[1790138657] AEGP idle hook registered
[1790138657] params setup: ADR-0013 topology
[1790138657] params setup: complete
[1790138657] coverage sequence resetup: render_only=true project_flag=false render_engine=true
[1790138657] sequence (re)setup: observation deferred
[1790138657] coverage sequence resetup: render_only=true project_flag=false render_engine=true
[1790138657] sequence (re)setup: observation deferred
[1790138657] coverage sequence resetup: render_only=true project_flag=false render_engine=true
[1790138657] sequence (re)setup: observation deferred
[1790138657] coverage sequence resetup: render_only=true project_flag=false render_engine=true
[1790138657] sequence (re)setup: observation deferred
[1790138657] coverage sequence resetup: render_only=true project_flag=false render_engine=true
[1790138657] sequence (re)setup: observation deferred
[1790138657] coverage sequence resetup: render_only=true project_flag=true render_engine=true
[1790138657] sequence (re)setup: observation deferred
[1790138657] coverage sequence resetup: render_only=true project_flag=true render_engine=true
[1790138657] sequence (re)setup: observation deferred
[1790138657] coverage sequence resetup: render_only=true project_flag=true render_engine=true
[1790138657] sequence (re)setup: observation deferred
[1790138657] coverage sequence resetup: render_only=true project_flag=true render_engine=true
[1790138657] sequence (re)setup: observation deferred
[1790138657] coverage sequence resetup: render_only=true project_flag=true render_engine=true
[1790138657] sequence (re)setup: observation deferred
[1790138658] smart cmd (render=false): seq_raw_null=true const_seq_ok=true
[1790138658] definition rebuilt from snapshot
[1790138658] gpu ready: adapter="NVIDIA GeForce RTX 5080" backend=Dx12 driver="32.0.16.1088 "
[1790138658] smart geometry: logical=800x600 downsample=1/1x1/1 request=PF_LRect { left: 0, top: 0, right: 800, bottom: 600 } upstream=Rect { left: 0, top: 0, right: 800, bottom: 600 } frame=Rect { left: 0, top: 0, right: 800, bottom: 600 } canvas=Rect { left: 0, top: 0, right: 800, bottom: 600 }
[1790138658] smart cmd (render=false): seq_raw_null=true const_seq_ok=true
[1790138658] smart geometry: logical=800x600 downsample=1/1x1/1 request=PF_LRect { left: 200, top: 150, right: 600, bottom: 500 } upstream=Rect { left: 0, top: 0, right: 800, bottom: 600 } frame=Rect { left: 0, top: 0, right: 800, bottom: 600 } canvas=Rect { left: 0, top: 0, right: 800, bottom: 600 }
[1790138658] smart cmd (render=true): seq_raw_null=true const_seq_ok=true
[1790138658] layer 1: no pixels (selector unset?)
[1790138658] coverage gate refused: E60 state=238575237021379 certificate=0
[1790138658] status: compiled: 1 pass, 1 params
[1790138658] slots configured: 1 bound (names_ok=true, visibility_ok=true)
[1790138658] ui publication: param=426, language=Some(LanguageId(1)), token=388347107668805, plan=303880636715951, code=E0
[1790138658] status: compiled: 1 pass, 1 params
[1790138658] slots configured: 1 bound (names_ok=true, visibility_ok=true)
[1790138658] ui publication: param=426, language=Some(LanguageId(1)), token=388347107668805, plan=303880636715951, code=E0
[1790138658] status: compiled: 1 pass, 1 params
[1790138658] slots configured: 1 bound (names_ok=true, visibility_ok=true)
[1790138658] ui publication: param=426, language=Some(LanguageId(1)), token=388347107668805, plan=303880636715951, code=E0
[1790138658] status: compiled: 1 pass, 1 params
[1790138658] slots configured: 1 bound (names_ok=true, visibility_ok=true)
[1790138658] ui publication: param=426, language=Some(LanguageId(1)), token=388347107668805, plan=303880636715951, code=E0
