[1790138311] registered with AEGP at global setup
[1790138311] AEGP idle hook registered
[1790138311] params setup: ADR-0013 topology
[1790138311] params setup: complete
[1790138311] coverage sequence resetup: render_only=true project_flag=false render_engine=true
[1790138311] sequence (re)setup: observation deferred
[1790138311] coverage sequence resetup: render_only=true project_flag=false render_engine=true
[1790138311] sequence (re)setup: observation deferred
[1790138311] coverage sequence resetup: render_only=true project_flag=false render_engine=true
[1790138311] sequence (re)setup: observation deferred
[1790138311] coverage sequence resetup: render_only=true project_flag=false render_engine=true
[1790138311] sequence (re)setup: observation deferred
[1790138311] coverage sequence resetup: render_only=true project_flag=false render_engine=true
[1790138311] sequence (re)setup: observation deferred
[1790138311] coverage sequence resetup: render_only=true project_flag=true render_engine=true
[1790138311] sequence (re)setup: observation deferred
[1790138311] coverage sequence resetup: render_only=true project_flag=true render_engine=true
[1790138311] sequence (re)setup: observation deferred
[1790138311] coverage sequence resetup: render_only=true project_flag=true render_engine=true
[1790138311] sequence (re)setup: observation deferred
[1790138311] coverage sequence resetup: render_only=true project_flag=true render_engine=true
[1790138311] sequence (re)setup: observation deferred
[1790138311] coverage sequence resetup: render_only=true project_flag=true render_engine=true
[1790138311] sequence (re)setup: observation deferred
[1790138312] smart cmd (render=false): seq_raw_null=true const_seq_ok=true
[1790138312] definition rebuilt from snapshot
[1790138312] gpu ready: adapter="NVIDIA GeForce RTX 5080" backend=Dx12 driver="32.0.16.1088 "
[1790138312] smart geometry: logical=800x600 downsample=1/1x1/1 request=PF_LRect { left: 0, top: 0, right: 800, bottom: 600 } upstream=Rect { left: 0, top: 0, right: 800, bottom: 600 } frame=Rect { left: 0, top: 0, right: 800, bottom: 600 } canvas=Rect { left: 0, top: 0, right: 800, bottom: 600 }
[1790138312] smart cmd (render=false): seq_raw_null=true const_seq_ok=true
[1790138312] smart geometry: logical=800x600 downsample=1/1x1/1 request=PF_LRect { left: 200, top: 150, right: 600, bottom: 500 } upstream=Rect { left: 0, top: 0, right: 800, bottom: 600 } frame=Rect { left: 0, top: 0, right: 800, bottom: 600 } canvas=Rect { left: 0, top: 0, right: 800, bottom: 600 }
[1790138312] smart cmd (render=true): seq_raw_null=true const_seq_ok=true
[1790138312] layer 1: 800x600 stride 12800
[1790138312] render enter: Some(F32) in=800x600 out=400x350 win=(200,150) token=97086776917201 compiled=true snap=true t=0 step=1024 lstep=1024 scale=25600
[1790138312] pipelines built: 1 pass(es), plan 1 step(s), 0 physical intermediate(s) (~0 KiB transient at 400x350, Rgba32Float working format) (adapter="NVIDIA GeForce RTX 5080" backend=Dx12 driver="32.0.16.1088 ")
[1790138312] execute_plan ok
[1790138312] status: compiled: 1 pass, 1 params
[1790138312] slots configured: 1 bound (names_ok=true, visibility_ok=true)
[1790138312] ui publication: param=426, language=Some(LanguageId(1)), token=388347107668805, plan=303880636715951, code=E0
[1790138312] status: compiled: 1 pass, 1 params
[1790138312] slots configured: 1 bound (names_ok=true, visibility_ok=true)
[1790138312] ui publication: param=426, language=Some(LanguageId(1)), token=388347107668805, plan=303880636715951, code=E0
[1790138312] status: compiled: 1 pass, 1 params
[1790138312] slots configured: 1 bound (names_ok=true, visibility_ok=true)
[1790138312] ui publication: param=426, language=Some(LanguageId(1)), token=388347107668805, plan=303880636715951, code=E0
[1790138312] status: compiled: 1 pass, 1 params
[1790138312] slots configured: 1 bound (names_ok=true, visibility_ok=true)
[1790138312] ui publication: param=426, language=Some(LanguageId(1)), token=388347107668805, plan=303880636715951, code=E0
[1790138312] status: compiled: 1 pass, 1 params
[1790138312] slots configured: 1 bound (names_ok=true, visibility_ok=true)
[1790138312] ui publication: param=426, language=Some(LanguageId(1)), token=388347107668805, plan=303880636715951, code=E0
