   Compiling dynamicfx v0.1.1 (<workspace>)
warning: enum `Stage` is never used
  --> src\host\coverage.rs:18:10
   |
18 | pub enum Stage { Source, Masks, Effects }
   |          ^^^^^
   |
   = note: `#[warn(dead_code)]` (part of `#[warn(unused)]`) on by default

warning: method `value` is never used
  --> src\host\coverage.rs:21:8
   |
20 | impl Stage {
   | ---------- method in this implementation
21 |     fn value(self) -> i32 {
   |        ^^^^^

warning: struct `Binding` is never constructed
  --> src\host\coverage.rs:27:12
   |
27 | pub struct Binding { pub layer: i32, pub stage: i32 }
   |            ^^^^^^^

warning: enum `BindingError` is never used
  --> src\host\coverage.rs:30:10
   |
30 | pub enum BindingError { BridgeUnavailable, WrongThread, InvalidArgument, Host(i32) }
   |          ^^^^^^^^^^^^

warning: struct `StageAccess` is never constructed
  --> src\host\coverage.rs:32:12
   |
32 | pub struct StageAccess<'a> {
   |            ^^^^^^^^^^^

warning: associated items `new`, `read`, `set`, and `call` are never used
  --> src\host\coverage.rs:48:19
   |
45 | impl<'a> StageAccess<'a> {
   | ------------------------ associated items in this implementation
...
48 |     pub unsafe fn new(basic: &'a sys::SPBasicSuite, plugin_id: i32,
   |                   ^^^
...
59 |     pub unsafe fn read(&self, effect: sys::AEGP_EffectRefH, index: i32) -> Result<Binding, BindingError> {
   |                   ^^^^
...
64 |     pub unsafe fn set(&self, effect: sys::AEGP_EffectRefH, index: i32,
   |                   ^^^
...
69 |     unsafe fn call(&self, effect: sys::AEGP_EffectRefH, index: i32,
   |               ^^^^

warning: function `dynamicfx_coverage_binding` is never used
  --> src\host\coverage.rs:40:8
   |
40 |     fn dynamicfx_coverage_binding(basic: *const sys::SPBasicSuite, id: i32,
   |        ^^^^^^^^^^^^^^^^^^^^^^^^^^

warning: `dynamicfx` (lib) generated 7 warnings
    Finished `release` profile [optimized] target(s) in 7.00s
